<html>
<body>
<pre>
<h1>µVision Build Log</h1>
<h2>Tool Versions:</h2>
IDE-Version: µVision V5.30.0.0
Copyright (C) 2020 ARM Ltd and ARM Germany GmbH. All rights reserved.
License Information: Andersen Talgat, user, LIC=X96CK-Z981F-FW22N-YVWSI-1SV4H-9FY88
 
Tool Versions:
Toolchain:       MDK-ARM Plus  Version: 5.30.0.0
Toolchain Path:  C:\Keil_v5\ARM\ARMCC\Bin
C Compiler:      Armcc.exe V5.06 update 6 (build 750)
Assembler:       Armasm.exe V5.06 update 6 (build 750)
Linker/Locator:  ArmLink.exe V5.06 update 6 (build 750)
Library Manager: ArmAr.exe V5.06 update 6 (build 750)
Hex Converter:   FromElf.exe V5.06 update 6 (build 750)
CPU DLL:         SARMCM3.DLL V5.30.0.0
Dialog DLL:      DCM.DLL V1.17.3.0
Target DLL:      STLink\ST-LINKIII-KEIL_SWO.dll V3.0.7.0
Dialog DLL:      TCM.DLL V1.42.0.0
 
<h2>Project:</h2>
C:\Users\ŒŒŒ œ–Œ≈ “-—Â‚ËÒ\Desktop\1 ó ÍÓÔËˇ\MDK-ARM\datchick.uvprojx
Project File Date:  08/26/2022

<h2>Output:</h2>
*** Using Compiler 'V5.06 update 6 (build 750)', folder: 'C:\Keil_v5\ARM\ARMCC\Bin'
Build target 'datchick'
compiling main.c...
../Core/Src/main.c(804): warning:  #940-D: missing return statement at end of non-void function "getResistance" 
  }
../Core/Src/main.c(920): warning:  #177-D: variable "currentModule_prev"  was declared but never referenced
        uint8_t currentModule_prev =255;
../Core/Src/main.c(921): warning:  #177-D: variable "init_needed"  was declared but never referenced
        _Bool init_needed=0;
../Core/Src/main.c: 3 warnings, 0 errors
linking...
Program Size: Code=21158 RO-data=294 RW-data=444 ZI-data=6460  
FromELF: creating hex file...
"datchick\datchick.axf" - 0 Error(s), 3 Warning(s).

<h2>Software Packages used:</h2>

Package Vendor: ARM
                http://www.keil.com/pack/ARM.CMSIS.5.7.0.pack
                ARM.CMSIS.5.7.0
                CMSIS (Cortex Microcontroller Software Interface Standard)
   * Component: CORE Version: 5.4.0

Package Vendor: Keil
                http://www.keil.com/pack/Keil.STM32F1xx_DFP.2.3.0.pack
                Keil.STM32F1xx_DFP.2.3.0
                STMicroelectronics STM32F1 Series Device Support, Drivers and Examples

<h2>Collection of Component include folders:</h2>
  .\RTE\_datchick
  C:\Users\ŒŒŒ œ–Œ≈ “-—Â‚ËÒ\AppData\Local\Arm\Packs\ARM\CMSIS\5.7.0\CMSIS\Core\Include
  C:\Users\ŒŒŒ œ–Œ≈ “-—Â‚ËÒ\AppData\Local\Arm\Packs\Keil\STM32F1xx_DFP\2.3.0\Device\Include

<h2>Collection of Component Files used:</h2>

   * Component: ARM::CMSIS:CORE:5.4.0
      Include file:  CMSIS\Core\Include\tz_context.h
Build Time Elapsed:  00:00:10
</pre>
</body>
</html>
