Component: ARM Compiler 5.06 update 7 (build 960) Tool: armlink [4d3601]

==============================================================================

Section Cross References

    startup_stm32f103xb.o(STACK) refers (Special) to heapauxi.o(.text) for __use_two_region_memory
    startup_stm32f103xb.o(HEAP) refers (Special) to heapauxi.o(.text) for __use_two_region_memory
    startup_stm32f103xb.o(RESET) refers (Special) to heapauxi.o(.text) for __use_two_region_memory
    startup_stm32f103xb.o(RESET) refers to startup_stm32f103xb.o(STACK) for __initial_sp
    startup_stm32f103xb.o(RESET) refers to startup_stm32f103xb.o(.text) for Reset_Handler
    startup_stm32f103xb.o(RESET) refers to stm32f1xx_it.o(i.NMI_Handler) for NMI_Handler
    startup_stm32f103xb.o(RESET) refers to stm32f1xx_it.o(i.HardFault_Handler) for HardFault_Handler
    startup_stm32f103xb.o(RESET) refers to stm32f1xx_it.o(i.MemManage_Handler) for MemManage_Handler
    startup_stm32f103xb.o(RESET) refers to stm32f1xx_it.o(i.BusFault_Handler) for BusFault_Handler
    startup_stm32f103xb.o(RESET) refers to stm32f1xx_it.o(i.UsageFault_Handler) for UsageFault_Handler
    startup_stm32f103xb.o(RESET) refers to stm32f1xx_it.o(i.SVC_Handler) for SVC_Handler
    startup_stm32f103xb.o(RESET) refers to stm32f1xx_it.o(i.DebugMon_Handler) for DebugMon_Handler
    startup_stm32f103xb.o(RESET) refers to stm32f1xx_it.o(i.PendSV_Handler) for PendSV_Handler
    startup_stm32f103xb.o(RESET) refers to stm32f1xx_it.o(i.SysTick_Handler) for SysTick_Handler
    startup_stm32f103xb.o(RESET) refers to stm32f1xx_it.o(i.EXTI0_IRQHandler) for EXTI0_IRQHandler
    startup_stm32f103xb.o(RESET) refers to stm32f1xx_it.o(i.EXTI1_IRQHandler) for EXTI1_IRQHandler
    startup_stm32f103xb.o(RESET) refers to stm32f1xx_it.o(i.USB_LP_CAN1_RX0_IRQHandler) for USB_LP_CAN1_RX0_IRQHandler
    startup_stm32f103xb.o(RESET) refers to stm32f1xx_it.o(i.EXTI9_5_IRQHandler) for EXTI9_5_IRQHandler
    startup_stm32f103xb.o(RESET) refers to stm32f1xx_it.o(i.TIM1_UP_IRQHandler) for TIM1_UP_IRQHandler
    startup_stm32f103xb.o(RESET) refers to stm32f1xx_it.o(i.EXTI15_10_IRQHandler) for EXTI15_10_IRQHandler
    startup_stm32f103xb.o(.text) refers (Special) to heapauxi.o(.text) for __use_two_region_memory
    startup_stm32f103xb.o(.text) refers to system_stm32f1xx.o(i.SystemInit) for SystemInit
    startup_stm32f103xb.o(.text) refers to __main.o(!!!main) for __main
    startup_stm32f103xb.o(.text) refers to startup_stm32f103xb.o(HEAP) for Heap_Mem
    startup_stm32f103xb.o(.text) refers to startup_stm32f103xb.o(STACK) for Stack_Mem
    bmp180.o(i.BMP180_GetPress) refers to bmp180.o(i.Get_UPress) for Get_UPress
    bmp180.o(i.BMP180_GetPress) refers to dflt_clz.o(x$fpl$dfltu) for __aeabi_ui2d
    bmp180.o(i.BMP180_GetPress) refers to ddiv.o(x$fpl$ddiv) for __aeabi_ddiv
    bmp180.o(i.BMP180_GetPress) refers to dflt_clz.o(x$fpl$dflt) for __aeabi_i2d
    bmp180.o(i.BMP180_GetPress) refers to dmul.o(x$fpl$dmul) for __aeabi_dmul
    bmp180.o(i.BMP180_GetPress) refers to dfix.o(x$fpl$dfix) for __aeabi_d2iz
    bmp180.o(i.BMP180_GetPress) refers to dfixu.o(x$fpl$dfixu) for __aeabi_d2uiz
    bmp180.o(i.BMP180_GetPress) refers to fflt_clz.o(x$fpl$ffltu) for __aeabi_ui2f
    bmp180.o(i.BMP180_GetPress) refers to f2d.o(x$fpl$f2d) for __aeabi_f2d
    bmp180.o(i.BMP180_GetPress) refers to fmul.o(x$fpl$fmul) for __aeabi_fmul
    bmp180.o(i.BMP180_GetPress) refers to daddsub_clz.o(x$fpl$dadd) for __aeabi_dadd
    bmp180.o(i.BMP180_GetPress) refers to d2f.o(x$fpl$d2f) for __aeabi_d2f
    bmp180.o(i.BMP180_GetPress) refers to bmp180.o(.data) for .data
    bmp180.o(i.Get_UPress) refers to stm32f1xx_hal_i2c.o(i.HAL_I2C_Mem_Write) for HAL_I2C_Mem_Write
    bmp180.o(i.Get_UPress) refers to stm32f1xx_hal.o(i.HAL_Delay) for HAL_Delay
    bmp180.o(i.Get_UPress) refers to stm32f1xx_hal_i2c.o(i.HAL_I2C_Mem_Read) for HAL_I2C_Mem_Read
    bmp180.o(i.Get_UPress) refers to i2c.o(.bss) for hi2c1
    bmp180.o(i.read_calliberation_data) refers to rt_memclr_w.o(.text) for __aeabi_memclr4
    bmp180.o(i.read_calliberation_data) refers to stm32f1xx_hal_i2c.o(i.HAL_I2C_Mem_Read) for HAL_I2C_Mem_Read
    bmp180.o(i.read_calliberation_data) refers to i2c.o(.bss) for hi2c1
    bmp180.o(i.read_calliberation_data) refers to bmp180.o(.data) for .data
    ds18b20.o(i.DelayMicro) refers to system_stm32f1xx.o(.data) for SystemCoreClock
    ds18b20.o(i.ds18b20_Convert) refers to fflt_clz.o(x$fpl$ffltu) for __aeabi_ui2f
    ds18b20.o(i.ds18b20_Convert) refers to scalbnf.o(x$fpl$scalbnf) for __ARM_scalbnf
    ds18b20.o(i.ds18b20_Convert) refers to faddsub_clz.o(x$fpl$fadd) for __aeabi_fadd
    ds18b20.o(i.ds18b20_MeasureTemperCmd) refers to ds18b20.o(i.ds18b20_Reset) for ds18b20_Reset
    ds18b20.o(i.ds18b20_MeasureTemperCmd) refers to ds18b20.o(i.ds18b20_WriteByte) for ds18b20_WriteByte
    ds18b20.o(i.ds18b20_ReadBit) refers to ds18b20.o(i.DelayMicro) for DelayMicro
[...]
    BusFault_Handler                         0x080017b9   Thumb Code     2  stm32f1xx_it.o(i.BusFault_Handler)
    CDC_Transmit_FS                          0x08001801   Thumb Code    38  usbd_cdc_if.o(i.CDC_Transmit_FS)
    DebugMon_Handler                         0x0800182d   Thumb Code     2  stm32f1xx_it.o(i.DebugMon_Handler)
    EXTI0_IRQHandler                         0x08001859   Thumb Code     6  stm32f1xx_it.o(i.EXTI0_IRQHandler)
    EXTI15_10_IRQHandler                     0x0800185f   Thumb Code     8  stm32f1xx_it.o(i.EXTI15_10_IRQHandler)
    EXTI1_IRQHandler                         0x08001867   Thumb Code     6  stm32f1xx_it.o(i.EXTI1_IRQHandler)
    EXTI9_5_IRQHandler                       0x0800186d   Thumb Code    20  stm32f1xx_it.o(i.EXTI9_5_IRQHandler)
    Error_Handler                            0x08001881   Thumb Code     4  main.o(i.Error_Handler)
    Get_UPress                               0x08001885   Thumb Code   132  bmp180.o(i.Get_UPress)
    HAL_ADC_ConfigChannel                    0x0800190d   Thumb Code   240  stm32f1xx_hal_adc.o(i.HAL_ADC_ConfigChannel)
    HAL_ADC_GetValue                         0x08001a09   Thumb Code     6  stm32f1xx_hal_adc.o(i.HAL_ADC_GetValue)
    HAL_ADC_Init                             0x08001a11   Thumb Code   272  stm32f1xx_hal_adc.o(i.HAL_ADC_Init)
    HAL_ADC_MspInit                          0x08001b2d   Thumb Code    76  adc.o(i.HAL_ADC_MspInit)
    HAL_ADC_PollForConversion                0x08001b85   Thumb Code   304  stm32f1xx_hal_adc.o(i.HAL_ADC_PollForConversion)
    HAL_ADC_Start                            0x08001cc1   Thumb Code   184  stm32f1xx_hal_adc.o(i.HAL_ADC_Start)
    HAL_ADC_Stop                             0x08001d81   Thumb Code    52  stm32f1xx_hal_adc.o(i.HAL_ADC_Stop)
    HAL_Delay                                0x08001db5   Thumb Code    32  stm32f1xx_hal.o(i.HAL_Delay)
    HAL_GPIO_DeInit                          0x08001dd9   Thumb Code   228  stm32f1xx_hal_gpio.o(i.HAL_GPIO_DeInit)
    HAL_GPIO_EXTI_Callback                   0x08001ed5   Thumb Code   138  main.o(i.HAL_GPIO_EXTI_Callback)
    HAL_GPIO_EXTI_IRQHandler                 0x08001f69   Thumb Code    18  stm32f1xx_hal_gpio.o(i.HAL_GPIO_EXTI_IRQHandler)
    HAL_GPIO_Init                            0x08001f81   Thumb Code   446  stm32f1xx_hal_gpio.o(i.HAL_GPIO_Init)
    HAL_GPIO_ReadPin                         0x08002161   Thumb Code    10  stm32f1xx_hal_gpio.o(i.HAL_GPIO_ReadPin)
    HAL_GPIO_WritePin                        0x0800216b   Thumb Code    10  stm32f1xx_hal_gpio.o(i.HAL_GPIO_WritePin)
    HAL_GetTick                              0x08002175   Thumb Code     6  stm32f1xx_hal.o(i.HAL_GetTick)
    HAL_I2C_Init                             0x08002181   Thumb Code   376  stm32f1xx_hal_i2c.o(i.HAL_I2C_Init)
    HAL_I2C_Master_Receive                   0x08002309   Thumb Code   564  stm32f1xx_hal_i2c.o(i.HAL_I2C_Master_Receive)
    HAL_I2C_Master_Transmit                  0x0800254d   Thumb Code   290  stm32f1xx_hal_i2c.o(i.HAL_I2C_Master_Transmit)
    HAL_I2C_Mem_Read                         0x08002679   Thumb Code   574  stm32f1xx_hal_i2c.o(i.HAL_I2C_Mem_Read)
    HAL_I2C_Mem_Write                        0x080028c9   Thumb Code   294  stm32f1xx_hal_i2c.o(i.HAL_I2C_Mem_Write)
    HAL_I2C_MspInit                          0x080029f9   Thumb Code    80  i2c.o(i.HAL_I2C_MspInit)
    HAL_IncTick                              0x08002a55   Thumb Code    12  stm32f1xx_hal.o(i.HAL_IncTick)
    HAL_Init                                 0x08002a65   Thumb Code    32  stm32f1xx_hal.o(i.HAL_Init)
    HAL_InitTick                             0x08002a89   Thumb Code    54  stm32f1xx_hal.o(i.HAL_InitTick)
    HAL_MspInit                              0x08002ac9   Thumb Code    52  stm32f1xx_hal_msp.o(i.HAL_MspInit)
    HAL_NVIC_DisableIRQ                      0x08002b05   Thumb Code    34  stm32f1xx_hal_cortex.o(i.HAL_NVIC_DisableIRQ)
    HAL_NVIC_EnableIRQ                       0x08002b27   Thumb Code    26  stm32f1xx_hal_cortex.o(i.HAL_NVIC_EnableIRQ)
    HAL_NVIC_SetPriority                     0x08002b41   Thumb Code    60  stm32f1xx_hal_cortex.o(i.HAL_NVIC_SetPriority)
    HAL_NVIC_SetPriorityGrouping             0x08002b81   Thumb Code    26  stm32f1xx_hal_cortex.o(i.HAL_NVIC_SetPriorityGrouping)
    HAL_PCDEx_PMAConfig                      0x08002ba5   Thumb Code    60  stm32f1xx_hal_pcd_ex.o(i.HAL_PCDEx_PMAConfig)
    HAL_PCDEx_SetConnectionState             0x08002be1   Thumb Code     2  usbd_conf.o(i.HAL_PCDEx_SetConnectionState)
    HAL_PCD_DataInStageCallback              0x08002be3   Thumb Code    18  usbd_conf.o(i.HAL_PCD_DataInStageCallback)
    HAL_PCD_DataOutStageCallback             0x08002bf5   Thumb Code    20  usbd_conf.o(i.HAL_PCD_DataOutStageCallback)
    HAL_PCD_EP_Close                         0x08002c09   Thumb Code    76  stm32f1xx_hal_pcd.o(i.HAL_PCD_EP_Close)
    HAL_PCD_EP_ClrStall                      0x08002c55   Thumb Code    92  stm32f1xx_hal_pcd.o(i.HAL_PCD_EP_ClrStall)
    HAL_PCD_EP_GetRxCount                    0x080030c7   Thumb Code    18  stm32f1xx_hal_pcd.o(i.HAL_PCD_EP_GetRxCount)
    HAL_PCD_EP_Open                          0x080030d9   Thumb Code    96  stm32f1xx_hal_pcd.o(i.HAL_PCD_EP_Open)
    HAL_PCD_EP_Receive                       0x08003139   Thumb Code    50  stm32f1xx_hal_pcd.o(i.HAL_PCD_EP_Receive)
    HAL_PCD_EP_SetStall                      0x0800316b   Thumb Code   114  stm32f1xx_hal_pcd.o(i.HAL_PCD_EP_SetStall)
    HAL_PCD_EP_Transmit                      0x080031dd   Thumb Code    52  stm32f1xx_hal_pcd.o(i.HAL_PCD_EP_Transmit)
    HAL_PCD_IRQHandler                       0x08003211   Thumb Code   340  stm32f1xx_hal_pcd.o(i.HAL_PCD_IRQHandler)
    HAL_PCD_Init                             0x08003365   Thumb Code   218  stm32f1xx_hal_pcd.o(i.HAL_PCD_Init)
    HAL_PCD_MspInit                          0x08003441   Thumb Code    50  usbd_conf.o(i.HAL_PCD_MspInit)
    HAL_PCD_ResetCallback                    0x0800347d   Thumb Code    38  usbd_conf.o(i.HAL_PCD_ResetCallback)
    HAL_PCD_ResumeCallback                   0x080034a3   Thumb Code     8  usbd_conf.o(i.HAL_PCD_ResumeCallback)
    HAL_PCD_SOFCallback                      0x080034ab   Thumb Code     8  usbd_conf.o(i.HAL_PCD_SOFCallback)
    HAL_PCD_SetAddress                       0x080034b3   Thumb Code    40  stm32f1xx_hal_pcd.o(i.HAL_PCD_SetAddress)
    HAL_PCD_SetupStageCallback               0x080034db   Thumb Code    14  usbd_conf.o(i.HAL_PCD_SetupStageCallback)
    HAL_PCD_Start                            0x080034e9   Thumb Code    50  stm32f1xx_hal_pcd.o(i.HAL_PCD_Start)
    HAL_PCD_SuspendCallback                  0x0800351d   Thumb Code    30  usbd_conf.o(i.HAL_PCD_SuspendCallback)
    HAL_RCCEx_GetPeriphCLKFreq               0x08003541   Thumb Code   166  stm32f1xx_hal_rcc_ex.o(i.HAL_RCCEx_GetPeriphCLKFreq)
    HAL_RCCEx_PeriphCLKConfig                0x08003609   Thumb Code   224  stm32f1xx_hal_rcc_ex.o(i.HAL_RCCEx_PeriphCLKConfig)
    HAL_RCC_ClockConfig                      0x080036f5   Thumb Code   280  stm32f1xx_hal_rcc.o(i.HAL_RCC_ClockConfig)
    HAL_RCC_GetPCLK1Freq                     0x08003821   Thumb Code    20  stm32f1xx_hal_rcc.o(i.HAL_RCC_GetPCLK1Freq)
    HAL_RCC_GetPCLK2Freq                     0x08003841   Thumb Code    20  stm32f1xx_hal_rcc.o(i.HAL_RCC_GetPCLK2Freq)
    HAL_RCC_GetSysClockFreq                  0x08003861   Thumb Code    74  stm32f1xx_hal_rcc.o(i.HAL_RCC_GetSysClockFreq)
    HAL_RCC_OscConfig                        0x080038cd   Thumb Code   778  stm32f1xx_hal_rcc.o(i.HAL_RCC_OscConfig)
    HAL_SYSTICK_Config                       0x08003bed   Thumb Code    40  stm32f1xx_hal_cortex.o(i.HAL_SYSTICK_Config)
    HAL_TIMEx_BreakCallback                  0x08003c15   Thumb Code     2  stm32f1xx_hal_tim_ex.o(i.HAL_TIMEx_BreakCallback)
    HAL_TIMEx_CommutCallback                 0x08003c17   Thumb Code     2  stm32f1xx_hal_tim_ex.o(i.HAL_TIMEx_CommutCallback)
    HAL_TIMEx_MasterConfigSynchronization    0x08003c19   Thumb Code    92  stm32f1xx_hal_tim_ex.o(i.HAL_TIMEx_MasterConfigSynchronization)
    HAL_TIM_Base_Start                       0x08003c81   Thumb Code    66  stm32f1xx_hal_tim.o(i.HAL_TIM_Base_Start)
    HAL_TIM_IC_CaptureCallback               0x08003cd1   Thumb Code     2  stm32f1xx_hal_tim.o(i.HAL_TIM_IC_CaptureCallback)
    HAL_TIM_IRQHandler                       0x08003cd3   Thumb Code   358  stm32f1xx_hal_tim.o(i.HAL_TIM_IRQHandler)
    HAL_TIM_OC_DelayElapsedCallback          0x08003e39   Thumb Code     2  stm32f1xx_hal_tim.o(i.HAL_TIM_OC_DelayElapsedCallback)
    HAL_TIM_OnePulse_Init                    0x08003e3b   Thumb Code    86  stm32f1xx_hal_tim.o(i.HAL_TIM_OnePulse_Init)
    HAL_TIM_OnePulse_MspInit                 0x08003e91   Thumb Code    50  tim.o(i.HAL_TIM_OnePulse_MspInit)
    HAL_TIM_PWM_PulseFinishedCallback        0x08003ecd   Thumb Code     2  stm32f1xx_hal_tim.o(i.HAL_TIM_PWM_PulseFinishedCallback)
    HAL_TIM_PeriodElapsedCallback            0x08003ed1   Thumb Code    32  main.o(i.HAL_TIM_PeriodElapsedCallback)
    HAL_TIM_TriggerCallback                  0x08003ef9   Thumb Code     2  stm32f1xx_hal_tim.o(i.HAL_TIM_TriggerCallback)
    HardFault_Handler                        0x08003efb   Thumb Code     2  stm32f1xx_it.o(i.HardFault_Handler)
    Hx711Task                                0x08003efd   Thumb Code   308  main.o(i.Hx711Task)
    MX_ADC1_Init                             0x080045d9   Thumb Code   112  adc.o(i.MX_ADC1_Init)
    MX_GPIO_Init                             0x08004651   Thumb Code   392  gpio.o(i.MX_GPIO_Init)
    MX_I2C1_Init                             0x080047f1   Thumb Code    50  i2c.o(i.MX_I2C1_Init)
    MX_TIM1_Init                             0x08004831   Thumb Code    70  tim.o(i.MX_TIM1_Init)
    MX_USB_DEVICE_Init                       0x08004881   Thumb Code    66  usb_device.o(i.MX_USB_DEVICE_Init)
    MemManage_Handler                        0x080048d5   Thumb Code     2  stm32f1xx_it.o(i.MemManage_Handler)
    NMI_Handler                              0x080048d7   Thumb Code     2  stm32f1xx_it.o(i.NMI_Handler)
    PendSV_Handler                           0x08004bed   Thumb Code     2  stm32f1xx_it.o(i.PendSV_Handler)
    SVC_Handler                              0x08004bef   Thumb Code     2  stm32f1xx_it.o(i.SVC_Handler)
    SysTick_Handler                          0x08004bf1   Thumb Code     4  stm32f1xx_it.o(i.SysTick_Handler)
    SystemClock_Config                       0x08004bf5   Thumb Code   124  main.o(i.SystemClock_Config)
    SystemInit                               0x08004c71   Thumb Code     2  system_stm32f1xx.o(i.SystemInit)
    TIM1_UP_IRQHandler                       0x08004c75   Thumb Code     6  stm32f1xx_it.o(i.TIM1_UP_IRQHandler)
    TIM_Base_SetConfig                       0x08004c81   Thumb Code    94  stm32f1xx_hal_tim.o(i.TIM_Base_SetConfig)
    USBD_CDC_GetDeviceQualifierDescriptor    0x08004dc9   Thumb Code     8  usbd_cdc.o(i.USBD_CDC_GetDeviceQualifierDescriptor)
    USBD_CDC_ReceivePacket                   0x08004e8d   Thumb Code    40  usbd_cdc.o(i.USBD_CDC_ReceivePacket)
    USBD_CDC_RegisterInterface               0x08004eb5   Thumb Code    16  usbd_cdc.o(i.USBD_CDC_RegisterInterface)
    USBD_CDC_SetRxBuffer                     0x08004ec5   Thumb Code    12  usbd_cdc.o(i.USBD_CDC_SetRxBuffer)
    USBD_CDC_SetTxBuffer                     0x08004ed1   Thumb Code    16  usbd_cdc.o(i.USBD_CDC_SetTxBuffer)
    USBD_CDC_TransmitPacket                  0x08004f8d   Thumb Code    54  usbd_cdc.o(i.USBD_CDC_TransmitPacket)
    USBD_ClrClassConfig                      0x08004fc3   Thumb Code    14  usbd_core.o(i.USBD_ClrClassConfig)
    USBD_CtlContinueRx                       0x08004fd1   Thumb Code    16  usbd_ioreq.o(i.USBD_CtlContinueRx)
    USBD_CtlContinueSendData                 0x08004fe1   Thumb Code    16  usbd_ioreq.o(i.USBD_CtlContinueSendData)
    USBD_CtlError                            0x08004ff1   Thumb Code    22  usbd_ctlreq.o(i.USBD_CtlError)
    USBD_CtlPrepareRx                        0x08005007   Thumb Code    30  usbd_ioreq.o(i.USBD_CtlPrepareRx)
    USBD_CtlReceiveStatus                    0x08005025   Thumb Code    22  usbd_ioreq.o(i.USBD_CtlReceiveStatus)
    USBD_CtlSendData                         0x0800503b   Thumb Code    26  usbd_ioreq.o(i.USBD_CtlSendData)
    USBD_CtlSendStatus                       0x08005055   Thumb Code    22  usbd_ioreq.o(i.USBD_CtlSendStatus)
    USBD_FS_ConfigStrDescriptor              0x0800506d   Thumb Code    16  usbd_desc.o(i.USBD_FS_ConfigStrDescriptor)
    USBD_FS_DeviceDescriptor                 0x0800508d   Thumb Code     8  usbd_desc.o(i.USBD_FS_DeviceDescriptor)
    USBD_FS_InterfaceStrDescriptor           0x08005099   Thumb Code    16  usbd_desc.o(i.USBD_FS_InterfaceStrDescriptor)
    USBD_FS_LangIDStrDescriptor              0x080050bd   Thumb Code     8  usbd_desc.o(i.USBD_FS_LangIDStrDescriptor)
    USBD_FS_ManufacturerStrDescriptor        0x080050c9   Thumb Code    16  usbd_desc.o(i.USBD_FS_ManufacturerStrDescriptor)
    USBD_FS_ProductStrDescriptor             0x080050f1   Thumb Code    16  usbd_desc.o(i.USBD_FS_ProductStrDescriptor)
    USBD_FS_SerialStrDescriptor              0x0800511d   Thumb Code    48  usbd_desc.o(i.USBD_FS_SerialStrDescriptor)
    USBD_GetString                           0x0800523d   Thumb Code    72  usbd_ctlreq.o(i.USBD_GetString)
    USBD_Init                                0x0800529d   Thumb Code    42  usbd_core.o(i.USBD_Init)
    USBD_LL_ClearStallEP                     0x080052c7   Thumb Code    18  usbd_conf.o(i.USBD_LL_ClearStallEP)
    USBD_LL_CloseEP                          0x080052d9   Thumb Code    18  usbd_conf.o(i.USBD_LL_CloseEP)
    USBD_LL_DataInStage                      0x080052eb   Thumb Code   198  usbd_core.o(i.USBD_LL_DataInStage)
    USBD_LL_DataOutStage                     0x080053b1   Thumb Code   130  usbd_core.o(i.USBD_LL_DataOutStage)
    USBD_LL_GetRxDataSize                    0x08005433   Thumb Code     8  usbd_conf.o(i.USBD_LL_GetRxDataSize)
    USBD_LL_Init                             0x0800543d   Thumb Code   118  usbd_conf.o(i.USBD_LL_Init)
    USBD_LL_IsStallEP                        0x080054bd   Thumb Code    32  usbd_conf.o(i.USBD_LL_IsStallEP)
    USBD_LL_OpenEP                           0x080054dd   Thumb Code    24  usbd_conf.o(i.USBD_LL_OpenEP)
    USBD_LL_PrepareReceive                   0x080054f5   Thumb Code    18  usbd_conf.o(i.USBD_LL_PrepareReceive)
    USBD_LL_Reset                            0x08005507   Thumb Code    80  usbd_core.o(i.USBD_LL_Reset)
    USBD_LL_Resume                           0x08005557   Thumb Code    20  usbd_core.o(i.USBD_LL_Resume)
    USBD_LL_SOF                              0x0800556b   Thumb Code    24  usbd_core.o(i.USBD_LL_SOF)
    USBD_LL_SetSpeed                         0x08005583   Thumb Code     6  usbd_core.o(i.USBD_LL_SetSpeed)
    USBD_LL_SetUSBAddress                    0x08005589   Thumb Code    18  usbd_conf.o(i.USBD_LL_SetUSBAddress)
    USBD_LL_SetupStage                       0x0800559b   Thumb Code    90  usbd_core.o(i.USBD_LL_SetupStage)
    USBD_LL_StallEP                          0x080055f5   Thumb Code    18  usbd_conf.o(i.USBD_LL_StallEP)
    USBD_LL_Start                            0x08005607   Thumb Code    18  usbd_conf.o(i.USBD_LL_Start)
    USBD_LL_Suspend                          0x08005619   Thumb Code    18  usbd_core.o(i.USBD_LL_Suspend)
    USBD_LL_Transmit                         0x0800562b   Thumb Code    18  usbd_conf.o(i.USBD_LL_Transmit)
    USBD_ParseSetupRequest                   0x0800563d   Thumb Code    40  usbd_ctlreq.o(i.USBD_ParseSetupRequest)
    USBD_RegisterClass                       0x08005665   Thumb Code    16  usbd_core.o(i.USBD_RegisterClass)
    USBD_SetClassConfig                      0x08005675   Thumb Code    22  usbd_core.o(i.USBD_SetClassConfig)
    USBD_Start                               0x08005711   Thumb Code    10  usbd_core.o(i.USBD_Start)
    USBD_StdDevReq                           0x0800571b   Thumb Code   274  usbd_ctlreq.o(i.USBD_StdDevReq)
    USBD_StdEPReq                            0x0800582d   Thumb Code   336  usbd_ctlreq.o(i.USBD_StdEPReq)
    USBD_StdItfReq                           0x0800597d   Thumb Code    78  usbd_ctlreq.o(i.USBD_StdItfReq)
    USBD_static_free                         0x080059cb   Thumb Code     2  usbd_conf.o(i.USBD_static_free)
    USBD_static_malloc                       0x080059cd   Thumb Code     4  usbd_conf.o(i.USBD_static_malloc)
    USB_ActivateEndpoint                     0x080059d5   Thumb Code   600  stm32f1xx_ll_usb.o(i.USB_ActivateEndpoint)
    USB_CoreInit                             0x08005c2d   Thumb Code     4  stm32f1xx_ll_usb.o(i.USB_CoreInit)
    USB_DeactivateEndpoint                   0x08005c31   Thumb Code   270  stm32f1xx_ll_usb.o(i.USB_DeactivateEndpoint)
    USB_DevConnect                           0x08005d3f   Thumb Code     4  stm32f1xx_ll_usb.o(i.USB_DevConnect)
    USB_DevDisconnect                        0x08005d43   Thumb Code     4  stm32f1xx_ll_usb.o(i.USB_DevDisconnect)
    USB_DevInit                              0x08005d47   Thumb Code    18  stm32f1xx_ll_usb.o(i.USB_DevInit)
    USB_DisableGlobalInt                     0x08005d59   Thumb Code    14  stm32f1xx_ll_usb.o(i.USB_DisableGlobalInt)
    USB_EP0_OutStart                         0x08005d67   Thumb Code     4  stm32f1xx_ll_usb.o(i.USB_EP0_OutStart)
    USB_EPClearStall                         0x08005d6b   Thumb Code   120  stm32f1xx_ll_usb.o(i.USB_EPClearStall)
    USB_EPSetStall                           0x08005de3   Thumb Code    50  stm32f1xx_ll_usb.o(i.USB_EPSetStall)
    USB_EPStartXfer                          0x08005e15   Thumb Code  1548  stm32f1xx_ll_usb.o(i.USB_EPStartXfer)
    USB_EnableGlobalInt                      0x08006421   Thumb Code    18  stm32f1xx_ll_usb.o(i.USB_EnableGlobalInt)
    USB_LP_CAN1_RX0_IRQHandler               0x08006435   Thumb Code     6  stm32f1xx_it.o(i.USB_LP_CAN1_RX0_IRQHandler)
    USB_ReadInterrupts                       0x08006441   Thumb Code     6  stm32f1xx_ll_usb.o(i.USB_ReadInterrupts)
    USB_ReadPMA                              0x08006449   Thumb Code    44  stm32f1xx_ll_usb.o(i.USB_ReadPMA)
    USB_SetCurrentMode                       0x08006475   Thumb Code     4  stm32f1xx_ll_usb.o(i.USB_SetCurrentMode)
    USB_SetDevAddress                        0x08006479   Thumb Code    12  stm32f1xx_ll_usb.o(i.USB_SetDevAddress)
    USB_WritePMA                             0x08006485   Thumb Code    38  stm32f1xx_ll_usb.o(i.USB_WritePMA)
    UsageFault_Handler                       0x080064ab   Thumb Code     2  stm32f1xx_it.o(i.UsageFault_Handler)
    __ARM_fpclassify                         0x080064ad   Thumb Code    40  fpclassify.o(i.__ARM_fpclassify)
    __kernel_poly                            0x0800650f   Thumb Code   170  poly.o(i.__kernel_poly)
    __mathlib_dbl_divzero                    0x080065b9   Thumb Code    12  dunder.o(i.__mathlib_dbl_divzero)
    __mathlib_dbl_infnan                     0x080065c9   Thumb Code     6  dunder.o(i.__mathlib_dbl_infnan)
    __mathlib_dbl_infnan2                    0x080065cf   Thumb Code     4  dunder.o(i.__mathlib_dbl_infnan2)
    __mathlib_dbl_invalid                    0x080065d3   Thumb Code    12  dunder.o(i.__mathlib_dbl_invalid)
    __mathlib_dbl_overflow                   0x080065df   Thumb Code    14  dunder.o(i.__mathlib_dbl_overflow)
    __mathlib_dbl_underflow                  0x080065ed   Thumb Code    10  dunder.o(i.__mathlib_dbl_underflow)
    _is_digit                                0x080065fd   Thumb Code    14  __printf_wp.o(i._is_digit)
    adcAverage                               0x0800660d   Thumb Code    68  main.o(i.adcAverage)
    adcSeq                                   0x08006659   Thumb Code    40  main.o(i.adcSeq)
    adcSum                                   0x08006689   Thumb Code    48  main.o(i.adcSum)
    averageAdc_for_N_msec                    0x080066c1   Thumb Code    34  main.o(i.averageAdc_for_N_msec)
    clearEXTIs                               0x080066e5   Thumb Code    48  main.o(i.clearEXTIs)
    delayUs                                  0x08006719   Thumb Code    18  main.o(i.delayUs)
    displayFloat                             0x08006735   Thumb Code   300  main.o(i.displayFloat)
    ds18b20_Convert                          0x08006879   Thumb Code    40  ds18b20.o(i.ds18b20_Convert)
    ds18b20_GetSign                          0x080068a1   Thumb Code    12  ds18b20.o(i.ds18b20_GetSign)
    ds18b20_MeasureTemperCmd                 0x080068ad   Thumb Code    26  ds18b20.o(i.ds18b20_MeasureTemperCmd)
    ds18b20_ReadBit                          0x080068c9   Thumb Code    50  ds18b20.o(i.ds18b20_ReadBit)
    ds18b20_ReadByte                         0x08006901   Thumb Code    30  ds18b20.o(i.ds18b20_ReadByte)
    ds18b20_ReadStratcpad                    0x08006921   Thumb Code    44  ds18b20.o(i.ds18b20_ReadStratcpad)
    ds18b20_Reset                            0x0800694d   Thumb Code    60  ds18b20.o(i.ds18b20_Reset)
    ds18b20_WriteBit                         0x0800698d   Thumb Code    50  ds18b20.o(i.ds18b20_WriteBit)
    ds18b20_WriteByte                        0x080069c5   Thumb Code    36  ds18b20.o(i.ds18b20_WriteByte)
    enableExtis                              0x080069e9   Thumb Code    76  main.o(i.enableExtis)
    getAHT20                                 0x08006a39   Thumb Code   110  main.o(i.getAHT20)
    getCOppm                                 0x08006ab5   Thumb Code    76  main.o(i.getCOppm)
    getDS18B20                               0x08006b11   Thumb Code    54  main.o(i.getDS18B20)
    getNitratSensor                          0x08006b4d   Thumb Code    24  main.o(i.getNitratSensor)
    getOxygenPercent                         0x08006b6d   Thumb Code    22  main.o(i.getOxygenPercent)
    getRadSens                               0x08006b8d   Thumb Code   102  radsens.o(i.getRadSens)
    getResistance                            0x08006bfd   Thumb Code   288  main.o(i.getResistance)
    getTempNTC                               0x08006d39   Thumb Code   132  main.o(i.getTempNTC)
    getUVIndex                               0x08006dd9   Thumb Code    56  main.o(i.getUVIndex)
    getValueHX711                            0x08006e21   Thumb Code   138  main.o(i.getValueHX711)
    getVoltage                               0x08006eb1   Thumb Code    22  main.o(i.getVoltage)
    getVoltageCurrent                        0x08006ed1   Thumb Code   186  main.o(i.getVoltageCurrent)
    getluxSens                               0x08006fb1   Thumb Code   114  main.o(i.getluxSens)
    hx711Average                             0x08007035   Thumb Code    48  main.o(i.hx711Average)
    hx711clkPulse                            0x08007065   Thumb Code    40  main.o(i.hx711clkPulse)
    lcMeterTask                              0x08007091   Thumb Code   268  main.o(i.lcMeterTask)
    log                                      0x080071e1   Thumb Code   808  log.o(i.log)
    main                                     0x0800753d   Thumb Code   324  main.o(i.main)
    port_init                                0x0800769d   Thumb Code    42  ds18b20.o(i.port_init)
    pow                                      0x080076cd   Thumb Code  2512  pow.o(i.pow)
    rj45_connectors_recognise                0x080080a5   Thumb Code   164  main.o(i.rj45_connectors_recognise)
    round                                    0x0800814d   Thumb Code   136  round.o(i.round)
    sendByteSPI                              0x080081e1   Thumb Code    82  main.o(i.sendByteSPI)
    sqrt                                     0x08008239   Thumb Code    76  sqrt.o(i.sqrt)
    timerTask                                0x08008285   Thumb Code   380  main.o(i.timerTask)
    waiting_animation                        0x08008429   Thumb Code    94  main.o(i.waiting_animation)
    _get_lc_numeric                          0x0800848d   Thumb Code    44  lc_numeric_c.o(locale$$code)
    __aeabi_d2f                              0x080084b9   Thumb Code     0  d2f.o(x$fpl$d2f)
    _d2f                                     0x080084b9   Thumb Code    98  d2f.o(x$fpl$d2f)
    __aeabi_dadd                             0x0800851d   Thumb Code     0  daddsub_clz.o(x$fpl$dadd)
    _dadd                                    0x0800851d   Thumb Code   332  daddsub_clz.o(x$fpl$dadd)
    __fpl_dcheck_NaN1                        0x0800866d   Thumb Code    10  dcheck1.o(x$fpl$dcheck1)
    __fpl_dcmp_Inf                           0x0800867d   Thumb Code    24  dcmpi.o(x$fpl$dcmpinf)
    __aeabi_ddiv                             0x08008695   Thumb Code     0  ddiv.o(x$fpl$ddiv)
    _ddiv                                    0x08008695   Thumb Code   552  ddiv.o(x$fpl$ddiv)
    __aeabi_cdcmpeq                          0x08008945   Thumb Code     0  deqf.o(x$fpl$deqf)
    _dcmpeq                                  0x08008945   Thumb Code   120  deqf.o(x$fpl$deqf)
    __aeabi_d2iz                             0x080089bd   Thumb Code     0  dfix.o(x$fpl$dfix)
    _dfix                                    0x080089bd   Thumb Code    94  dfix.o(x$fpl$dfix)
    __aeabi_d2uiz                            0x08008a1d   Thumb Code     0  dfixu.o(x$fpl$dfixu)
    _dfixu                                   0x08008a1d   Thumb Code    90  dfixu.o(x$fpl$dfixu)
    __aeabi_i2d                              0x08008a77   Thumb Code     0  dflt_clz.o(x$fpl$dflt)
    _dflt                                    0x08008a77   Thumb Code    46  dflt_clz.o(x$fpl$dflt)
    __aeabi_ui2d                             0x08008aa5   Thumb Code     0  dflt_clz.o(x$fpl$dfltu)
    _dfltu                                   0x08008aa5   Thumb Code    38  dflt_clz.o(x$fpl$dfltu)
    __aeabi_cdcmple                          0x08008acd   Thumb Code     0  dleqf.o(x$fpl$dleqf)
    _dcmple                                  0x08008acd   Thumb Code   120  dleqf.o(x$fpl$dleqf)
    __fpl_dcmple_InfNaN                      0x08008b2f   Thumb Code     0  dleqf.o(x$fpl$dleqf)
    __aeabi_dmul                             0x08008b45   Thumb Code     0  dmul.o(x$fpl$dmul)
    _dmul                                    0x08008b45   Thumb Code   332  dmul.o(x$fpl$dmul)
    __fpl_dnaninf                            0x08008c99   Thumb Code   156  dnaninf.o(x$fpl$dnaninf)
    __fpl_dretinf                            0x08008d35   Thumb Code    12  dretinf.o(x$fpl$dretinf)
    __aeabi_cdrcmple                         0x08008d41   Thumb Code     0  drleqf.o(x$fpl$drleqf)
    _drcmple                                 0x08008d41   Thumb Code   108  drleqf.o(x$fpl$drleqf)
    _drnd                                    0x08008dad   Thumb Code   180  drnd.o(x$fpl$drnd)
    __aeabi_drsub                            0x08008e61   Thumb Code     0  daddsub_clz.o(x$fpl$drsb)
    _drsb                                    0x08008e61   Thumb Code    22  daddsub_clz.o(x$fpl$drsb)
    _dsqrt                                   0x08008e79   Thumb Code   456  dsqrt_noumaal.o(x$fpl$dsqrt)
    __aeabi_dsub                             0x08009045   Thumb Code     0  daddsub_clz.o(x$fpl$dsub)
    _dsub                                    0x08009045   Thumb Code   464  daddsub_clz.o(x$fpl$dsub)
    __aeabi_f2d                              0x08009219   Thumb Code     0  f2d.o(x$fpl$f2d)
    _f2d                                     0x08009219   Thumb Code    86  f2d.o(x$fpl$f2d)
    __aeabi_fadd                             0x08009271   Thumb Code     0  faddsub_clz.o(x$fpl$fadd)
    _fadd                                    0x08009271   Thumb Code   196  faddsub_clz.o(x$fpl$fadd)
    __fpl_fcheck_NaN1                        0x08009335   Thumb Code     6  fcheck1.o(x$fpl$fcheck1)
    __aeabi_fdiv                             0x08009341   Thumb Code     0  fdiv.o(x$fpl$fdiv)
    _fdiv                                    0x08009341   Thumb Code   384  fdiv.o(x$fpl$fdiv)
    __aeabi_i2f                              0x080094c5   Thumb Code     0  fflt_clz.o(x$fpl$fflt)
    _fflt                                    0x080094c5   Thumb Code    48  fflt_clz.o(x$fpl$fflt)
    __aeabi_ui2f                             0x080094f5   Thumb Code     0  fflt_clz.o(x$fpl$ffltu)
    _ffltu                                   0x080094f5   Thumb Code    38  fflt_clz.o(x$fpl$ffltu)
    __aeabi_fmul                             0x0800951d   Thumb Code     0  fmul.o(x$fpl$fmul)
    _fmul                                    0x0800951d   Thumb Code   258  fmul.o(x$fpl$fmul)
    __fpl_fnaninf                            0x0800961f   Thumb Code   140  fnaninf.o(x$fpl$fnaninf)
    __fpl_fretinf                            0x080096ab   Thumb Code    10  fretinf.o(x$fpl$fretinf)
    __aeabi_fsub                             0x080096b5   Thumb Code     0  faddsub_clz.o(x$fpl$fsub)
    _fsub                                    0x080096b5   Thumb Code   234  faddsub_clz.o(x$fpl$fsub)
    _printf_fp_dec                           0x0800979f   Thumb Code     4  printf1.o(x$fpl$printf1)
    __fpl_return_NaN                         0x080097a3   Thumb Code   100  retnan.o(x$fpl$retnan)
    __ARM_scalbn                             0x08009807   Thumb Code    92  scalbn.o(x$fpl$scalbn)
    __ARM_scalbnf                            0x08009863   Thumb Code    76  scalbnf.o(x$fpl$scalbnf)
    __fpl_cmpreturn                          0x080098af   Thumb Code    48  trapv.o(x$fpl$trapveneer)
    AHBPrescTable                            0x080098de   Data          16  system_stm32f1xx.o(.constdata)
    __I$use$fp                               0x080098de   Number         0  usenofp.o(x$fpl$usenofp)
    APBPrescTable                            0x080098ee   Data           8  system_stm32f1xx.o(.constdata)
    __mathlib_zero                           0x080099b8   Data           8  qnan.o(.constdata)
    Region$$Table$$Base                      0x08009a54   Number         0  anon$$obj.o(Region$$Table)
    Region$$Table$$Limit                     0x08009a74   Number         0  anon$$obj.o(Region$$Table)
    AC1                                      0x20000000   Data           2  bmp180.o(.data)
    AC2                                      0x20000002   Data           2  bmp180.o(.data)
    AC3                                      0x20000004   Data           2  bmp180.o(.data)
    AC4                                      0x20000006   Data           2  bmp180.o(.data)
    AC5                                      0x20000008   Data           2  bmp180.o(.data)
    AC6                                      0x2000000a   Data           2  bmp180.o(.data)
    B1                                       0x2000000c   Data           2  bmp180.o(.data)
    B2                                       0x2000000e   Data           2  bmp180.o(.data)
    MB                                       0x20000010   Data           2  bmp180.o(.data)
    MC                                       0x20000012   Data           2  bmp180.o(.data)
    MD                                       0x20000014   Data           2  bmp180.o(.data)
    UP                                       0x20000018   Data           4  bmp180.o(.data)
    X1                                       0x2000001c   Data           4  bmp180.o(.data)
    X2                                       0x20000020   Data           4  bmp180.o(.data)
    B5                                       0x20000024   Data           4  bmp180.o(.data)
    B6                                       0x20000028   Data           4  bmp180.o(.data)
    X3                                       0x2000002c   Data           4  bmp180.o(.data)
    B3                                       0x20000030   Data           4  bmp180.o(.data)
    UT                                       0x20000034   Data           4  bmp180.o(.data)
    B4                                       0x20000038   Data           4  bmp180.o(.data)
    B7                                       0x2000003c   Data           4  bmp180.o(.data)
    Press                                    0x20000040   Data           4  bmp180.o(.data)
    K                                        0x20000048   Data           8  bmp180.o(.data)
    signsAllowed                             0x20000050   Data           1  main.o(.data)
    currentModule                            0x20000051   Data           1  main.o(.data)
    valueOnScreen                            0x20000052   Data           1  main.o(.data)
    time_started                             0x20000053   Data           1  main.o(.data)
    interruptOnSwitch                        0x20000054   Data           1  main.o(.data)
    interruptsCount                          0x20000055   Data           1  main.o(.data)
    intervalOnScreen                         0x20000056   Data           1  main.o(.data)
    irqFlag                                  0x20000057   Data           1  main.o(.data)
    debounceLong                             0x20000058   Data           1  main.o(.data)
    lcMeterStarted                           0x20000059   Data           1  main.o(.data)
    timerStopped                             0x2000005a   Data           1  main.o(.data)
    adcNSamples                              0x2000005c   Data           2  main.o(.data)
    rj45_connected                           0x2000005e   Data           3  main.o(.data)
    shiftBuf                                 0x20000061   Data           3  main.o(.data)
    timeStart                                0x20000064   Data           4  main.o(.data)
    period                                   0x20000068   Data           4  main.o(.data)
    periodLast                               0x2000006c   Data           4  main.o(.data)
    result                                   0x20000070   Data           4  main.o(.data)
    impulseCount                             0x20000074   Data           4  main.o(.data)
    sendTime                                 0x20000078   Data           4  main.o(.data)
    adc                                      0x2000007c   Data           6  main.o(.data)
    FS_Desc                                  0x20000084   Data          28  usbd_desc.o(.data)
    USBD_LangIDDesc                          0x200000a0   Data           4  usbd_desc.o(.data)
    USBD_FS_DeviceDesc                       0x200000a4   Data          18  usbd_desc.o(.data)
    USBD_StringSerial                        0x200000b8   Data          26  usbd_desc.o(.data)
    USBD_Interface_fops_FS                   0x200000d4   Data          16  usbd_cdc_if.o(.data)
    uwTickFreq                               0x200000e4   Data           1  stm32f1xx_hal.o(.data)
    uwTickPrio                               0x200000e8   Data           4  stm32f1xx_hal.o(.data)
    uwTick                                   0x200000ec   Data           4  stm32f1xx_hal.o(.data)
    SystemCoreClock                          0x200000f0   Data           4  system_stm32f1xx.o(.data)
    USBD_CDC_CfgHSDesc                       0x20000104   Data          67  usbd_cdc.o(.data)
    USBD_CDC_CfgFSDesc                       0x20000148   Data          67  usbd_cdc.o(.data)
    USBD_CDC_OtherSpeedCfgDesc               0x2000018c   Data          67  usbd_cdc.o(.data)
    USBD_CDC                                 0x200001d0   Data          56  usbd_cdc.o(.data)
    hx711Value                               0x20000208   Data          12  main.o(.bss)
    offset                                   0x20000214   Data          12  main.o(.bss)
    adcTotal                                 0x20000220   Data          12  main.o(.bss)
    timeInterv                               0x2000022c   Data          40  main.o(.bss)
    numberStr                                0x20000254   Data          10  main.o(.bss)
    bufUsb                                   0x2000025e   Data          20  main.o(.bss)
    hadc1                                    0x20000274   Data          48  adc.o(.bss)
    hi2c1                                    0x200002a4   Data          84  i2c.o(.bss)
    htim1                                    0x200002f8   Data          72  tim.o(.bss)
    hUsbDeviceFS                             0x20000340   Data         708  usb_device.o(.bss)
    USBD_StrDesc                             0x20000604   Data         512  usbd_desc.o(.bss)
    UserRxBufferFS                           0x20000804   Data        1000  usbd_cdc_if.o(.bss)
    UserTxBufferFS                           0x20000bec   Data        1000  usbd_cdc_if.o(.bss)
    hpcd_USB_FS                              0x200011f4   Data         748  usbd_conf.o(.bss)
    __libspace_start                         0x200014e0   Data          96  libspace.o(.bss)
    __temporary_stack_top$libspace           0x20001540   Data           0  libspace.o(.bss)



==============================================================================

Memory Map of the image

  Image Entry point : 0x080000ed

  Load Region LR_IROM1 (Base: 0x08000000, Size: 0x00009c98, Max: 0x00010000, ABSOLUTE, COMPRESSED[0x00009b5c])

    Execution Region ER_IROM1 (Exec base: 0x08000000, Load base: 0x08000000, Size: 0x00009a90, Max: 0x00010000, ABSOLUTE)

    Exec Addr    Load Addr    Size         Type   Attr      Idx    E Section Name        Object

    0x08000000   0x08000000   0x000000ec   Data   RO            3    RESET               startup_stm32f103xb.o
    0x080000ec   0x080000ec   0x00000008   Code   RO         4837  * !!!main             c_w.l(__main.o)
    0x080000f4   0x080000f4   0x00000034   Code   RO         5191    !!!scatter          c_w.l(__scatter.o)
    0x08000128   0x08000128   0x0000005a   Code   RO         5189    !!dczerorl2         c_w.l(__dczerorl2.o)
    0x08000182   0x08000182   0x00000002   PAD
    0x08000184   0x08000184   0x0000001c   Code   RO         5193    !!handler_zi        c_w.l(__scatter_zi.o)
    0x080001a0   0x080001a0   0x00000000   Code   RO         4828    .ARM.Collect$$_printf_percent$$00000000  c_w.l(_printf_percent.o)
    0x080001a0   0x080001a0   0x00000006   Code   RO         4827    .ARM.Collect$$_printf_percent$$00000003  c_w.l(_printf_f.o)
    0x080001a6   0x080001a6   0x00000006   Code   RO         4826    .ARM.Collect$$_printf_percent$$00000009  c_w.l(_printf_d.o)
    0x080001ac   0x080001ac   0x00000004   Code   RO         4928    .ARM.Collect$$_printf_percent$$00000017  c_w.l(_printf_percent_end.o)
    0x080001b0   0x080001b0   0x00000002   Code   RO         5058    .ARM.Collect$$libinit$$00000000  c_w.l(libinit.o)
    0x080001b2   0x080001b2   0x00000000   Code   RO         5060    .ARM.Collect$$libinit$$00000002  c_w.l(libinit2.o)
    0x080001b2   0x080001b2   0x00000000   Code   RO         5062    .ARM.Collect$$libinit$$00000004  c_w.l(libinit2.o)
    0x080001b2   0x080001b2   0x00000000   Code   RO         5065    .ARM.Collect$$libinit$$0000000A  c_w.l(libinit2.o)
    0x080001b2   0x080001b2   0x00000000   Code   RO         5067    .ARM.Collect$$libinit$$0000000C  c_w.l(libinit2.o)
    0x080001b2   0x080001b2   0x00000000   Code   RO         5069    .ARM.Collect$$libinit$$0000000E  c_w.l(libinit2.o)
    0x080001b2   0x080001b2   0x00000006   Code   RO         5070    .ARM.Collect$$libinit$$0000000F  c_w.l(libinit2.o)
    0x080001b8   0x080001b8   0x00000000   Code   RO         5072    .ARM.Collect$$libinit$$00000011  c_w.l(libinit2.o)
    0x080001b8   0x080001b8   0x00000000   Code   RO         5074    .ARM.Collect$$libinit$$00000013  c_w.l(libinit2.o)
    0x080001b8   0x080001b8   0x00000000   Code   RO         5076    .ARM.Collect$$libinit$$00000015  c_w.l(libinit2.o)
    0x080001b8   0x080001b8   0x0000000a   Code   RO         5077    .ARM.Collect$$libinit$$00000016  c_w.l(libinit2.o)
    0x080001c2   0x080001c2   0x00000000   Code   RO         5078    .ARM.Collect$$libinit$$00000017  c_w.l(libinit2.o)
    0x080001c2   0x080001c2   0x00000000   Code   RO         5080    .ARM.Collect$$libinit$$00000019  c_w.l(libinit2.o)
    0x080001c2   0x080001c2   0x00000000   Code   RO         5082    .ARM.Collect$$libinit$$0000001B  c_w.l(libinit2.o)
    0x080001c2   0x080001c2   0x00000000   Code   RO         5084    .ARM.Collect$$libinit$$0000001D  c_w.l(libinit2.o)
    0x080001c2   0x080001c2   0x00000000   Code   RO         5086    .ARM.Collect$$libinit$$0000001F  c_w.l(libinit2.o)
    0x080001c2   0x080001c2   0x00000000   Code   RO         5088    .ARM.Collect$$libinit$$00000021  c_w.l(libinit2.o)
    0x080001c2   0x080001c2   0x00000000   Code   RO         5090    .ARM.Collect$$libinit$$00000023  c_w.l(libinit2.o)
    0x080001c2   0x080001c2   0x00000000   Code   RO         5092    .ARM.Collect$$libinit$$00000025  c_w.l(libinit2.o)
    0x080001c2   0x080001c2   0x00000000   Code   RO         5096    .ARM.Collect$$libinit$$0000002C  c_w.l(libinit2.o)
    0x080001c2   0x080001c2   0x00000000   Code   RO         5098    .ARM.Collect$$libinit$$0000002E  c_w.l(libinit2.o)
    0x080001c2   0x080001c2   0x00000000   Code   RO         5100    .ARM.Collect$$libinit$$00000030  c_w.l(libinit2.o)
    0x080001c2   0x080001c2   0x00000000   Code   RO         5102    .ARM.Collect$$libinit$$00000032  c_w.l(libinit2.o)
    0x080001c2   0x080001c2   0x00000002   Code   RO         5103    .ARM.Collect$$libinit$$00000033  c_w.l(libinit2.o)
    0x080001c4   0x080001c4   0x00000002   Code   RO         5135    .ARM.Collect$$libshutdown$$00000000  c_w.l(libshutdown.o)
    0x080001c6   0x080001c6   0x00000000   Code   RO         5146    .ARM.Collect$$libshutdown$$00000002  c_w.l(libshutdown2.o)
    0x080001c6   0x080001c6   0x00000000   Code   RO         5148    .ARM.Collect$$libshutdown$$00000004  c_w.l(libshutdown2.o)
    0x080001c6   0x080001c6   0x00000000   Code   RO         5150    .ARM.Collect$$libshutdown$$00000006  c_w.l(libshutdown2.o)
    0x080001c6   0x080001c6   0x00000000   Code   RO         5153    .ARM.Collect$$libshutdown$$00000009  c_w.l(libshutdown2.o)
    0x080001c6   0x080001c6   0x00000000   Code   RO         5156    .ARM.Collect$$libshutdown$$0000000C  c_w.l(libshutdown2.o)
    0x080001c6   0x080001c6   0x00000000   Code   RO         5158    .ARM.Collect$$libshutdown$$0000000E  c_w.l(libshutdown2.o)
    0x080001c6   0x080001c6   0x00000000   Code   RO         5161    .ARM.Collect$$libshutdown$$00000011  c_w.l(libshutdown2.o)
    0x080001c6   0x080001c6   0x00000002   Code   RO         5162    .ARM.Collect$$libshutdown$$00000012  c_w.l(libshutdown2.o)
    0x080001c8   0x080001c8   0x00000000   Code   RO         4915    .ARM.Collect$$rtentry$$00000000  c_w.l(__rtentry.o)
    0x080001c8   0x080001c8   0x00000000   Code   RO         4978    .ARM.Collect$$rtentry$$00000002  c_w.l(__rtentry2.o)
    0x080001c8   0x080001c8   0x00000006   Code   RO         4990    .ARM.Collect$$rtentry$$00000004  c_w.l(__rtentry4.o)
    0x080001ce   0x080001ce   0x00000000   Code   RO         4980    .ARM.Collect$$rtentry$$00000009  c_w.l(__rtentry2.o)
    0x080001ce   0x080001ce   0x00000004   Code   RO         4981    .ARM.Collect$$rtentry$$0000000A  c_w.l(__rtentry2.o)
    0x080001d2   0x080001d2   0x00000000   Code   RO         4983    .ARM.Collect$$rtentry$$0000000C  c_w.l(__rtentry2.o)
    0x080001d2   0x080001d2   0x00000008   Code   RO         4984    .ARM.Collect$$rtentry$$0000000D  c_w.l(__rtentry2.o)
    0x080001da   0x080001da   0x00000002   Code   RO         5106    .ARM.Collect$$rtexit$$00000000  c_w.l(rtexit.o)
    0x080001dc   0x080001dc   0x00000000   Code   RO         5113    .ARM.Collect$$rtexit$$00000002  c_w.l(rtexit2.o)
    0x080001dc   0x080001dc   0x00000004   Code   RO         5114    .ARM.Collect$$rtexit$$00000003  c_w.l(rtexit2.o)
    0x080001e0   0x080001e0   0x00000006   Code   RO         5115    .ARM.Collect$$rtexit$$00000004  c_w.l(rtexit2.o)
    0x080001e6   0x080001e6   0x00000002   PAD
    0x080001e8   0x080001e8   0x00000040   Code   RO            4    .text               startup_stm32f103xb.o
    0x08000228   0x08000228   0x00000028   Code   RO         4798    .text               c_w.l(noretval__2sprintf.o)
    0x08000250   0x08000250   0x00000034   Code   RO         4800    .text               c_w.l(noretval__2snprintf.o)
    0x08000284   0x08000284   0x00000078   Code   RO         4804    .text               c_w.l(_printf_dec.o)
    0x080002fc   0x080002fc   0x0000010e   Code   RO         4814    .text               c_w.l(__printf_wp.o)
    0x0800040a   0x0800040a   0x0000003e   Code   RO         4829    .text               c_w.l(strlen.o)
    0x08000448   0x08000448   0x00000064   Code   RO         4831    .text               c_w.l(rt_memcpy_w.o)
    0x080004ac   0x080004ac   0x0000004e   Code   RO         4833    .text               c_w.l(rt_memclr_w.o)
    0x080004fa   0x080004fa   0x00000006   Code   RO         4835    .text               c_w.l(heapauxi.o)
    0x08000500   0x08000500   0x00000016   Code   RO         4916    .text               c_w.l(_rserrno.o)
    0x08000516   0x08000516   0x000000b2   Code   RO         4918    .text               c_w.l(_printf_intcommon.o)
    0x080005c8   0x080005c8   0x0000041e   Code   RO         4920    .text               c_w.l(_printf_fp_dec.o)
    0x080009e6   0x080009e6   0x00000002   PAD
    0x080009e8   0x080009e8   0x00000030   Code   RO         4922    .text               c_w.l(_printf_char_common.o)
    0x08000a18   0x08000a18   0x0000000a   Code   RO         4924    .text               c_w.l(_sputc.o)
    0x08000a22   0x08000a22   0x00000010   Code   RO         4926    .text               c_w.l(_snputc.o)
    0x08000a32   0x08000a32   0x00000002   PAD
    0x08000a34   0x08000a34   0x00000008   Code   RO         4995    .text               c_w.l(rt_locale_intlibspace.o)
    0x08000a3c   0x08000a3c   0x00000008   Code   RO         5000    .text               c_w.l(rt_errno_addr_intlibspace.o)
    0x08000a44   0x08000a44   0x0000008a   Code   RO         5002    .text               c_w.l(lludiv10.o)
    0x08000ace   0x08000ace   0x00000002   PAD
    0x08000ad0   0x08000ad0   0x00000080   Code   RO         5004    .text               c_w.l(_printf_fp_infnan.o)
    0x08000b50   0x08000b50   0x000000e4   Code   RO         5008    .text               c_w.l(bigflt0.o)
    0x08000c34   0x08000c34   0x00000008   Code   RO         5044    .text               c_w.l(libspace.o)
    0x08000c3c   0x08000c3c   0x0000004a   Code   RO         5047    .text               c_w.l(sys_stackheap_outer.o)
    0x08000c86   0x08000c86   0x00000012   Code   RO         5049    .text               c_w.l(exit.o)
    0x08000c98   0x08000c98   0x00000080   Code   RO         5051    .text               c_w.l(strcmpv7m.o)
    0x08000d18   0x08000d18   0x0000000c   Code   RO         5125    .text               c_w.l(sys_exit.o)
    0x08000d24   0x08000d24   0x00000002   Code   RO         5136    .text               c_w.l(use_no_semi.o)
    0x08000d26   0x08000d26   0x00000000   Code   RO         5138    .text               c_w.l(indicate_semi.o)
    0x08000d26   0x08000d26   0x0000003e   Code   RO         5011    CL$$btod_d2e        c_w.l(btod.o)
    0x08000d64   0x08000d64   0x00000046   Code   RO         5013    CL$$btod_d2e_denorm_low  c_w.l(btod.o)
    0x08000daa   0x08000daa   0x00000060   Code   RO         5012    CL$$btod_d2e_norm_op1  c_w.l(btod.o)
    0x08000e0a   0x08000e0a   0x00000338   Code   RO         5021    CL$$btod_div_common  c_w.l(btod.o)
    0x08001142   0x08001142   0x000000dc   Code   RO         5018    CL$$btod_e2e        c_w.l(btod.o)
    0x0800121e   0x0800121e   0x0000002a   Code   RO         5015    CL$$btod_ediv       c_w.l(btod.o)
    0x08001248   0x08001248   0x0000002a   Code   RO         5014    CL$$btod_emul       c_w.l(btod.o)
    0x08001272   0x08001272   0x00000244   Code   RO         5020    CL$$btod_mult_common  c_w.l(btod.o)
    0x080014b6   0x080014b6   0x00000002   PAD
    0x080014b8   0x080014b8   0x00000056   Code   RO         2705    i.ADC_ConversionStop_Disable  stm32f1xx_hal_adc.o
    0x0800150e   0x0800150e   0x00000002   PAD
    0x08001510   0x08001510   0x0000007c   Code   RO         2709    i.ADC_Enable        stm32f1xx_hal_adc.o
    0x0800158c   0x0800158c   0x0000022c   Code   RO           13    i.BMP180_GetPress   bmp180.o
    0x080017b8   0x080017b8   0x00000002   Code   RO          724    i.BusFault_Handler  stm32f1xx_it.o
    0x080017ba   0x080017ba   0x00000004   Code   RO          977    i.CDC_Control_FS    usbd_cdc_if.o
    0x080017be   0x080017be   0x00000004   Code   RO          978    i.CDC_DeInit_FS     usbd_cdc_if.o
    0x080017c2   0x080017c2   0x00000002   PAD
    0x080017c4   0x080017c4   0x00000024   Code   RO          979    i.CDC_Init_FS       usbd_cdc_if.o
    0x080017e8   0x080017e8   0x00000018   Code   RO          980    i.CDC_Receive_FS    usbd_cdc_if.o
    0x08001800   0x08001800   0x0000002c   Code   RO          981    i.CDC_Transmit_FS   usbd_cdc_if.o
    0x0800182c   0x0800182c   0x00000002   Code   RO          725    i.DebugMon_Handler  stm32f1xx_it.o
    0x0800182e   0x0800182e   0x00000002   PAD
    0x08001830   0x08001830   0x00000028   Code   RO          172    i.DelayMicro        ds18b20.o
    0x08001858   0x08001858   0x00000006   Code   RO          726    i.EXTI0_IRQHandler  stm32f1xx_it.o
    0x0800185e   0x0800185e   0x00000008   Code   RO          727    i.EXTI15_10_IRQHandler  stm32f1xx_it.o
    0x08001866   0x08001866   0x00000006   Code   RO          728    i.EXTI1_IRQHandler  stm32f1xx_it.o
    0x0800186c   0x0800186c   0x00000014   Code   RO          729    i.EXTI9_5_IRQHandler  stm32f1xx_it.o
    0x08001880   0x08001880   0x00000004   Code   RO          290    i.Error_Handler     main.o
    0x08001884   0x08001884   0x00000088   Code   RO           14    i.Get_UPress        bmp180.o
    0x0800190c   0x0800190c   0x000000fc   Code   RO         2711    i.HAL_ADC_ConfigChannel  stm32f1xx_hal_adc.o
    0x08001a08   0x08001a08   0x00000006   Code   RO         2718    i.HAL_ADC_GetValue  stm32f1xx_hal_adc.o
    0x08001a0e   0x08001a0e   0x00000002   PAD
    0x08001a10   0x08001a10   0x0000011c   Code   RO         2720    i.HAL_ADC_Init      stm32f1xx_hal_adc.o
    0x08001b2c   0x08001b2c   0x00000058   Code   RO          599    i.HAL_ADC_MspInit   adc.o
    0x08001b84   0x08001b84   0x0000013c   Code   RO         2724    i.HAL_ADC_PollForConversion  stm32f1xx_hal_adc.o
    0x08001cc0   0x08001cc0   0x000000c0   Code   RO         2726    i.HAL_ADC_Start     stm32f1xx_hal_adc.o
    0x08001d80   0x08001d80   0x00000034   Code   RO         2729    i.HAL_ADC_Stop      stm32f1xx_hal_adc.o
    0x08001db4   0x08001db4   0x00000024   Code   RO         1737    i.HAL_Delay         stm32f1xx_hal.o
    0x08001dd8   0x08001dd8   0x000000fc   Code   RO         2042    i.HAL_GPIO_DeInit   stm32f1xx_hal_gpio.o
    0x08001ed4   0x08001ed4   0x00000094   Code   RO          291    i.HAL_GPIO_EXTI_Callback  main.o
    0x08001f68   0x08001f68   0x00000018   Code   RO         2044    i.HAL_GPIO_EXTI_IRQHandler  stm32f1xx_hal_gpio.o
    0x08001f80   0x08001f80   0x000001e0   Code   RO         2045    i.HAL_GPIO_Init     stm32f1xx_hal_gpio.o
    0x08002160   0x08002160   0x0000000a   Code   RO         2047    i.HAL_GPIO_ReadPin  stm32f1xx_hal_gpio.o
    0x0800216a   0x0800216a   0x0000000a   Code   RO         2049    i.HAL_GPIO_WritePin  stm32f1xx_hal_gpio.o
    0x08002174   0x08002174   0x0000000c   Code   RO         1741    i.HAL_GetTick       stm32f1xx_hal.o
    0x08002180   0x08002180   0x00000188   Code   RO         2992    i.HAL_I2C_Init      stm32f1xx_hal_i2c.o
    0x08002308   0x08002308   0x00000244   Code   RO         2998    i.HAL_I2C_Master_Receive  stm32f1xx_hal_i2c.o
    0x0800254c   0x0800254c   0x0000012c   Code   RO         3005    i.HAL_I2C_Master_Transmit  stm32f1xx_hal_i2c.o
    0x08002678   0x08002678   0x00000250   Code   RO         3010    i.HAL_I2C_Mem_Read  stm32f1xx_hal_i2c.o
    0x080028c8   0x080028c8   0x00000130   Code   RO         3013    i.HAL_I2C_Mem_Write  stm32f1xx_hal_i2c.o
    0x080029f8   0x080029f8   0x0000005c   Code   RO          641    i.HAL_I2C_MspInit   i2c.o
    0x08002a54   0x08002a54   0x00000010   Code   RO         1747    i.HAL_IncTick       stm32f1xx_hal.o
    0x08002a64   0x08002a64   0x00000024   Code   RO         1748    i.HAL_Init          stm32f1xx_hal.o
    0x08002a88   0x08002a88   0x00000040   Code   RO         1749    i.HAL_InitTick      stm32f1xx_hal.o
    0x08002ac8   0x08002ac8   0x0000003c   Code   RO          836    i.HAL_MspInit       stm32f1xx_hal_msp.o
    0x08002b04   0x08002b04   0x00000022   Code   RO         2204    i.HAL_NVIC_DisableIRQ  stm32f1xx_hal_cortex.o
    0x08002b26   0x08002b26   0x0000001a   Code   RO         2205    i.HAL_NVIC_EnableIRQ  stm32f1xx_hal_cortex.o
    0x08002b40   0x08002b40   0x00000040   Code   RO         2211    i.HAL_NVIC_SetPriority  stm32f1xx_hal_cortex.o
    0x08002b80   0x08002b80   0x00000024   Code   RO         2212    i.HAL_NVIC_SetPriorityGrouping  stm32f1xx_hal_cortex.o
    0x08002ba4   0x08002ba4   0x0000003c   Code   RO         1510    i.HAL_PCDEx_PMAConfig  stm32f1xx_hal_pcd_ex.o
    0x08002be0   0x08002be0   0x00000002   Code   RO         1029    i.HAL_PCDEx_SetConnectionState  usbd_conf.o
    0x08002be2   0x08002be2   0x00000012   Code   RO         1031    i.HAL_PCD_DataInStageCallback  usbd_conf.o
    0x08002bf4   0x08002bf4   0x00000014   Code   RO         1032    i.HAL_PCD_DataOutStageCallback  usbd_conf.o
    0x08002c08   0x08002c08   0x0000004c   Code   RO         1286    i.HAL_PCD_EP_Close  stm32f1xx_hal_pcd.o
    0x08002c54   0x08002c54   0x0000005c   Code   RO         1287    i.HAL_PCD_EP_ClrStall  stm32f1xx_hal_pcd.o
    0x08002cb0   0x08002cb0   0x000000e6   Code   RO         1288    i.HAL_PCD_EP_DB_Receive  stm32f1xx_hal_pcd.o
    0x08002d96   0x08002d96   0x00000330   Code   RO         1289    i.HAL_PCD_EP_DB_Transmit  stm32f1xx_hal_pcd.o
    0x080030c6   0x080030c6   0x00000012   Code   RO         1291    i.HAL_PCD_EP_GetRxCount  stm32f1xx_hal_pcd.o
    0x080030d8   0x080030d8   0x00000060   Code   RO         1292    i.HAL_PCD_EP_Open   stm32f1xx_hal_pcd.o
    0x08003138   0x08003138   0x00000032   Code   RO         1293    i.HAL_PCD_EP_Receive  stm32f1xx_hal_pcd.o
    0x0800316a   0x0800316a   0x00000072   Code   RO         1294    i.HAL_PCD_EP_SetStall  stm32f1xx_hal_pcd.o
    0x080031dc   0x080031dc   0x00000034   Code   RO         1295    i.HAL_PCD_EP_Transmit  stm32f1xx_hal_pcd.o
    0x08003210   0x08003210   0x00000154   Code   RO         1297    i.HAL_PCD_IRQHandler  stm32f1xx_hal_pcd.o
    0x08003364   0x08003364   0x000000da   Code   RO         1300    i.HAL_PCD_Init      stm32f1xx_hal_pcd.o
    0x0800343e   0x0800343e   0x00000002   PAD
    0x08003440   0x08003440   0x0000003c   Code   RO         1037    i.HAL_PCD_MspInit   usbd_conf.o
    0x0800347c   0x0800347c   0x00000026   Code   RO         1038    i.HAL_PCD_ResetCallback  usbd_conf.o
    0x080034a2   0x080034a2   0x00000008   Code   RO         1039    i.HAL_PCD_ResumeCallback  usbd_conf.o
    0x080034aa   0x080034aa   0x00000008   Code   RO         1040    i.HAL_PCD_SOFCallback  usbd_conf.o
    0x080034b2   0x080034b2   0x00000028   Code   RO         1306    i.HAL_PCD_SetAddress  stm32f1xx_hal_pcd.o
    0x080034da   0x080034da   0x0000000e   Code   RO         1041    i.HAL_PCD_SetupStageCallback  usbd_conf.o
    0x080034e8   0x080034e8   0x00000032   Code   RO         1308    i.HAL_PCD_Start     stm32f1xx_hal_pcd.o
    0x0800351a   0x0800351a   0x00000002   PAD
    0x0800351c   0x0800351c   0x00000024   Code   RO         1042    i.HAL_PCD_SuspendCallback  usbd_conf.o
    0x08003540   0x08003540   0x000000c8   Code   RO         2007    i.HAL_RCCEx_GetPeriphCLKFreq  stm32f1xx_hal_rcc_ex.o
    0x08003608   0x08003608   0x000000ec   Code   RO         2008    i.HAL_RCCEx_PeriphCLKConfig  stm32f1xx_hal_rcc_ex.o
    0x080036f4   0x080036f4   0x0000012c   Code   RO         1905    i.HAL_RCC_ClockConfig  stm32f1xx_hal_rcc.o
    0x08003820   0x08003820   0x00000020   Code   RO         1912    i.HAL_RCC_GetPCLK1Freq  stm32f1xx_hal_rcc.o
    0x08003840   0x08003840   0x00000020   Code   RO         1913    i.HAL_RCC_GetPCLK2Freq  stm32f1xx_hal_rcc.o
    0x08003860   0x08003860   0x0000006c   Code   RO         1914    i.HAL_RCC_GetSysClockFreq  stm32f1xx_hal_rcc.o
    0x080038cc   0x080038cc   0x00000320   Code   RO         1917    i.HAL_RCC_OscConfig  stm32f1xx_hal_rcc.o
    0x08003bec   0x08003bec   0x00000028   Code   RO         2216    i.HAL_SYSTICK_Config  stm32f1xx_hal_cortex.o
    0x08003c14   0x08003c14   0x00000002   Code   RO         4119    i.HAL_TIMEx_BreakCallback  stm32f1xx_hal_tim_ex.o
    0x08003c16   0x08003c16   0x00000002   Code   RO         4120    i.HAL_TIMEx_CommutCallback  stm32f1xx_hal_tim_ex.o
    0x08003c18   0x08003c18   0x00000068   Code   RO         4138    i.HAL_TIMEx_MasterConfigSynchronization  stm32f1xx_hal_tim_ex.o
    0x08003c80   0x08003c80   0x00000050   Code   RO         3418    i.HAL_TIM_Base_Start  stm32f1xx_hal_tim.o
    0x08003cd0   0x08003cd0   0x00000002   Code   RO         3449    i.HAL_TIM_IC_CaptureCallback  stm32f1xx_hal_tim.o
    0x08003cd2   0x08003cd2   0x00000166   Code   RO         3463    i.HAL_TIM_IRQHandler  stm32f1xx_hal_tim.o
    0x08003e38   0x08003e38   0x00000002   Code   RO         3466    i.HAL_TIM_OC_DelayElapsedCallback  stm32f1xx_hal_tim.o
    0x08003e3a   0x08003e3a   0x00000056   Code   RO         3480    i.HAL_TIM_OnePulse_Init  stm32f1xx_hal_tim.o
    0x08003e90   0x08003e90   0x0000003c   Code   RO          683    i.HAL_TIM_OnePulse_MspInit  tim.o
    0x08003ecc   0x08003ecc   0x00000002   Code   RO         3493    i.HAL_TIM_PWM_PulseFinishedCallback  stm32f1xx_hal_tim.o
    0x08003ece   0x08003ece   0x00000002   PAD
    0x08003ed0   0x08003ed0   0x00000028   Code   RO          292    i.HAL_TIM_PeriodElapsedCallback  main.o
    0x08003ef8   0x08003ef8   0x00000002   Code   RO         3506    i.HAL_TIM_TriggerCallback  stm32f1xx_hal_tim.o
    0x08003efa   0x08003efa   0x00000002   Code   RO          730    i.HardFault_Handler  stm32f1xx_it.o
    0x08003efc   0x08003efc   0x0000014c   Code   RO          293    i.Hx711Task         main.o
    0x08004048   0x08004048   0x0000002e   Code   RO         3034    i.I2C_IsAcknowledgeFailed  stm32f1xx_hal_i2c.o
    0x08004076   0x08004076   0x00000002   PAD
    0x08004078   0x08004078   0x000000ec   Code   RO         3037    i.I2C_MasterRequestRead  stm32f1xx_hal_i2c.o
    0x08004164   0x08004164   0x0000009c   Code   RO         3038    i.I2C_MasterRequestWrite  stm32f1xx_hal_i2c.o
    0x08004200   0x08004200   0x000000fc   Code   RO         3044    i.I2C_RequestMemoryRead  stm32f1xx_hal_i2c.o
    0x080042fc   0x080042fc   0x000000a8   Code   RO         3045    i.I2C_RequestMemoryWrite  stm32f1xx_hal_i2c.o
    0x080043a4   0x080043a4   0x0000004c   Code   RO         3049    i.I2C_WaitOnBTFFlagUntilTimeout  stm32f1xx_hal_i2c.o
    0x080043f0   0x080043f0   0x00000068   Code   RO         3050    i.I2C_WaitOnFlagUntilTimeout  stm32f1xx_hal_i2c.o
    0x08004458   0x08004458   0x00000096   Code   RO         3051    i.I2C_WaitOnMasterAddressFlagUntilTimeout  stm32f1xx_hal_i2c.o
    0x080044ee   0x080044ee   0x00000066   Code   RO         3052    i.I2C_WaitOnRXNEFlagUntilTimeout  stm32f1xx_hal_i2c.o
    0x08004554   0x08004554   0x0000004c   Code   RO         3053    i.I2C_WaitOnTXEFlagUntilTimeout  stm32f1xx_hal_i2c.o
    0x080045a0   0x080045a0   0x00000038   Code   RO          891    i.IntToUnicode      usbd_desc.o
    0x080045d8   0x080045d8   0x00000078   Code   RO          600    i.MX_ADC1_Init      adc.o
    0x08004650   0x08004650   0x000001a0   Code   RO          574    i.MX_GPIO_Init      gpio.o
    0x080047f0   0x080047f0   0x00000040   Code   RO          642    i.MX_I2C1_Init      i2c.o
    0x08004830   0x08004830   0x00000050   Code   RO          684    i.MX_TIM1_Init      tim.o
    0x08004880   0x08004880   0x00000054   Code   RO          860    i.MX_USB_DEVICE_Init  usb_device.o
    0x080048d4   0x080048d4   0x00000002   Code   RO          731    i.MemManage_Handler  stm32f1xx_it.o
    0x080048d6   0x080048d6   0x00000002   Code   RO          732    i.NMI_Handler       stm32f1xx_it.o
    0x080048d8   0x080048d8   0x00000314   Code   RO         1312    i.PCD_EP_ISR_Handler  stm32f1xx_hal_pcd.o
    0x08004bec   0x08004bec   0x00000002   Code   RO          733    i.PendSV_Handler    stm32f1xx_it.o
    0x08004bee   0x08004bee   0x00000002   Code   RO          734    i.SVC_Handler       stm32f1xx_it.o
    0x08004bf0   0x08004bf0   0x00000004   Code   RO          735    i.SysTick_Handler   stm32f1xx_it.o
    0x08004bf4   0x08004bf4   0x0000007c   Code   RO          294    i.SystemClock_Config  main.o
    0x08004c70   0x08004c70   0x00000002   Code   RO         4387    i.SystemInit        system_stm32f1xx.o
    0x08004c72   0x08004c72   0x00000002   PAD
    0x08004c74   0x08004c74   0x0000000c   Code   RO          736    i.TIM1_UP_IRQHandler  stm32f1xx_it.o
    0x08004c80   0x08004c80   0x0000006c   Code   RO         3508    i.TIM_Base_SetConfig  stm32f1xx_hal_tim.o
    0x08004cec   0x08004cec   0x00000046   Code   RO         4687    i.USBD_CDC_DataIn   usbd_cdc.o
    0x08004d32   0x08004d32   0x0000002e   Code   RO         4688    i.USBD_CDC_DataOut  usbd_cdc.o
    0x08004d60   0x08004d60   0x00000044   Code   RO         4689    i.USBD_CDC_DeInit   usbd_cdc.o
    0x08004da4   0x08004da4   0x00000024   Code   RO         4690    i.USBD_CDC_EP0_RxReady  usbd_cdc.o
    0x08004dc8   0x08004dc8   0x0000000c   Code   RO         4691    i.USBD_CDC_GetDeviceQualifierDescriptor  usbd_cdc.o
    0x08004dd4   0x08004dd4   0x0000000c   Code   RO         4692    i.USBD_CDC_GetFSCfgDesc  usbd_cdc.o
    0x08004de0   0x08004de0   0x0000000c   Code   RO         4693    i.USBD_CDC_GetHSCfgDesc  usbd_cdc.o
    0x08004dec   0x08004dec   0x0000000c   Code   RO         4694    i.USBD_CDC_GetOtherSpeedCfgDesc  usbd_cdc.o
    0x08004df8   0x08004df8   0x00000094   Code   RO         4695    i.USBD_CDC_Init     usbd_cdc.o
    0x08004e8c   0x08004e8c   0x00000028   Code   RO         4696    i.USBD_CDC_ReceivePacket  usbd_cdc.o
    0x08004eb4   0x08004eb4   0x00000010   Code   RO         4697    i.USBD_CDC_RegisterInterface  usbd_cdc.o
    0x08004ec4   0x08004ec4   0x0000000c   Code   RO         4698    i.USBD_CDC_SetRxBuffer  usbd_cdc.o
    0x08004ed0   0x08004ed0   0x00000010   Code   RO         4699    i.USBD_CDC_SetTxBuffer  usbd_cdc.o
    0x08004ee0   0x08004ee0   0x000000ac   Code   RO         4700    i.USBD_CDC_Setup    usbd_cdc.o
    0x08004f8c   0x08004f8c   0x00000036   Code   RO         4701    i.USBD_CDC_TransmitPacket  usbd_cdc.o
    0x08004fc2   0x08004fc2   0x0000000e   Code   RO         4424    i.USBD_ClrClassConfig  usbd_core.o
    0x08004fd0   0x08004fd0   0x00000010   Code   RO         4627    i.USBD_CtlContinueRx  usbd_ioreq.o
    0x08004fe0   0x08004fe0   0x00000010   Code   RO         4628    i.USBD_CtlContinueSendData  usbd_ioreq.o
    0x08004ff0   0x08004ff0   0x00000016   Code   RO         4562    i.USBD_CtlError     usbd_ctlreq.o
    0x08005006   0x08005006   0x0000001e   Code   RO         4629    i.USBD_CtlPrepareRx  usbd_ioreq.o
    0x08005024   0x08005024   0x00000016   Code   RO         4630    i.USBD_CtlReceiveStatus  usbd_ioreq.o
    0x0800503a   0x0800503a   0x0000001a   Code   RO         4631    i.USBD_CtlSendData  usbd_ioreq.o
    0x08005054   0x08005054   0x00000016   Code   RO         4632    i.USBD_CtlSendStatus  usbd_ioreq.o
    0x0800506a   0x0800506a   0x00000002   PAD
    0x0800506c   0x0800506c   0x00000020   Code   RO          892    i.USBD_FS_ConfigStrDescriptor  usbd_desc.o
    0x0800508c   0x0800508c   0x0000000c   Code   RO          893    i.USBD_FS_DeviceDescriptor  usbd_desc.o
    0x08005098   0x08005098   0x00000024   Code   RO          894    i.USBD_FS_InterfaceStrDescriptor  usbd_desc.o
    0x080050bc   0x080050bc   0x0000000c   Code   RO          895    i.USBD_FS_LangIDStrDescriptor  usbd_desc.o
    0x080050c8   0x080050c8   0x00000028   Code   RO          896    i.USBD_FS_ManufacturerStrDescriptor  usbd_desc.o
    0x080050f0   0x080050f0   0x0000002c   Code   RO          897    i.USBD_FS_ProductStrDescriptor  usbd_desc.o
    0x0800511c   0x0800511c   0x00000038   Code   RO          898    i.USBD_FS_SerialStrDescriptor  usbd_desc.o
    0x08005154   0x08005154   0x000000e8   Code   RO         4563    i.USBD_GetDescriptor  usbd_ctlreq.o
    0x0800523c   0x0800523c   0x00000048   Code   RO         4564    i.USBD_GetString    usbd_ctlreq.o
    0x08005284   0x08005284   0x00000018   Code   RO         1043    i.USBD_Get_USB_Status  usbd_conf.o
    0x0800529c   0x0800529c   0x0000002a   Code   RO         4426    i.USBD_Init         usbd_core.o
    0x080052c6   0x080052c6   0x00000012   Code   RO         1044    i.USBD_LL_ClearStallEP  usbd_conf.o
    0x080052d8   0x080052d8   0x00000012   Code   RO         1045    i.USBD_LL_CloseEP   usbd_conf.o
    0x080052ea   0x080052ea   0x000000c6   Code   RO         4427    i.USBD_LL_DataInStage  usbd_core.o
    0x080053b0   0x080053b0   0x00000082   Code   RO         4428    i.USBD_LL_DataOutStage  usbd_core.o
    0x08005432   0x08005432   0x00000008   Code   RO         1049    i.USBD_LL_GetRxDataSize  usbd_conf.o
    0x0800543a   0x0800543a   0x00000002   PAD
    0x0800543c   0x0800543c   0x00000080   Code   RO         1050    i.USBD_LL_Init      usbd_conf.o
    0x080054bc   0x080054bc   0x00000020   Code   RO         1051    i.USBD_LL_IsStallEP  usbd_conf.o
    0x080054dc   0x080054dc   0x00000018   Code   RO         1052    i.USBD_LL_OpenEP    usbd_conf.o
    0x080054f4   0x080054f4   0x00000012   Code   RO         1053    i.USBD_LL_PrepareReceive  usbd_conf.o
    0x08005506   0x08005506   0x00000050   Code   RO         4433    i.USBD_LL_Reset     usbd_core.o
    0x08005556   0x08005556   0x00000014   Code   RO         4434    i.USBD_LL_Resume    usbd_core.o
    0x0800556a   0x0800556a   0x00000018   Code   RO         4435    i.USBD_LL_SOF       usbd_core.o
    0x08005582   0x08005582   0x00000006   Code   RO         4436    i.USBD_LL_SetSpeed  usbd_core.o
    0x08005588   0x08005588   0x00000012   Code   RO         1054    i.USBD_LL_SetUSBAddress  usbd_conf.o
    0x0800559a   0x0800559a   0x0000005a   Code   RO         4437    i.USBD_LL_SetupStage  usbd_core.o
    0x080055f4   0x080055f4   0x00000012   Code   RO         1055    i.USBD_LL_StallEP   usbd_conf.o
    0x08005606   0x08005606   0x00000012   Code   RO         1056    i.USBD_LL_Start     usbd_conf.o
    0x08005618   0x08005618   0x00000012   Code   RO         4438    i.USBD_LL_Suspend   usbd_core.o
    0x0800562a   0x0800562a   0x00000012   Code   RO         1058    i.USBD_LL_Transmit  usbd_conf.o
    0x0800563c   0x0800563c   0x00000028   Code   RO         4565    i.USBD_ParseSetupRequest  usbd_ctlreq.o
    0x08005664   0x08005664   0x00000010   Code   RO         4439    i.USBD_RegisterClass  usbd_core.o
    0x08005674   0x08005674   0x00000016   Code   RO         4441    i.USBD_SetClassConfig  usbd_core.o
    0x0800568a   0x0800568a   0x00000002   PAD
    0x0800568c   0x0800568c   0x00000084   Code   RO         4566    i.USBD_SetConfig    usbd_ctlreq.o
    0x08005710   0x08005710   0x0000000a   Code   RO         4442    i.USBD_Start        usbd_core.o
    0x0800571a   0x0800571a   0x00000112   Code   RO         4567    i.USBD_StdDevReq    usbd_ctlreq.o
    0x0800582c   0x0800582c   0x00000150   Code   RO         4568    i.USBD_StdEPReq     usbd_ctlreq.o
    0x0800597c   0x0800597c   0x0000004e   Code   RO         4569    i.USBD_StdItfReq    usbd_ctlreq.o
    0x080059ca   0x080059ca   0x00000002   Code   RO         1059    i.USBD_static_free  usbd_conf.o
    0x080059cc   0x080059cc   0x00000008   Code   RO         1060    i.USBD_static_malloc  usbd_conf.o
    0x080059d4   0x080059d4   0x00000258   Code   RO         1550    i.USB_ActivateEndpoint  stm32f1xx_ll_usb.o
    0x08005c2c   0x08005c2c   0x00000004   Code   RO         1553    i.USB_CoreInit      stm32f1xx_ll_usb.o
    0x08005c30   0x08005c30   0x0000010e   Code   RO         1555    i.USB_DeactivateEndpoint  stm32f1xx_ll_usb.o
    0x08005d3e   0x08005d3e   0x00000004   Code   RO         1556    i.USB_DevConnect    stm32f1xx_ll_usb.o
    0x08005d42   0x08005d42   0x00000004   Code   RO         1557    i.USB_DevDisconnect  stm32f1xx_ll_usb.o
    0x08005d46   0x08005d46   0x00000012   Code   RO         1558    i.USB_DevInit       stm32f1xx_ll_usb.o
    0x08005d58   0x08005d58   0x0000000e   Code   RO         1559    i.USB_DisableGlobalInt  stm32f1xx_ll_usb.o
    0x08005d66   0x08005d66   0x00000004   Code   RO         1560    i.USB_EP0_OutStart  stm32f1xx_ll_usb.o
    0x08005d6a   0x08005d6a   0x00000078   Code   RO         1561    i.USB_EPClearStall  stm32f1xx_ll_usb.o
    0x08005de2   0x08005de2   0x00000032   Code   RO         1562    i.USB_EPSetStall    stm32f1xx_ll_usb.o
    0x08005e14   0x08005e14   0x0000060c   Code   RO         1563    i.USB_EPStartXfer   stm32f1xx_ll_usb.o
    0x08006420   0x08006420   0x00000012   Code   RO         1564    i.USB_EnableGlobalInt  stm32f1xx_ll_usb.o
    0x08006432   0x08006432   0x00000002   PAD
    0x08006434   0x08006434   0x0000000c   Code   RO          737    i.USB_LP_CAN1_RX0_IRQHandler  stm32f1xx_it.o
    0x08006440   0x08006440   0x00000006   Code   RO         1571    i.USB_ReadInterrupts  stm32f1xx_ll_usb.o
    0x08006446   0x08006446   0x00000002   PAD
    0x08006448   0x08006448   0x0000002c   Code   RO         1572    i.USB_ReadPMA       stm32f1xx_ll_usb.o
    0x08006474   0x08006474   0x00000004   Code   RO         1573    i.USB_SetCurrentMode  stm32f1xx_ll_usb.o
    0x08006478   0x08006478   0x0000000c   Code   RO         1574    i.USB_SetDevAddress  stm32f1xx_ll_usb.o
    0x08006484   0x08006484   0x00000026   Code   RO         1576    i.USB_WritePMA      stm32f1xx_ll_usb.o
    0x080064aa   0x080064aa   0x00000002   Code   RO          738    i.UsageFault_Handler  stm32f1xx_it.o
    0x080064ac   0x080064ac   0x00000028   Code   RO         4964    i.__ARM_fpclassify  m_ws.l(fpclassify.o)
    0x080064d4   0x080064d4   0x0000001a   Code   RO          295    i.__NVIC_ClearPendingIRQ  main.o
    0x080064ee   0x080064ee   0x00000020   Code   RO         2218    i.__NVIC_SetPriority  stm32f1xx_hal_cortex.o
    0x0800650e   0x0800650e   0x000000aa   Code   RO         4966    i.__kernel_poly     m_ws.l(poly.o)
    0x080065b8   0x080065b8   0x00000010   Code   RO         4950    i.__mathlib_dbl_divzero  m_ws.l(dunder.o)
    0x080065c8   0x080065c8   0x00000006   Code   RO         4951    i.__mathlib_dbl_infnan  m_ws.l(dunder.o)
    0x080065ce   0x080065ce   0x00000004   Code   RO         4952    i.__mathlib_dbl_infnan2  m_ws.l(dunder.o)
    0x080065d2   0x080065d2   0x0000000c   Code   RO         4953    i.__mathlib_dbl_invalid  m_ws.l(dunder.o)
    0x080065de   0x080065de   0x0000000e   Code   RO         4954    i.__mathlib_dbl_overflow  m_ws.l(dunder.o)
    0x080065ec   0x080065ec   0x00000010   Code   RO         4956    i.__mathlib_dbl_underflow  m_ws.l(dunder.o)
    0x080065fc   0x080065fc   0x0000000e   Code   RO         4816    i._is_digit         c_w.l(__printf_wp.o)
    0x0800660a   0x0800660a   0x00000002   PAD
    0x0800660c   0x0800660c   0x0000004c   Code   RO          296    i.adcAverage        main.o
    0x08006658   0x08006658   0x00000030   Code   RO          297    i.adcSeq            main.o
    0x08006688   0x08006688   0x00000038   Code   RO          298    i.adcSum            main.o
    0x080066c0   0x080066c0   0x00000022   Code   RO          299    i.averageAdc_for_N_msec  main.o
    0x080066e2   0x080066e2   0x00000002   PAD
    0x080066e4   0x080066e4   0x00000034   Code   RO          300    i.clearEXTIs        main.o
    0x08006718   0x08006718   0x0000001c   Code   RO          301    i.delayUs           main.o
    0x08006734   0x08006734   0x00000144   Code   RO          302    i.displayFloat      main.o
    0x08006878   0x08006878   0x00000028   Code   RO          173    i.ds18b20_Convert   ds18b20.o
    0x080068a0   0x080068a0   0x0000000c   Code   RO          174    i.ds18b20_GetSign   ds18b20.o
    0x080068ac   0x080068ac   0x0000001a   Code   RO          175    i.ds18b20_MeasureTemperCmd  ds18b20.o
    0x080068c6   0x080068c6   0x00000002   PAD
    0x080068c8   0x080068c8   0x00000038   Code   RO          176    i.ds18b20_ReadBit   ds18b20.o
    0x08006900   0x08006900   0x0000001e   Code   RO          177    i.ds18b20_ReadByte  ds18b20.o
    0x0800691e   0x0800691e   0x00000002   PAD
    0x08006920   0x08006920   0x0000002c   Code   RO          178    i.ds18b20_ReadStratcpad  ds18b20.o
    0x0800694c   0x0800694c   0x00000040   Code   RO          179    i.ds18b20_Reset     ds18b20.o
    0x0800698c   0x0800698c   0x00000038   Code   RO          180    i.ds18b20_WriteBit  ds18b20.o
    0x080069c4   0x080069c4   0x00000024   Code   RO          181    i.ds18b20_WriteByte  ds18b20.o
    0x080069e8   0x080069e8   0x00000050   Code   RO          303    i.enableExtis       main.o
    0x08006a38   0x08006a38   0x0000007c   Code   RO          304    i.getAHT20          main.o
    0x08006ab4   0x08006ab4   0x0000005c   Code   RO          305    i.getCOppm          main.o
    0x08006b10   0x08006b10   0x0000003c   Code   RO          306    i.getDS18B20        main.o
    0x08006b4c   0x08006b4c   0x00000020   Code   RO          308    i.getNitratSensor   main.o
    0x08006b6c   0x08006b6c   0x00000020   Code   RO          309    i.getOxygenPercent  main.o
    0x08006b8c   0x08006b8c   0x00000070   Code   RO          263    i.getRadSens        radsens.o
    0x08006bfc   0x08006bfc   0x0000013c   Code   RO          310    i.getResistance     main.o
    0x08006d38   0x08006d38   0x000000a0   Code   RO          311    i.getTempNTC        main.o
    0x08006dd8   0x08006dd8   0x00000048   Code   RO          312    i.getUVIndex        main.o
    0x08006e20   0x08006e20   0x00000090   Code   RO          313    i.getValueHX711     main.o
    0x08006eb0   0x08006eb0   0x00000020   Code   RO          314    i.getVoltage        main.o
    0x08006ed0   0x08006ed0   0x000000e0   Code   RO          315    i.getVoltageCurrent  main.o
    0x08006fb0   0x08006fb0   0x00000084   Code   RO          316    i.getluxSens        main.o
    0x08007034   0x08007034   0x00000030   Code   RO          317    i.hx711Average      main.o
    0x08007064   0x08007064   0x0000002c   Code   RO          318    i.hx711clkPulse     main.o
    0x08007090   0x08007090   0x00000150   Code   RO          319    i.lcMeterTask       main.o
    0x080071e0   0x080071e0   0x0000035c   Code   RO         4894    i.log               m_ws.l(log.o)
    0x0800753c   0x0800753c   0x00000160   Code   RO          321    i.main              main.o
    0x0800769c   0x0800769c   0x00000030   Code   RO          183    i.port_init         ds18b20.o
    0x080076cc   0x080076cc   0x000009d8   Code   RO         4904    i.pow               m_ws.l(pow.o)
    0x080080a4   0x080080a4   0x000000a8   Code   RO          322    i.rj45_connectors_recognise  main.o
    0x0800814c   0x0800814c   0x00000094   Code   RO         4913    i.round             m_ws.l(round.o)
    0x080081e0   0x080081e0   0x00000058   Code   RO          323    i.sendByteSPI       main.o
    0x08008238   0x08008238   0x0000004c   Code   RO         4970    i.sqrt              m_ws.l(sqrt.o)
    0x08008284   0x08008284   0x000001a4   Code   RO          325    i.timerTask         main.o
    0x08008428   0x08008428   0x00000064   Code   RO          326    i.waiting_animation  main.o
    0x0800848c   0x0800848c   0x0000002c   Code   RO         5034    locale$$code        c_w.l(lc_numeric_c.o)
    0x080084b8   0x080084b8   0x00000062   Code   RO         4839    x$fpl$d2f           fz_ws.l(d2f.o)
    0x0800851a   0x0800851a   0x00000002   PAD
    0x0800851c   0x0800851c   0x00000150   Code   RO         4841    x$fpl$dadd          fz_ws.l(daddsub_clz.o)
    0x0800866c   0x0800866c   0x00000010   Code   RO         4929    x$fpl$dcheck1       fz_ws.l(dcheck1.o)
    0x0800867c   0x0800867c   0x00000018   Code   RO         5036    x$fpl$dcmpinf       fz_ws.l(dcmpi.o)
    0x08008694   0x08008694   0x000002b0   Code   RO         4848    x$fpl$ddiv          fz_ws.l(ddiv.o)
    0x08008944   0x08008944   0x00000078   Code   RO         4931    x$fpl$deqf          fz_ws.l(deqf.o)
    0x080089bc   0x080089bc   0x0000005e   Code   RO         4851    x$fpl$dfix          fz_ws.l(dfix.o)
    0x08008a1a   0x08008a1a   0x00000002   PAD
    0x08008a1c   0x08008a1c   0x0000005a   Code   RO         4855    x$fpl$dfixu         fz_ws.l(dfixu.o)
    0x08008a76   0x08008a76   0x0000002e   Code   RO         4860    x$fpl$dflt          fz_ws.l(dflt_clz.o)
    0x08008aa4   0x08008aa4   0x00000026   Code   RO         4859    x$fpl$dfltu         fz_ws.l(dflt_clz.o)
    0x08008aca   0x08008aca   0x00000002   PAD
    0x08008acc   0x08008acc   0x00000078   Code   RO         4933    x$fpl$dleqf         fz_ws.l(dleqf.o)
    0x08008b44   0x08008b44   0x00000154   Code   RO         4865    x$fpl$dmul          fz_ws.l(dmul.o)
    0x08008c98   0x08008c98   0x0000009c   Code   RO         4935    x$fpl$dnaninf       fz_ws.l(dnaninf.o)
    0x08008d34   0x08008d34   0x0000000c   Code   RO         4937    x$fpl$dretinf       fz_ws.l(dretinf.o)
    0x08008d40   0x08008d40   0x0000006c   Code   RO         4939    x$fpl$drleqf        fz_ws.l(drleqf.o)
    0x08008dac   0x08008dac   0x000000b4   Code   RO         4941    x$fpl$drnd          fz_ws.l(drnd.o)
    0x08008e60   0x08008e60   0x00000016   Code   RO         4842    x$fpl$drsb          fz_ws.l(daddsub_clz.o)
    0x08008e76   0x08008e76   0x00000002   PAD
    0x08008e78   0x08008e78   0x000001cc   Code   RO         5038    x$fpl$dsqrt         fz_ws.l(dsqrt_noumaal.o)
    0x08009044   0x08009044   0x000001d4   Code   RO         4843    x$fpl$dsub          fz_ws.l(daddsub_clz.o)
    0x08009218   0x08009218   0x00000056   Code   RO         4867    x$fpl$f2d           fz_ws.l(f2d.o)
    0x0800926e   0x0800926e   0x00000002   PAD
    0x08009270   0x08009270   0x000000c4   Code   RO         4869    x$fpl$fadd          fz_ws.l(faddsub_clz.o)
    0x08009334   0x08009334   0x0000000c   Code   RO         4943    x$fpl$fcheck1       fz_ws.l(fcheck1.o)
    0x08009340   0x08009340   0x00000184   Code   RO         4876    x$fpl$fdiv          fz_ws.l(fdiv.o)
    0x080094c4   0x080094c4   0x00000030   Code   RO         4880    x$fpl$fflt          fz_ws.l(fflt_clz.o)
    0x080094f4   0x080094f4   0x00000026   Code   RO         4879    x$fpl$ffltu         fz_ws.l(fflt_clz.o)
    0x0800951a   0x0800951a   0x00000002   PAD
    0x0800951c   0x0800951c   0x00000102   Code   RO         4885    x$fpl$fmul          fz_ws.l(fmul.o)
    0x0800961e   0x0800961e   0x0000008c   Code   RO         4945    x$fpl$fnaninf       fz_ws.l(fnaninf.o)
    0x080096aa   0x080096aa   0x0000000a   Code   RO         4947    x$fpl$fretinf       fz_ws.l(fretinf.o)
    0x080096b4   0x080096b4   0x000000ea   Code   RO         4871    x$fpl$fsub          fz_ws.l(faddsub_clz.o)
    0x0800979e   0x0800979e   0x00000004   Code   RO         4887    x$fpl$printf1       fz_ws.l(printf1.o)
    0x080097a2   0x080097a2   0x00000064   Code   RO         5042    x$fpl$retnan        fz_ws.l(retnan.o)
    0x08009806   0x08009806   0x0000005c   Code   RO         4889    x$fpl$scalbn        fz_ws.l(scalbn.o)
    0x08009862   0x08009862   0x0000004c   Code   RO         4891    x$fpl$scalbnf       fz_ws.l(scalbnf.o)
    0x080098ae   0x080098ae   0x00000030   Code   RO         5104    x$fpl$trapveneer    fz_ws.l(trapv.o)
    0x080098de   0x080098de   0x00000000   Code   RO         4949    x$fpl$usenofp       fz_ws.l(usenofp.o)
    0x080098de   0x080098de   0x00000010   Data   RO         4388    .constdata          system_stm32f1xx.o
    0x080098ee   0x080098ee   0x00000008   Data   RO         4389    .constdata          system_stm32f1xx.o
    0x080098f6   0x080098f6   0x00000002   PAD
    0x080098f8   0x080098f8   0x00000038   Data   RO         4895    .constdata          m_ws.l(log.o)
    0x08009930   0x08009930   0x00000088   Data   RO         4905    .constdata          m_ws.l(pow.o)
    0x080099b8   0x080099b8   0x00000008   Data   RO         4968    .constdata          m_ws.l(qnan.o)
    0x080099c0   0x080099c0   0x00000094   Data   RO         5009    .constdata          c_w.l(bigflt0.o)
    0x08009a54   0x08009a54   0x00000020   Data   RO         5187    Region$$Table       anon$$obj.o
    0x08009a74   0x08009a74   0x0000001c   Data   RO         5033    locale$$data        c_w.l(lc_numeric_c.o)


    Execution Region RW_IRAM1 (Exec base: 0x20000000, Load base: 0x08009a90, Size: 0x00001b40, Max: 0x00005000, ABSOLUTE, COMPRESSED[0x000000cc])

    Exec Addr    Load Addr    Size         Type   Attr      Idx    E Section Name        Object

    0x20000000   COMPRESSED   0x00000050   Data   RW           16    .data               bmp180.o
    0x20000050   COMPRESSED   0x00000032   Data   RW          329    .data               main.o
    0x20000082   COMPRESSED   0x00000002   PAD
    0x20000084   COMPRESSED   0x0000001c   Data   RW          900    .data               usbd_desc.o
    0x200000a0   COMPRESSED   0x00000032   Data   RW          901    .data               usbd_desc.o
    0x200000d2   COMPRESSED   0x00000002   PAD
    0x200000d4   COMPRESSED   0x00000010   Data   RW          983    .data               usbd_cdc_if.o
    0x200000e4   COMPRESSED   0x0000000c   Data   RW         1755    .data               stm32f1xx_hal.o
    0x200000f0   COMPRESSED   0x00000004   Data   RW         4390    .data               system_stm32f1xx.o
    0x200000f4   COMPRESSED   0x00000001   Data   RW         4570    .data               usbd_ctlreq.o
    0x200000f5   COMPRESSED   0x00000003   PAD
    0x200000f8   COMPRESSED   0x000000d7   Data   RW         4702    .data               usbd_cdc.o
    0x200001cf   COMPRESSED   0x00000001   PAD
    0x200001d0   COMPRESSED   0x00000038   Data   RW         4703    .data               usbd_cdc.o
    0x20000208        -       0x0000006a   Zero   RW          327    .bss                main.o
    0x20000272   COMPRESSED   0x00000002   PAD
    0x20000274        -       0x00000030   Zero   RW          601    .bss                adc.o
    0x200002a4        -       0x00000054   Zero   RW          643    .bss                i2c.o
    0x200002f8        -       0x00000048   Zero   RW          685    .bss                tim.o
    0x20000340        -       0x000002c4   Zero   RW          861    .bss                usb_device.o
    0x20000604        -       0x00000200   Zero   RW          899    .bss                usbd_desc.o
    0x20000804        -       0x000007d0   Zero   RW          982    .bss                usbd_cdc_if.o
    0x20000fd4        -       0x0000050c   Zero   RW         1061    .bss                usbd_conf.o
    0x200014e0        -       0x00000060   Zero   RW         5045    .bss                c_w.l(libspace.o)
    0x20001540        -       0x00000200   Zero   RW            2    HEAP                startup_stm32f103xb.o
    0x20001740        -       0x00000400   Zero   RW            1    STACK               startup_stm32f103xb.o


==============================================================================

Image component sizes


      Code (inc. data)   RO Data    RW Data    ZI Data      Debug   Object Name

       208         20          0          0         48       1673   adc.o
       692         46          0         80          0     454442   bmp180.o
       452         32          0          0          0       6205   ds18b20.o
       416         24          0          0          0       1087   gpio.o
       156         26          0          0         84       1617   i2c.o
      4348        514          0         50        106      56126   main.o
       112         10          0          0          0        709   radsens.o
        64         26        236          0       1536        808   startup_stm32f103xb.o
       164         28          0         12          0       5877   stm32f1xx_hal.o
      1312         54          0          0          0       7199   stm32f1xx_hal_adc.o
       232         14          0          0          0      29585   stm32f1xx_hal_cortex.o
       776         64          0          0          0       5052   stm32f1xx_hal_gpio.o
      3534         94          0          0          0      17341   stm32f1xx_hal_i2c.o
        60          8          0          0          0        866   stm32f1xx_hal_msp.o
      2980          0          0          0          0      13837   stm32f1xx_hal_pcd.o
        60          0          0          0          0       1166   stm32f1xx_hal_pcd_ex.o
      1272        100          0          0          0       5172   stm32f1xx_hal_rcc.o
       436         46          0          0          0       2525   stm32f1xx_hal_rcc_ex.o
       640         28          0          0          0       6514   stm32f1xx_hal_tim.o
       108         12          0          0          0       2357   stm32f1xx_hal_tim_ex.o
        84         12          0          0          0       6502   stm32f1xx_it.o
      2758          0          0          0          0      16515   stm32f1xx_ll_usb.o
         2          0         24          4          0       1107   system_stm32f1xx.o
       140         20          0          0         72       1574   tim.o
        84         18          0          0        708        788   usb_device.o
       726         16          0        271          0      12978   usbd_cdc.o
       112         22          0         16       2000       3244   usbd_cdc_if.o
       556         30          0          0       1292      14125   usbd_conf.o
       670          0          0          0          0       9419   usbd_core.o
      1186         28          0          1          0       7888   usbd_ctlreq.o
       288        104          0         78        512       5893   usbd_desc.o
       132          0          0          0          0       4304   usbd_ioreq.o

    ----------------------------------------------------------------------
     24794       1396        294        520       6360     704495   Object Totals
         0          0         32          0          0          0   (incl. Generated)
        34          0          2          8          2          0   (incl. Padding)

    ----------------------------------------------------------------------

      Code (inc. data)   RO Data    RW Data    ZI Data      Debug   Library Member Name

        90          0          0          0          0          0   __dczerorl2.o
         8          0          0          0          0         68   __main.o
       284          0          0          0          0        156   __printf_wp.o
         0          0          0          0          0          0   __rtentry.o
        12          0          0          0          0          0   __rtentry2.o
         6          0          0          0          0          0   __rtentry4.o
        52          8          0          0          0          0   __scatter.o
        28          0          0          0          0          0   __scatter_zi.o
        48          6          0          0          0         96   _printf_char_common.o
         6          0          0          0          0          0   _printf_d.o
       120         16          0          0          0         92   _printf_dec.o
         6          0          0          0          0          0   _printf_f.o
      1054          0          0          0          0        216   _printf_fp_dec.o
       128         16          0          0          0         84   _printf_fp_infnan.o
       178          0          0          0          0         88   _printf_intcommon.o
         0          0          0          0          0          0   _printf_percent.o
         4          0          0          0          0          0   _printf_percent_end.o
        22          0          0          0          0        100   _rserrno.o
        16          0          0          0          0         68   _snputc.o
        10          0          0          0          0         68   _sputc.o
       228          4        148          0          0         96   bigflt0.o
      1936        128          0          0          0        672   btod.o
        18          0          0          0          0         80   exit.o
         6          0          0          0          0        152   heapauxi.o
         0          0          0          0          0          0   indicate_semi.o
        44         10         28          0          0         76   lc_numeric_c.o
         2          0          0          0          0          0   libinit.o
        18          0          0          0          0          0   libinit2.o
         2          0          0          0          0          0   libshutdown.o
         2          0          0          0          0          0   libshutdown2.o
         8          4          0          0         96         68   libspace.o
       138          0          0          0          0         80   lludiv10.o
        52          4          0          0          0         84   noretval__2snprintf.o
        40          6          0          0          0         84   noretval__2sprintf.o
         8          4          0          0          0         68   rt_errno_addr_intlibspace.o
         8          4          0          0          0         68   rt_locale_intlibspace.o
        78          0          0          0          0         80   rt_memclr_w.o
       100          0          0          0          0         80   rt_memcpy_w.o
         2          0          0          0          0          0   rtexit.o
        10          0          0          0          0          0   rtexit2.o
       128          0          0          0          0         68   strcmpv7m.o
        62          0          0          0          0         76   strlen.o
        12          4          0          0          0         68   sys_exit.o
        74          0          0          0          0         80   sys_stackheap_outer.o
         2          0          0          0          0         68   use_no_semi.o
        98          4          0          0          0         92   d2f.o
       826         16          0          0          0        348   daddsub_clz.o
        16          4          0          0          0         68   dcheck1.o
        24          0          0          0          0         68   dcmpi.o
       688        140          0          0          0        208   ddiv.o
       120          4          0          0          0         92   deqf.o
        94          4          0          0          0         92   dfix.o
        90          4          0          0          0         92   dfixu.o
        84          0          0          0          0        136   dflt_clz.o
       120          4          0          0          0         92   dleqf.o
       340         12          0          0          0        104   dmul.o
       156          4          0          0          0         92   dnaninf.o
        12          0          0          0          0         68   dretinf.o
       108          0          0          0          0         80   drleqf.o
       180          4          0          0          0         80   drnd.o
       460         56          0          0          0        120   dsqrt_noumaal.o
        86          4          0          0          0         84   f2d.o
       430          8          0          0          0        168   faddsub_clz.o
        12          4          0          0          0         68   fcheck1.o
       388         76          0          0          0         96   fdiv.o
        86          0          0          0          0        136   fflt_clz.o
       258          4          0          0          0         84   fmul.o
       140          4          0          0          0         84   fnaninf.o
        10          0          0          0          0         68   fretinf.o
         4          0          0          0          0         68   printf1.o
       100          0          0          0          0         68   retnan.o
        92          0          0          0          0         68   scalbn.o
        76          0          0          0          0         68   scalbnf.o
        48          0          0          0          0         68   trapv.o
         0          0          0          0          0          0   usenofp.o
        68         10          0          0          0        408   dunder.o
        40          0          0          0          0         68   fpclassify.o
       860         52         56          0          0        256   log.o
       170          0          0          0          0         96   poly.o
      2520        190        136          0          0        324   pow.o
         0          0          8          0          0          0   qnan.o
       148         12          0          0          0         88   round.o
        76          0          0          0          0         84   sqrt.o

    ----------------------------------------------------------------------
     14104        834        376          0         96       7368   Library Totals
        26          0          0          0          0          0   (incl. Padding)

    ----------------------------------------------------------------------

      Code (inc. data)   RO Data    RW Data    ZI Data      Debug   Library Name

      5050        214        176          0         96       3084   c_w.l
      5146        356          0          0          0       2960   fz_ws.l
      3882        264        200          0          0       1324   m_ws.l

    ----------------------------------------------------------------------
     14104        834        376          0         96       7368   Library Totals

    ----------------------------------------------------------------------

==============================================================================


      Code (inc. data)   RO Data    RW Data    ZI Data      Debug   

     38898       2230        670        520       6456     695583   Grand Totals
     38898       2230        670        204       6456     695583   ELF Image Totals (compressed)
     38898       2230        670        204          0          0   ROM Totals

==============================================================================

    Total RO  Size (Code + RO Data)                39568 (  38.64kB)
    Total RW  Size (RW Data + ZI Data)              6976 (   6.81kB)
    Total ROM Size (Code + RO Data + RW Data)      39772 (  38.84kB)

==============================================================================

