Component: ARM Compiler 5.06 update 6 (build 750) Tool: armlink [4d35ed]

==============================================================================

Section Cross References

    startup_stm32f103xb.o(STACK) refers (Special) to heapauxi.o(.text) for __use_two_region_memory
    startup_stm32f103xb.o(HEAP) refers (Special) to heapauxi.o(.text) for __use_two_region_memory
    startup_stm32f103xb.o(RESET) refers (Special) to heapauxi.o(.text) for __use_two_region_memory
    startup_stm32f103xb.o(RESET) refers to startup_stm32f103xb.o(STACK) for __initial_sp
    startup_stm32f103xb.o(RESET) refers to startup_stm32f103xb.o(.text) for Reset_Handler
    startup_stm32f103xb.o(RESET) refers to stm32f1xx_it.o(i.NMI_Handler) for NMI_Handler
    startup_stm32f103xb.o(RESET) refers to stm32f1xx_it.o(i.HardFault_Handler) for HardFault_Handler
    startup_stm32f103xb.o(RESET) refers to stm32f1xx_it.o(i.MemManage_Handler) for MemManage_Handler
    startup_stm32f103xb.o(RESET) refers to stm32f1xx_it.o(i.BusFault_Handler) for BusFault_Handler
    startup_stm32f103xb.o(RESET) refers to stm32f1xx_it.o(i.UsageFault_Handler) for UsageFault_Handler
    startup_stm32f103xb.o(RESET) refers to stm32f1xx_it.o(i.SVC_Handler) for SVC_Handler
    startup_stm32f103xb.o(RESET) refers to stm32f1xx_it.o(i.DebugMon_Handler) for DebugMon_Handler
    startup_stm32f103xb.o(RESET) refers to stm32f1xx_it.o(i.PendSV_Handler) for PendSV_Handler
    startup_stm32f103xb.o(RESET) refers to stm32f1xx_it.o(i.SysTick_Handler) for SysTick_Handler
    startup_stm32f103xb.o(RESET) refers to stm32f1xx_it.o(i.EXTI0_IRQHandler) for EXTI0_IRQHandler
    startup_stm32f103xb.o(RESET) refers to stm32f1xx_it.o(i.EXTI1_IRQHandler) for EXTI1_IRQHandler
    startup_stm32f103xb.o(RESET) refers to stm32f1xx_it.o(i.USB_LP_CAN1_RX0_IRQHandler) for USB_LP_CAN1_RX0_IRQHandler
    startup_stm32f103xb.o(RESET) refers to stm32f1xx_it.o(i.EXTI9_5_IRQHandler) for EXTI9_5_IRQHandler
    startup_stm32f103xb.o(RESET) refers to stm32f1xx_it.o(i.EXTI15_10_IRQHandler) for EXTI15_10_IRQHandler
    startup_stm32f103xb.o(.text) refers (Special) to heapauxi.o(.text) for __use_two_region_memory
    startup_stm32f103xb.o(.text) refers to system_stm32f1xx.o(i.SystemInit) for SystemInit
    startup_stm32f103xb.o(.text) refers to __main.o(!!!main) for __main
    startup_stm32f103xb.o(.text) refers to startup_stm32f103xb.o(HEAP) for Heap_Mem
    startup_stm32f103xb.o(.text) refers to startup_stm32f103xb.o(STACK) for Stack_Mem
    bmp180.o(i.BMP180_GetPress) refers to bmp180.o(i.Get_UPress) for Get_UPress
    bmp180.o(i.BMP180_GetPress) refers to pow.o(i.pow) for pow
    bmp180.o(i.BMP180_GetPress) refers to dflt_clz.o(x$fpl$dfltu) for __aeabi_ui2d
    bmp180.o(i.BMP180_GetPress) refers to ddiv.o(x$fpl$ddiv) for __aeabi_ddiv
    bmp180.o(i.BMP180_GetPress) refers to dflt_clz.o(x$fpl$dflt) for __aeabi_i2d
    bmp180.o(i.BMP180_GetPress) refers to dmul.o(x$fpl$dmul) for __aeabi_dmul
    bmp180.o(i.BMP180_GetPress) refers to dfix.o(x$fpl$dfix) for __aeabi_d2iz
    bmp180.o(i.BMP180_GetPress) refers to dfixu.o(x$fpl$dfixu) for __aeabi_d2uiz
    bmp180.o(i.BMP180_GetPress) refers to fflt_clz.o(x$fpl$ffltu) for __aeabi_ui2f
    bmp180.o(i.BMP180_GetPress) refers to f2d.o(x$fpl$f2d) for __aeabi_f2d
    bmp180.o(i.BMP180_GetPress) refers to fmul.o(x$fpl$fmul) for __aeabi_fmul
    bmp180.o(i.BMP180_GetPress) refers to daddsub_clz.o(x$fpl$dadd) for __aeabi_dadd
    bmp180.o(i.BMP180_GetPress) refers to bmp180.o(.data) for UP
    bmp180.o(i.BMP180_GetPress) refers to d2f.o(x$fpl$d2f) for __aeabi_d2f
    bmp180.o(i.Get_UPress) refers to stm32f1xx_hal_i2c.o(i.HAL_I2C_Mem_Write) for HAL_I2C_Mem_Write
    bmp180.o(i.Get_UPress) refers to stm32f1xx_hal.o(i.HAL_Delay) for HAL_Delay
    bmp180.o(i.Get_UPress) refers to stm32f1xx_hal_i2c.o(i.HAL_I2C_Mem_Read) for HAL_I2C_Mem_Read
    bmp180.o(i.Get_UPress) refers to i2c.o(.bss) for hi2c1
    bmp180.o(i.read_calliberation_data) refers to rt_memclr_w.o(.text) for __aeabi_memclr4
    bmp180.o(i.read_calliberation_data) refers to stm32f1xx_hal_i2c.o(i.HAL_I2C_Mem_Read) for HAL_I2C_Mem_Read
    bmp180.o(i.read_calliberation_data) refers to i2c.o(.bss) for hi2c1
    bmp180.o(i.read_calliberation_data) refers to bmp180.o(.data) for AC1
    ds18b20.o(i.DelayMicro) refers to system_stm32f1xx.o(.data) for SystemCoreClock
    ds18b20.o(i.ds18b20_Convert) refers to fflt_clz.o(x$fpl$fflt) for __aeabi_i2f
    ds18b20.o(i.ds18b20_Convert) refers to fdiv.o(x$fpl$fdiv) for __aeabi_fdiv
    ds18b20.o(i.ds18b20_Convert) refers to faddsub_clz.o(x$fpl$fadd) for __aeabi_fadd
    ds18b20.o(i.ds18b20_MeasureTemperCmd) refers to ds18b20.o(i.ds18b20_Reset) for ds18b20_Reset
    ds18b20.o(i.ds18b20_MeasureTemperCmd) refers to ds18b20.o(i.ds18b20_WriteByte) for ds18b20_WriteByte
    ds18b20.o(i.ds18b20_ReadBit) refers to ds18b20.o(i.DelayMicro) for DelayMicro
[...]
    HAL_TIM_PWM_Start_IT                     0x08005199   Thumb Code   274  stm32f1xx_hal_tim.o(i.HAL_TIM_PWM_Start_IT)
    HardFault_Handler                        0x080052b9   Thumb Code     4  stm32f1xx_it.o(i.HardFault_Handler)
    Hx711Task                                0x080052bd   Thumb Code   910  main.o(i.Hx711Task)
    INDUCT                                   0x08005d7d   Thumb Code   330  main.o(i.INDUCT)
    MX_ADC1_Init                             0x08005f4d   Thumb Code   130  adc.o(i.MX_ADC1_Init)
    MX_GPIO_Init                             0x08005fd9   Thumb Code   430  gpio.o(i.MX_GPIO_Init)
    MX_I2C1_Init                             0x0800619d   Thumb Code    48  i2c.o(i.MX_I2C1_Init)
    MX_TIM1_Init                             0x080061d9   Thumb Code   168  tim.o(i.MX_TIM1_Init)
    MX_USB_DEVICE_Init                       0x08006289   Thumb Code    60  usb_device.o(i.MX_USB_DEVICE_Init)
    MemManage_Handler                        0x080062d5   Thumb Code     4  stm32f1xx_it.o(i.MemManage_Handler)
    NMI_Handler                              0x080062d9   Thumb Code     4  stm32f1xx_it.o(i.NMI_Handler)
    PendSV_Handler                           0x080066cf   Thumb Code     2  stm32f1xx_it.o(i.PendSV_Handler)
    SVC_Handler                              0x080066f9   Thumb Code     2  stm32f1xx_it.o(i.SVC_Handler)
    SysTick_Handler                          0x080066fb   Thumb Code     8  stm32f1xx_it.o(i.SysTick_Handler)
    SystemClock_Config                       0x08006703   Thumb Code   138  main.o(i.SystemClock_Config)
    SystemInit                               0x0800678d   Thumb Code     2  system_stm32f1xx.o(i.SystemInit)
    TCS34725_Enable                          0x0800678f   Thumb Code    38  main.o(i.TCS34725_Enable)
    TCS34725_GetChannelData                  0x080067b5   Thumb Code    36  main.o(i.TCS34725_GetChannelData)
    TCS34725_GetRawData                      0x080067d9   Thumb Code    94  main.o(i.TCS34725_GetRawData)
    TCS34725_Read                            0x08006849   Thumb Code    58  main.o(i.TCS34725_Read)
    TCS34725_SetGain                         0x08006889   Thumb Code    18  main.o(i.TCS34725_SetGain)
    TCS34725_SetIntegrationTime              0x0800689b   Thumb Code    18  main.o(i.TCS34725_SetIntegrationTime)
    TCS34725_Setup                           0x080068ad   Thumb Code    64  main.o(i.TCS34725_Setup)
    TCS34725_Write                           0x080068ed   Thumb Code    70  main.o(i.TCS34725_Write)
    TIM_Base_SetConfig                       0x08006939   Thumb Code   104  stm32f1xx_hal_tim.o(i.TIM_Base_SetConfig)
    TIM_CCxChannelCmd                        0x080069ad   Thumb Code    34  stm32f1xx_hal_tim.o(i.TIM_CCxChannelCmd)
    TIM_OC2_SetConfig                        0x08006a31   Thumb Code   100  stm32f1xx_hal_tim.o(i.TIM_OC2_SetConfig)
    USBD_CDC_GetDeviceQualifierDescriptor    0x08006c79   Thumb Code    10  usbd_cdc.o(i.USBD_CDC_GetDeviceQualifierDescriptor)
    USBD_CDC_ReceivePacket                   0x08006d71   Thumb Code    58  usbd_cdc.o(i.USBD_CDC_ReceivePacket)
    USBD_CDC_RegisterInterface               0x08006dab   Thumb Code    14  usbd_cdc.o(i.USBD_CDC_RegisterInterface)
    USBD_CDC_SetRxBuffer                     0x08006db9   Thumb Code    14  usbd_cdc.o(i.USBD_CDC_SetRxBuffer)
    USBD_CDC_SetTxBuffer                     0x08006dc7   Thumb Code    20  usbd_cdc.o(i.USBD_CDC_SetTxBuffer)
    USBD_CDC_TransmitPacket                  0x08006ecf   Thumb Code    62  usbd_cdc.o(i.USBD_CDC_TransmitPacket)
    USBD_ClrClassConfig                      0x08006f0d   Thumb Code    22  usbd_core.o(i.USBD_ClrClassConfig)
    USBD_CtlContinueRx                       0x08006f61   Thumb Code    24  usbd_ioreq.o(i.USBD_CtlContinueRx)
    USBD_CtlContinueSendData                 0x08006f79   Thumb Code    24  usbd_ioreq.o(i.USBD_CtlContinueSendData)
    USBD_CtlError                            0x08006f91   Thumb Code    24  usbd_ctlreq.o(i.USBD_CtlError)
    USBD_CtlPrepareRx                        0x08006fa9   Thumb Code    40  usbd_ioreq.o(i.USBD_CtlPrepareRx)
    USBD_CtlReceiveStatus                    0x08006fd1   Thumb Code    26  usbd_ioreq.o(i.USBD_CtlReceiveStatus)
    USBD_CtlSendData                         0x08006feb   Thumb Code    34  usbd_ioreq.o(i.USBD_CtlSendData)
    USBD_CtlSendStatus                       0x0800700d   Thumb Code    26  usbd_ioreq.o(i.USBD_CtlSendStatus)
    USBD_FS_ConfigStrDescriptor              0x08007029   Thumb Code    34  usbd_desc.o(i.USBD_FS_ConfigStrDescriptor)
    USBD_FS_DeviceDescriptor                 0x0800705d   Thumb Code    10  usbd_desc.o(i.USBD_FS_DeviceDescriptor)
    USBD_FS_InterfaceStrDescriptor           0x0800706d   Thumb Code    34  usbd_desc.o(i.USBD_FS_InterfaceStrDescriptor)
    USBD_FS_LangIDStrDescriptor              0x080070a5   Thumb Code    10  usbd_desc.o(i.USBD_FS_LangIDStrDescriptor)
    USBD_FS_ManufacturerStrDescriptor        0x080070b5   Thumb Code    20  usbd_desc.o(i.USBD_FS_ManufacturerStrDescriptor)
    USBD_FS_ProductStrDescriptor             0x080070e1   Thumb Code    34  usbd_desc.o(i.USBD_FS_ProductStrDescriptor)
    USBD_FS_SerialStrDescriptor              0x08007121   Thumb Code    18  usbd_desc.o(i.USBD_FS_SerialStrDescriptor)
    USBD_GetString                           0x080073f1   Thumb Code    82  usbd_ctlreq.o(i.USBD_GetString)
    USBD_Init                                0x0800746f   Thumb Code    50  usbd_core.o(i.USBD_Init)
    USBD_LL_ClearStallEP                     0x080074a1   Thumb Code    38  usbd_conf.o(i.USBD_LL_ClearStallEP)
    USBD_LL_CloseEP                          0x080074c7   Thumb Code    38  usbd_conf.o(i.USBD_LL_CloseEP)
    USBD_LL_DataInStage                      0x080074ed   Thumb Code   256  usbd_core.o(i.USBD_LL_DataInStage)
    USBD_LL_DataOutStage                     0x080075ed   Thumb Code   166  usbd_core.o(i.USBD_LL_DataOutStage)
    USBD_LL_GetRxDataSize                    0x08007693   Thumb Code    18  usbd_conf.o(i.USBD_LL_GetRxDataSize)
    USBD_LL_Init                             0x080076a5   Thumb Code   124  usbd_conf.o(i.USBD_LL_Init)
    USBD_LL_IsStallEP                        0x08007729   Thumb Code    56  usbd_conf.o(i.USBD_LL_IsStallEP)
    USBD_LL_OpenEP                           0x08007761   Thumb Code    48  usbd_conf.o(i.USBD_LL_OpenEP)
    USBD_LL_PrepareReceive                   0x08007791   Thumb Code    48  usbd_conf.o(i.USBD_LL_PrepareReceive)
    USBD_LL_Reset                            0x080077c1   Thumb Code    92  usbd_core.o(i.USBD_LL_Reset)
    USBD_LL_Resume                           0x0800781d   Thumb Code    22  usbd_core.o(i.USBD_LL_Resume)
    USBD_LL_SOF                              0x08007833   Thumb Code    34  usbd_core.o(i.USBD_LL_SOF)
    USBD_LL_SetSpeed                         0x08007855   Thumb Code     8  usbd_core.o(i.USBD_LL_SetSpeed)
    USBD_LL_SetUSBAddress                    0x0800785d   Thumb Code    38  usbd_conf.o(i.USBD_LL_SetUSBAddress)
    USBD_LL_SetupStage                       0x08007883   Thumb Code   110  usbd_core.o(i.USBD_LL_SetupStage)
    USBD_LL_StallEP                          0x080078f1   Thumb Code    38  usbd_conf.o(i.USBD_LL_StallEP)
    USBD_LL_Start                            0x08007917   Thumb Code    30  usbd_conf.o(i.USBD_LL_Start)
    USBD_LL_Suspend                          0x08007935   Thumb Code    20  usbd_core.o(i.USBD_LL_Suspend)
    USBD_LL_Transmit                         0x08007949   Thumb Code    48  usbd_conf.o(i.USBD_LL_Transmit)
    USBD_ParseSetupRequest                   0x08007979   Thumb Code    40  usbd_ctlreq.o(i.USBD_ParseSetupRequest)
    USBD_RegisterClass                       0x080079a1   Thumb Code    16  usbd_core.o(i.USBD_RegisterClass)
    USBD_RunTestMode                         0x080079b1   Thumb Code     6  usbd_core.o(i.USBD_RunTestMode)
    USBD_SetClassConfig                      0x08007a11   Thumb Code    34  usbd_core.o(i.USBD_SetClassConfig)
    USBD_Start                               0x08007b35   Thumb Code    14  usbd_core.o(i.USBD_Start)
    USBD_StdDevReq                           0x08007b43   Thumb Code   162  usbd_ctlreq.o(i.USBD_StdDevReq)
    USBD_StdEPReq                            0x08007be5   Thumb Code   568  usbd_ctlreq.o(i.USBD_StdEPReq)
    USBD_StdItfReq                           0x08007e1d   Thumb Code   126  usbd_ctlreq.o(i.USBD_StdItfReq)
    USBD_static_free                         0x08007e9b   Thumb Code     2  usbd_conf.o(i.USBD_static_free)
    USBD_static_malloc                       0x08007e9d   Thumb Code     6  usbd_conf.o(i.USBD_static_malloc)
    USB_ActivateEndpoint                     0x08007ea9   Thumb Code  1100  stm32f1xx_ll_usb.o(i.USB_ActivateEndpoint)
    USB_CoreInit                             0x080082f5   Thumb Code     8  stm32f1xx_ll_usb.o(i.USB_CoreInit)
    USB_DeactivateEndpoint                   0x080082fd   Thumb Code   636  stm32f1xx_ll_usb.o(i.USB_DeactivateEndpoint)
    USB_DevConnect                           0x08008579   Thumb Code     6  stm32f1xx_ll_usb.o(i.USB_DevConnect)
    USB_DevDisconnect                        0x0800857f   Thumb Code     6  stm32f1xx_ll_usb.o(i.USB_DevDisconnect)
    USB_DevInit                              0x08008585   Thumb Code    22  stm32f1xx_ll_usb.o(i.USB_DevInit)
    USB_DisableGlobalInt                     0x0800859b   Thumb Code    20  stm32f1xx_ll_usb.o(i.USB_DisableGlobalInt)
    USB_EP0_OutStart                         0x080085af   Thumb Code     6  stm32f1xx_ll_usb.o(i.USB_EP0_OutStart)
    USB_EPClearStall                         0x080085b5   Thumb Code   218  stm32f1xx_ll_usb.o(i.USB_EPClearStall)
    USB_EPSetStall                           0x0800868f   Thumb Code    92  stm32f1xx_ll_usb.o(i.USB_EPSetStall)
    USB_EPStartXfer                          0x080086eb   Thumb Code  2954  stm32f1xx_ll_usb.o(i.USB_EPStartXfer)
    USB_EnableGlobalInt                      0x08009275   Thumb Code    18  stm32f1xx_ll_usb.o(i.USB_EnableGlobalInt)
    USB_LP_CAN1_RX0_IRQHandler               0x08009289   Thumb Code    10  stm32f1xx_it.o(i.USB_LP_CAN1_RX0_IRQHandler)
    USB_ReadInterrupts                       0x08009299   Thumb Code     8  stm32f1xx_ll_usb.o(i.USB_ReadInterrupts)
    USB_ReadPMA                              0x080092a1   Thumb Code    74  stm32f1xx_ll_usb.o(i.USB_ReadPMA)
    USB_SetCurrentMode                       0x080092eb   Thumb Code     6  stm32f1xx_ll_usb.o(i.USB_SetCurrentMode)
    USB_SetDevAddress                        0x080092f1   Thumb Code    14  stm32f1xx_ll_usb.o(i.USB_SetDevAddress)
    USB_WritePMA                             0x080092ff   Thumb Code    66  stm32f1xx_ll_usb.o(i.USB_WritePMA)
    UsageFault_Handler                       0x08009341   Thumb Code     4  stm32f1xx_it.o(i.UsageFault_Handler)
    __ARM_fpclassify                         0x08009345   Thumb Code    40  fpclassify.o(i.__ARM_fpclassify)
    __kernel_poly                            0x080093c1   Thumb Code   170  poly.o(i.__kernel_poly)
    __mathlib_dbl_divzero                    0x0800946d   Thumb Code    12  dunder.o(i.__mathlib_dbl_divzero)
    __mathlib_dbl_infnan2                    0x0800947d   Thumb Code     4  dunder.o(i.__mathlib_dbl_infnan2)
    __mathlib_dbl_invalid                    0x08009481   Thumb Code    12  dunder.o(i.__mathlib_dbl_invalid)
    __mathlib_dbl_overflow                   0x0800948d   Thumb Code    14  dunder.o(i.__mathlib_dbl_overflow)
    __mathlib_dbl_underflow                  0x0800949d   Thumb Code    10  dunder.o(i.__mathlib_dbl_underflow)
    _is_digit                                0x080094ad   Thumb Code    14  __printf_wp.o(i._is_digit)
    adcAverage                               0x080094bd   Thumb Code    78  main.o(i.adcAverage)
    adcSeq                                   0x08009519   Thumb Code    42  main.o(i.adcSeq)
    adcSum                                   0x0800954d   Thumb Code    50  main.o(i.adcSum)
    averageAdc_for_N_msec                    0x0800958d   Thumb Code    32  main.o(i.averageAdc_for_N_msec)
    calculateLux                             0x080095ad   Thumb Code    86  main.o(i.calculateLux)
    clearEXTIs                               0x08009611   Thumb Code    46  main.o(i.clearEXTIs)
    dacWrite                                 0x08009645   Thumb Code   118  main.o(i.dacWrite)
    delayUs                                  0x080096c1   Thumb Code    30  main.o(i.delayUs)
    disableEXTIs                             0x080096e9   Thumb Code    28  main.o(i.disableEXTIs)
    displayFloat                             0x08009705   Thumb Code   376  main.o(i.displayFloat)
    ds18b20_Convert                          0x080098a1   Thumb Code    50  ds18b20.o(i.ds18b20_Convert)
    ds18b20_GetSign                          0x080098d3   Thumb Code    16  ds18b20.o(i.ds18b20_GetSign)
    ds18b20_MeasureTemperCmd                 0x080098e3   Thumb Code    26  ds18b20.o(i.ds18b20_MeasureTemperCmd)
    ds18b20_ReadBit                          0x080098fd   Thumb Code    60  ds18b20.o(i.ds18b20_ReadBit)
    ds18b20_ReadByte                         0x0800993d   Thumb Code    30  ds18b20.o(i.ds18b20_ReadByte)
    ds18b20_ReadStratcpad                    0x0800995b   Thumb Code    50  ds18b20.o(i.ds18b20_ReadStratcpad)
    ds18b20_Reset                            0x0800998d   Thumb Code    68  ds18b20.o(i.ds18b20_Reset)
    ds18b20_WriteBit                         0x080099d5   Thumb Code    58  ds18b20.o(i.ds18b20_WriteBit)
    ds18b20_WriteByte                        0x08009a15   Thumb Code    36  ds18b20.o(i.ds18b20_WriteByte)
    ds18b20_init                             0x08009a39   Thumb Code    50  ds18b20.o(i.ds18b20_init)
    dwt_init                                 0x08009a6d   Thumb Code    30  main.o(i.dwt_init)
    enableExtis                              0x08009a95   Thumb Code   124  main.o(i.enableExtis)
    getAHT20                                 0x08009b21   Thumb Code   132  main.o(i.getAHT20)
    getDS18B20                               0x08009bb9   Thumb Code    68  main.o(i.getDS18B20)
    getModuleId                              0x08009c05   Thumb Code   126  main.o(i.getModuleId)
    getNitratSensor                          0x08009c8d   Thumb Code    24  main.o(i.getNitratSensor)
    getRadSens                               0x08009cad   Thumb Code   110  radsens.o(i.getRadSens)
    getResistance                            0x08009d25   Thumb Code   506  main.o(i.getResistance)
    getUVIndex                               0x08009f51   Thumb Code   106  main.o(i.getUVIndex)
    getValueHX711                            0x08009fd5   Thumb Code   178  main.o(i.getValueHX711)
    getVoltage                               0x0800a08d   Thumb Code    32  main.o(i.getVoltage)
    getVoltageCurrent                        0x0800a0b5   Thumb Code  1254  main.o(i.getVoltageCurrent)
    get_TCS34725                             0x0800a5a5   Thumb Code    38  main.o(i.get_TCS34725)
    hx711Average                             0x0800a5d1   Thumb Code    90  main.o(i.hx711Average)
    hx711clkPulse                            0x0800a631   Thumb Code    36  main.o(i.hx711clkPulse)
    lcMeterTask                              0x0800a659   Thumb Code   448  main.o(i.lcMeterTask)
    main                                     0x0800a869   Thumb Code  1760  main.o(i.main)
    port_init                                0x0800af79   Thumb Code    50  ds18b20.o(i.port_init)
    pow                                      0x0800afb1   Thumb Code  2512  pow.o(i.pow)
    pres_task                                0x0800b989   Thumb Code  1346  main.o(i.pres_task)
    read_calliberation_data                  0x0800bf11   Thumb Code   236  bmp180.o(i.read_calliberation_data)
    round                                    0x0800c02d   Thumb Code   136  round.o(i.round)
    sendByteSPI                              0x0800c0c1   Thumb Code    92  main.o(i.sendByteSPI)
    spirograph                               0x0800c121   Thumb Code  1216  main.o(i.spirograph)
    sqrt                                     0x0800c605   Thumb Code    76  sqrt.o(i.sqrt)
    timerTask                                0x0800c651   Thumb Code   592  main.o(i.timerTask)
    waiting_animation                        0x0800c8e9   Thumb Code    90  main.o(i.waiting_animation)
    weightTask                               0x0800c949   Thumb Code   928  main.o(i.weightTask)
    _get_lc_numeric                          0x0800cd39   Thumb Code    44  lc_numeric_c.o(locale$$code)
    __aeabi_d2f                              0x0800cd65   Thumb Code     0  d2f.o(x$fpl$d2f)
    _d2f                                     0x0800cd65   Thumb Code    98  d2f.o(x$fpl$d2f)
    __aeabi_dadd                             0x0800cdc9   Thumb Code     0  daddsub_clz.o(x$fpl$dadd)
    _dadd                                    0x0800cdc9   Thumb Code   332  daddsub_clz.o(x$fpl$dadd)
    __fpl_dcheck_NaN1                        0x0800cf19   Thumb Code    10  dcheck1.o(x$fpl$dcheck1)
    __fpl_dcmp_Inf                           0x0800cf29   Thumb Code    24  dcmpi.o(x$fpl$dcmpinf)
    __aeabi_ddiv                             0x0800cf41   Thumb Code     0  ddiv.o(x$fpl$ddiv)
    _ddiv                                    0x0800cf41   Thumb Code   552  ddiv.o(x$fpl$ddiv)
    __aeabi_d2iz                             0x0800d1f1   Thumb Code     0  dfix.o(x$fpl$dfix)
    _dfix                                    0x0800d1f1   Thumb Code    94  dfix.o(x$fpl$dfix)
    __aeabi_d2uiz                            0x0800d251   Thumb Code     0  dfixu.o(x$fpl$dfixu)
    _dfixu                                   0x0800d251   Thumb Code    90  dfixu.o(x$fpl$dfixu)
    __aeabi_i2d                              0x0800d2ab   Thumb Code     0  dflt_clz.o(x$fpl$dflt)
    _dflt                                    0x0800d2ab   Thumb Code    46  dflt_clz.o(x$fpl$dflt)
    __aeabi_ui2d                             0x0800d2d9   Thumb Code     0  dflt_clz.o(x$fpl$dfltu)
    _dfltu                                   0x0800d2d9   Thumb Code    38  dflt_clz.o(x$fpl$dfltu)
    __aeabi_cdcmple                          0x0800d301   Thumb Code     0  dleqf.o(x$fpl$dleqf)
    _dcmple                                  0x0800d301   Thumb Code   120  dleqf.o(x$fpl$dleqf)
    __fpl_dcmple_InfNaN                      0x0800d363   Thumb Code     0  dleqf.o(x$fpl$dleqf)
    __aeabi_dmul                             0x0800d379   Thumb Code     0  dmul.o(x$fpl$dmul)
    _dmul                                    0x0800d379   Thumb Code   332  dmul.o(x$fpl$dmul)
    __fpl_dnaninf                            0x0800d4cd   Thumb Code   156  dnaninf.o(x$fpl$dnaninf)
    __fpl_dretinf                            0x0800d569   Thumb Code    12  dretinf.o(x$fpl$dretinf)
    __aeabi_cdrcmple                         0x0800d575   Thumb Code     0  drleqf.o(x$fpl$drleqf)
    _drcmple                                 0x0800d575   Thumb Code   108  drleqf.o(x$fpl$drleqf)
    _drnd                                    0x0800d5e1   Thumb Code   180  drnd.o(x$fpl$drnd)
    __aeabi_drsub                            0x0800d695   Thumb Code     0  daddsub_clz.o(x$fpl$drsb)
    _drsb                                    0x0800d695   Thumb Code    22  daddsub_clz.o(x$fpl$drsb)
    _dsqrt                                   0x0800d6ad   Thumb Code   456  dsqrt_noumaal.o(x$fpl$dsqrt)
    __aeabi_dsub                             0x0800d879   Thumb Code     0  daddsub_clz.o(x$fpl$dsub)
    _dsub                                    0x0800d879   Thumb Code   464  daddsub_clz.o(x$fpl$dsub)
    __aeabi_f2d                              0x0800da4d   Thumb Code     0  f2d.o(x$fpl$f2d)
    _f2d                                     0x0800da4d   Thumb Code    86  f2d.o(x$fpl$f2d)
    __aeabi_fadd                             0x0800daa5   Thumb Code     0  faddsub_clz.o(x$fpl$fadd)
    _fadd                                    0x0800daa5   Thumb Code   196  faddsub_clz.o(x$fpl$fadd)
    __fpl_fcmp_Inf                           0x0800db69   Thumb Code    24  fcmpi.o(x$fpl$fcmpinf)
    __aeabi_fdiv                             0x0800db81   Thumb Code     0  fdiv.o(x$fpl$fdiv)
    _fdiv                                    0x0800db81   Thumb Code   384  fdiv.o(x$fpl$fdiv)
    __aeabi_cfcmpeq                          0x0800dd05   Thumb Code     0  feqf.o(x$fpl$feqf)
    _fcmpeq                                  0x0800dd05   Thumb Code   104  feqf.o(x$fpl$feqf)
    __aeabi_f2uiz                            0x0800dd6d   Thumb Code     0  ffixu.o(x$fpl$ffixu)
    _ffixu                                   0x0800dd6d   Thumb Code    62  ffixu.o(x$fpl$ffixu)
    __aeabi_i2f                              0x0800ddad   Thumb Code     0  fflt_clz.o(x$fpl$fflt)
    _fflt                                    0x0800ddad   Thumb Code    48  fflt_clz.o(x$fpl$fflt)
    __aeabi_ui2f                             0x0800dddd   Thumb Code     0  fflt_clz.o(x$fpl$ffltu)
    _ffltu                                   0x0800dddd   Thumb Code    38  fflt_clz.o(x$fpl$ffltu)
    __aeabi_cfcmple                          0x0800de05   Thumb Code     0  fleqf.o(x$fpl$fleqf)
    _fcmple                                  0x0800de05   Thumb Code   104  fleqf.o(x$fpl$fleqf)
    __fpl_fcmple_InfNaN                      0x0800de57   Thumb Code     0  fleqf.o(x$fpl$fleqf)
    __aeabi_fmul                             0x0800de6d   Thumb Code     0  fmul.o(x$fpl$fmul)
    _fmul                                    0x0800de6d   Thumb Code   258  fmul.o(x$fpl$fmul)
    __fpl_fnaninf                            0x0800df6f   Thumb Code   140  fnaninf.o(x$fpl$fnaninf)
    __fpl_fretinf                            0x0800dffb   Thumb Code    10  fretinf.o(x$fpl$fretinf)
    __aeabi_cfrcmple                         0x0800e005   Thumb Code     0  frleqf.o(x$fpl$frleqf)
    _frcmple                                 0x0800e005   Thumb Code    98  frleqf.o(x$fpl$frleqf)
    __aeabi_fsub                             0x0800e069   Thumb Code     0  faddsub_clz.o(x$fpl$fsub)
    _fsub                                    0x0800e069   Thumb Code   234  faddsub_clz.o(x$fpl$fsub)
    _printf_fp_dec                           0x0800e153   Thumb Code     4  printf1.o(x$fpl$printf1)
    __fpl_return_NaN                         0x0800e157   Thumb Code   100  retnan.o(x$fpl$retnan)
    __ARM_scalbn                             0x0800e1bb   Thumb Code    92  scalbn.o(x$fpl$scalbn)
    __fpl_cmpreturn                          0x0800e217   Thumb Code    48  trapv.o(x$fpl$trapveneer)
    AHBPrescTable                            0x0800e246   Data          16  system_stm32f1xx.o(.constdata)
    __I$use$fp                               0x0800e246   Number         0  usenofp.o(x$fpl$usenofp)
    APBPrescTable                            0x0800e256   Data           8  system_stm32f1xx.o(.constdata)
    __mathlib_zero                           0x0800e2e8   Data           8  qnan.o(.constdata)
    Region$$Table$$Base                      0x0800e384   Number         0  anon$$obj.o(Region$$Table)
    Region$$Table$$Limit                     0x0800e3a4   Number         0  anon$$obj.o(Region$$Table)
    AC1                                      0x20000000   Data           2  bmp180.o(.data)
    AC2                                      0x20000002   Data           2  bmp180.o(.data)
    AC3                                      0x20000004   Data           2  bmp180.o(.data)
    AC4                                      0x20000006   Data           2  bmp180.o(.data)
    AC5                                      0x20000008   Data           2  bmp180.o(.data)
    AC6                                      0x2000000a   Data           2  bmp180.o(.data)
    B1                                       0x2000000c   Data           2  bmp180.o(.data)
    B2                                       0x2000000e   Data           2  bmp180.o(.data)
    MB                                       0x20000010   Data           2  bmp180.o(.data)
    MC                                       0x20000012   Data           2  bmp180.o(.data)
    MD                                       0x20000014   Data           2  bmp180.o(.data)
    K                                        0x20000018   Data           8  bmp180.o(.data)
    UP                                       0x20000020   Data           4  bmp180.o(.data)
    X1                                       0x20000024   Data           4  bmp180.o(.data)
    X2                                       0x20000028   Data           4  bmp180.o(.data)
    B5                                       0x2000002c   Data           4  bmp180.o(.data)
    B6                                       0x20000030   Data           4  bmp180.o(.data)
    X3                                       0x20000034   Data           4  bmp180.o(.data)
    B3                                       0x20000038   Data           4  bmp180.o(.data)
    UT                                       0x2000003c   Data           4  bmp180.o(.data)
    B4                                       0x20000040   Data           4  bmp180.o(.data)
    B7                                       0x20000044   Data           4  bmp180.o(.data)
    Press                                    0x20000048   Data           4  bmp180.o(.data)
    count_tic                                0x2000004c   Data           4  main.o(.data)
    signsAllowed                             0x20000050   Data           1  main.o(.data)
    currentModule                            0x20000051   Data           1  main.o(.data)
    rj45_connected                           0x20000052   Data           3  main.o(.data)
    valueOnScreen                            0x20000055   Data           1  main.o(.data)
    adc                                      0x20000056   Data           6  main.o(.data)
    adcNSamples                              0x2000005c   Data           2  main.o(.data)
    timeStart                                0x20000060   Data           4  main.o(.data)
    time_started                             0x20000064   Data           1  main.o(.data)
    interruptOnSwitch                        0x20000065   Data           1  main.o(.data)
    interruptsCount                          0x20000066   Data           1  main.o(.data)
    intervalOnScreen                         0x20000067   Data           1  main.o(.data)
    period                                   0x20000068   Data           4  main.o(.data)
    periodLast                               0x2000006c   Data           4  main.o(.data)
    period_t                                 0x20000070   Data           4  main.o(.data)
    periodLast_t                             0x20000074   Data           4  main.o(.data)
    old_count                                0x20000078   Data           4  main.o(.data)
    flag_time_task                           0x2000007c   Data           1  main.o(.data)
    lcd_time_task_count                      0x20000080   Data           4  main.o(.data)
    data_1_f                                 0x20000084   Data           1  main.o(.data)
    data_2_f                                 0x20000085   Data           1  main.o(.data)
    pin_in                                   0x20000088   Data           4  main.o(.data)
    zero                                     0x2000008c   Data           1  main.o(.data)
    irqFlag                                  0x2000008d   Data           1  main.o(.data)
    debounceLong                             0x2000008e   Data           1  main.o(.data)
    result                                   0x20000090   Data           4  main.o(.data)
    in_pres                                  0x20000094   Data           4  main.o(.data)
    diap                                     0x20000098   Data           1  main.o(.data)
    freq                                     0x2000009c   Data           4  main.o(.data)
    cap_count                                0x200000a0   Data           4  main.o(.data)
    cap_count_old                            0x200000a4   Data           4  main.o(.data)
    f                                        0x200000a8   Data           4  main.o(.data)
    f_1                                      0x200000ac   Data           4  main.o(.data)
    f_all                                    0x200000b0   Data           4  main.o(.data)
    cap_count_1                              0x200000b4   Data           4  main.o(.data)
    cap_old                                  0x200000b8   Data           4  main.o(.data)
    sendStatusTime                           0x200000bc   Data           4  main.o(.data)
    sendTime                                 0x200000c0   Data           4  main.o(.data)
    shiftBuf                                 0x200000c4   Data           3  main.o(.data)
    USBconnected                             0x200000c7   Data           1  main.o(.data)
    startSpirograph                          0x200000c8   Data           1  main.o(.data)
    spirographSum                            0x200000cc   Data           4  main.o(.data)
    spirographCounter                        0x200000d0   Data           1  main.o(.data)
    spirographCounterSec                     0x200000d4   Data           4  main.o(.data)
    sendPress                                0x200000d8   Data           4  main.o(.data)
    Rx                                       0x200000dc   Data           4  main.o(.data)
    dac                                      0x200000e0   Data           2  main.o(.data)
    flag                                     0x200000e4   Data           4  main.o(.data)
    input                                    0x200000e8   Data           1  main.o(.data)
    callibr                                  0x200000ec   Data           4  main.o(.data)
    callibr300                               0x200000f0   Data           4  main.o(.data)
    firstConnectPress                        0x200000f4   Data           1  main.o(.data)
    offsetPress                              0x200000f8   Data           4  main.o(.data)
    ff                                       0x200000fc   Data           1  main.o(.data)
    aht_20_t                                 0x20000100   Data           4  main.o(.data)
    induct_result                            0x20000104   Data           4  main.o(.data)
    c_t                                      0x20000108   Data           2  main.o(.data)
    r_t                                      0x2000010a   Data           2  main.o(.data)
    g_t                                      0x2000010c   Data           2  main.o(.data)
    b_t                                      0x2000010e   Data           2  main.o(.data)
    r_p                                      0x20000110   Data           2  main.o(.data)
    g_p                                      0x20000112   Data           2  main.o(.data)
    b_p                                      0x20000114   Data           2  main.o(.data)
    FS_Desc                                  0x20000120   Data          28  usbd_desc.o(.data)
    USBD_FS_DeviceDesc                       0x2000013c   Data          18  usbd_desc.o(.data)
    USBD_LangIDDesc                          0x20000150   Data           4  usbd_desc.o(.data)
    USBD_StringSerial                        0x20000154   Data          26  usbd_desc.o(.data)
    USBD_Interface_fops_FS                   0x20000170   Data          16  usbd_cdc_if.o(.data)
    uwTick                                   0x20000180   Data           4  stm32f1xx_hal.o(.data)
    uwTickPrio                               0x20000184   Data           4  stm32f1xx_hal.o(.data)
    uwTickFreq                               0x20000188   Data           1  stm32f1xx_hal.o(.data)
    SystemCoreClock                          0x2000018c   Data           4  system_stm32f1xx.o(.data)
    USBD_CDC                                 0x200001a0   Data          56  usbd_cdc.o(.data)
    USBD_CDC_CfgHSDesc                       0x200001d8   Data          67  usbd_cdc.o(.data)
    USBD_CDC_CfgFSDesc                       0x2000021c   Data          67  usbd_cdc.o(.data)
    USBD_CDC_OtherSpeedCfgDesc               0x20000260   Data          67  usbd_cdc.o(.data)
    hx711Value                               0x200002a4   Data          12  main.o(.bss)
    offset                                   0x200002b0   Data          12  main.o(.bss)
    adcTotal                                 0x200002bc   Data          12  main.o(.bss)
    timeInterv                               0x200002c8   Data          40  main.o(.bss)
    bufUsb                                   0x200002f0   Data          20  main.o(.bss)
    bufUsbStatus                             0x20000304   Data          20  main.o(.bss)
    numberStr                                0x20000318   Data          10  main.o(.bss)
    hadc1                                    0x20000324   Data          48  adc.o(.bss)
    hi2c1                                    0x20000354   Data          84  i2c.o(.bss)
    htim1                                    0x200003a8   Data          72  tim.o(.bss)
    hUsbDeviceFS                             0x200003f0   Data         708  usb_device.o(.bss)
    USBD_StrDesc                             0x200006b4   Data         512  usbd_desc.o(.bss)
    UserRxBufferFS                           0x200008b4   Data        1000  usbd_cdc_if.o(.bss)
    UserTxBufferFS                           0x20000c9c   Data        1000  usbd_cdc_if.o(.bss)
    hpcd_USB_FS                              0x20001084   Data         748  usbd_conf.o(.bss)
    __libspace_start                         0x20001590   Data          96  libspace.o(.bss)
    __temporary_stack_top$libspace           0x200015f0   Data           0  libspace.o(.bss)



==============================================================================

Memory Map of the image

  Image Entry point : 0x080000ed

  Load Region LR_IROM1 (Base: 0x08000000, Size: 0x0000e664, Max: 0x00010000, ABSOLUTE, COMPRESSED[0x0000e49c])

    Execution Region ER_IROM1 (Exec base: 0x08000000, Load base: 0x08000000, Size: 0x0000e3c0, Max: 0x00010000, ABSOLUTE)

    Exec Addr    Load Addr    Size         Type   Attr      Idx    E Section Name        Object

    0x08000000   0x08000000   0x000000ec   Data   RO            3    RESET               startup_stm32f103xb.o
    0x080000ec   0x080000ec   0x00000008   Code   RO         5067  * !!!main             c_w.l(__main.o)
    0x080000f4   0x080000f4   0x00000034   Code   RO         5427    !!!scatter          c_w.l(__scatter.o)
    0x08000128   0x08000128   0x0000005a   Code   RO         5425    !!dczerorl2         c_w.l(__dczerorl2.o)
    0x08000182   0x08000182   0x00000002   PAD
    0x08000184   0x08000184   0x0000001c   Code   RO         5429    !!handler_zi        c_w.l(__scatter_zi.o)
    0x080001a0   0x080001a0   0x00000000   Code   RO         5058    .ARM.Collect$$_printf_percent$$00000000  c_w.l(_printf_percent.o)
    0x080001a0   0x080001a0   0x00000006   Code   RO         5057    .ARM.Collect$$_printf_percent$$00000003  c_w.l(_printf_f.o)
    0x080001a6   0x080001a6   0x00000006   Code   RO         5056    .ARM.Collect$$_printf_percent$$00000009  c_w.l(_printf_d.o)
    0x080001ac   0x080001ac   0x00000004   Code   RO         5168    .ARM.Collect$$_printf_percent$$00000017  c_w.l(_printf_percent_end.o)
    0x080001b0   0x080001b0   0x00000002   Code   RO         5294    .ARM.Collect$$libinit$$00000000  c_w.l(libinit.o)
    0x080001b2   0x080001b2   0x00000000   Code   RO         5296    .ARM.Collect$$libinit$$00000002  c_w.l(libinit2.o)
    0x080001b2   0x080001b2   0x00000000   Code   RO         5298    .ARM.Collect$$libinit$$00000004  c_w.l(libinit2.o)
    0x080001b2   0x080001b2   0x00000000   Code   RO         5301    .ARM.Collect$$libinit$$0000000A  c_w.l(libinit2.o)
    0x080001b2   0x080001b2   0x00000000   Code   RO         5303    .ARM.Collect$$libinit$$0000000C  c_w.l(libinit2.o)
    0x080001b2   0x080001b2   0x00000000   Code   RO         5305    .ARM.Collect$$libinit$$0000000E  c_w.l(libinit2.o)
    0x080001b2   0x080001b2   0x00000006   Code   RO         5306    .ARM.Collect$$libinit$$0000000F  c_w.l(libinit2.o)
    0x080001b8   0x080001b8   0x00000000   Code   RO         5308    .ARM.Collect$$libinit$$00000011  c_w.l(libinit2.o)
    0x080001b8   0x080001b8   0x00000000   Code   RO         5310    .ARM.Collect$$libinit$$00000013  c_w.l(libinit2.o)
    0x080001b8   0x080001b8   0x00000000   Code   RO         5312    .ARM.Collect$$libinit$$00000015  c_w.l(libinit2.o)
    0x080001b8   0x080001b8   0x0000000a   Code   RO         5313    .ARM.Collect$$libinit$$00000016  c_w.l(libinit2.o)
    0x080001c2   0x080001c2   0x00000000   Code   RO         5314    .ARM.Collect$$libinit$$00000017  c_w.l(libinit2.o)
    0x080001c2   0x080001c2   0x00000000   Code   RO         5316    .ARM.Collect$$libinit$$00000019  c_w.l(libinit2.o)
    0x080001c2   0x080001c2   0x00000000   Code   RO         5318    .ARM.Collect$$libinit$$0000001B  c_w.l(libinit2.o)
    0x080001c2   0x080001c2   0x00000000   Code   RO         5320    .ARM.Collect$$libinit$$0000001D  c_w.l(libinit2.o)
    0x080001c2   0x080001c2   0x00000000   Code   RO         5322    .ARM.Collect$$libinit$$0000001F  c_w.l(libinit2.o)
    0x080001c2   0x080001c2   0x00000000   Code   RO         5324    .ARM.Collect$$libinit$$00000021  c_w.l(libinit2.o)
    0x080001c2   0x080001c2   0x00000000   Code   RO         5326    .ARM.Collect$$libinit$$00000023  c_w.l(libinit2.o)
    0x080001c2   0x080001c2   0x00000000   Code   RO         5328    .ARM.Collect$$libinit$$00000025  c_w.l(libinit2.o)
    0x080001c2   0x080001c2   0x00000000   Code   RO         5332    .ARM.Collect$$libinit$$0000002C  c_w.l(libinit2.o)
    0x080001c2   0x080001c2   0x00000000   Code   RO         5334    .ARM.Collect$$libinit$$0000002E  c_w.l(libinit2.o)
    0x080001c2   0x080001c2   0x00000000   Code   RO         5336    .ARM.Collect$$libinit$$00000030  c_w.l(libinit2.o)
    0x080001c2   0x080001c2   0x00000000   Code   RO         5338    .ARM.Collect$$libinit$$00000032  c_w.l(libinit2.o)
    0x080001c2   0x080001c2   0x00000002   Code   RO         5339    .ARM.Collect$$libinit$$00000033  c_w.l(libinit2.o)
    0x080001c4   0x080001c4   0x00000002   Code   RO         5373    .ARM.Collect$$libshutdown$$00000000  c_w.l(libshutdown.o)
    0x080001c6   0x080001c6   0x00000000   Code   RO         5384    .ARM.Collect$$libshutdown$$00000002  c_w.l(libshutdown2.o)
    0x080001c6   0x080001c6   0x00000000   Code   RO         5386    .ARM.Collect$$libshutdown$$00000004  c_w.l(libshutdown2.o)
    0x080001c6   0x080001c6   0x00000000   Code   RO         5389    .ARM.Collect$$libshutdown$$00000007  c_w.l(libshutdown2.o)
    0x080001c6   0x080001c6   0x00000000   Code   RO         5392    .ARM.Collect$$libshutdown$$0000000A  c_w.l(libshutdown2.o)
    0x080001c6   0x080001c6   0x00000000   Code   RO         5394    .ARM.Collect$$libshutdown$$0000000C  c_w.l(libshutdown2.o)
    0x080001c6   0x080001c6   0x00000000   Code   RO         5397    .ARM.Collect$$libshutdown$$0000000F  c_w.l(libshutdown2.o)
    0x080001c6   0x080001c6   0x00000002   Code   RO         5398    .ARM.Collect$$libshutdown$$00000010  c_w.l(libshutdown2.o)
    0x080001c8   0x080001c8   0x00000000   Code   RO         5155    .ARM.Collect$$rtentry$$00000000  c_w.l(__rtentry.o)
    0x080001c8   0x080001c8   0x00000000   Code   RO         5216    .ARM.Collect$$rtentry$$00000002  c_w.l(__rtentry2.o)
    0x080001c8   0x080001c8   0x00000006   Code   RO         5228    .ARM.Collect$$rtentry$$00000004  c_w.l(__rtentry4.o)
    0x080001ce   0x080001ce   0x00000000   Code   RO         5218    .ARM.Collect$$rtentry$$00000009  c_w.l(__rtentry2.o)
    0x080001ce   0x080001ce   0x00000004   Code   RO         5219    .ARM.Collect$$rtentry$$0000000A  c_w.l(__rtentry2.o)
    0x080001d2   0x080001d2   0x00000000   Code   RO         5221    .ARM.Collect$$rtentry$$0000000C  c_w.l(__rtentry2.o)
    0x080001d2   0x080001d2   0x00000008   Code   RO         5222    .ARM.Collect$$rtentry$$0000000D  c_w.l(__rtentry2.o)
    0x080001da   0x080001da   0x00000002   Code   RO         5342    .ARM.Collect$$rtexit$$00000000  c_w.l(rtexit.o)
    0x080001dc   0x080001dc   0x00000000   Code   RO         5351    .ARM.Collect$$rtexit$$00000002  c_w.l(rtexit2.o)
    0x080001dc   0x080001dc   0x00000004   Code   RO         5352    .ARM.Collect$$rtexit$$00000003  c_w.l(rtexit2.o)
    0x080001e0   0x080001e0   0x00000006   Code   RO         5353    .ARM.Collect$$rtexit$$00000004  c_w.l(rtexit2.o)
    0x080001e6   0x080001e6   0x00000002   PAD
    0x080001e8   0x080001e8   0x00000040   Code   RO            4    .text               startup_stm32f103xb.o
    0x08000228   0x08000228   0x00000028   Code   RO         5028    .text               c_w.l(noretval__2sprintf.o)
    0x08000250   0x08000250   0x00000034   Code   RO         5030    .text               c_w.l(noretval__2snprintf.o)
    0x08000284   0x08000284   0x00000078   Code   RO         5034    .text               c_w.l(_printf_dec.o)
    0x080002fc   0x080002fc   0x0000010e   Code   RO         5044    .text               c_w.l(__printf_wp.o)
    0x0800040a   0x0800040a   0x0000003e   Code   RO         5059    .text               c_w.l(strlen.o)
    0x08000448   0x08000448   0x00000064   Code   RO         5061    .text               c_w.l(rt_memcpy_w.o)
    0x080004ac   0x080004ac   0x0000004e   Code   RO         5063    .text               c_w.l(rt_memclr_w.o)
    0x080004fa   0x080004fa   0x00000006   Code   RO         5065    .text               c_w.l(heapauxi.o)
    0x08000500   0x08000500   0x00000016   Code   RO         5156    .text               c_w.l(_rserrno.o)
    0x08000516   0x08000516   0x000000b2   Code   RO         5158    .text               c_w.l(_printf_intcommon.o)
    0x080005c8   0x080005c8   0x0000041e   Code   RO         5160    .text               c_w.l(_printf_fp_dec.o)
    0x080009e6   0x080009e6   0x00000002   PAD
    0x080009e8   0x080009e8   0x00000030   Code   RO         5162    .text               c_w.l(_printf_char_common.o)
    0x08000a18   0x08000a18   0x0000000a   Code   RO         5164    .text               c_w.l(_sputc.o)
    0x08000a22   0x08000a22   0x00000010   Code   RO         5166    .text               c_w.l(_snputc.o)
    0x08000a32   0x08000a32   0x00000002   PAD
    0x08000a34   0x08000a34   0x00000008   Code   RO         5233    .text               c_w.l(rt_locale_intlibspace.o)
    0x08000a3c   0x08000a3c   0x00000008   Code   RO         5238    .text               c_w.l(rt_errno_addr_intlibspace.o)
    0x08000a44   0x08000a44   0x0000008a   Code   RO         5240    .text               c_w.l(lludiv10.o)
    0x08000ace   0x08000ace   0x00000002   PAD
    0x08000ad0   0x08000ad0   0x00000080   Code   RO         5242    .text               c_w.l(_printf_fp_infnan.o)
    0x08000b50   0x08000b50   0x000000e4   Code   RO         5246    .text               c_w.l(bigflt0.o)
    0x08000c34   0x08000c34   0x00000008   Code   RO         5280    .text               c_w.l(libspace.o)
    0x08000c3c   0x08000c3c   0x0000004a   Code   RO         5283    .text               c_w.l(sys_stackheap_outer.o)
    0x08000c86   0x08000c86   0x00000012   Code   RO         5285    .text               c_w.l(exit.o)
    0x08000c98   0x08000c98   0x00000080   Code   RO         5287    .text               c_w.l(strcmpv7m.o)
    0x08000d18   0x08000d18   0x0000000c   Code   RO         5363    .text               c_w.l(sys_exit.o)
    0x08000d24   0x08000d24   0x00000002   Code   RO         5374    .text               c_w.l(use_no_semi.o)
    0x08000d26   0x08000d26   0x00000000   Code   RO         5376    .text               c_w.l(indicate_semi.o)
    0x08000d26   0x08000d26   0x0000003e   Code   RO         5249    CL$$btod_d2e        c_w.l(btod.o)
    0x08000d64   0x08000d64   0x00000046   Code   RO         5251    CL$$btod_d2e_denorm_low  c_w.l(btod.o)
    0x08000daa   0x08000daa   0x00000060   Code   RO         5250    CL$$btod_d2e_norm_op1  c_w.l(btod.o)
    0x08000e0a   0x08000e0a   0x00000338   Code   RO         5259    CL$$btod_div_common  c_w.l(btod.o)
    0x08001142   0x08001142   0x000000dc   Code   RO         5256    CL$$btod_e2e        c_w.l(btod.o)
    0x0800121e   0x0800121e   0x0000002a   Code   RO         5253    CL$$btod_ediv       c_w.l(btod.o)
    0x08001248   0x08001248   0x0000002a   Code   RO         5252    CL$$btod_emul       c_w.l(btod.o)
    0x08001272   0x08001272   0x00000244   Code   RO         5258    CL$$btod_mult_common  c_w.l(btod.o)
    0x080014b6   0x080014b6   0x0000005c   Code   RO         2856    i.ADC_ConversionStop_Disable  stm32f1xx_hal_adc.o
    0x08001512   0x08001512   0x00000002   PAD
    0x08001514   0x08001514   0x00000090   Code   RO         2860    i.ADC_Enable        stm32f1xx_hal_adc.o
    0x080015a4   0x080015a4   0x000004a8   Code   RO           13    i.BMP180_GetPress   bmp180.o
    0x08001a4c   0x08001a4c   0x00000004   Code   RO          846    i.BusFault_Handler  stm32f1xx_it.o
    0x08001a50   0x08001a50   0x00000044   Code   RO         1097    i.CDC_Control_FS    usbd_cdc_if.o
    0x08001a94   0x08001a94   0x00000004   Code   RO         1098    i.CDC_DeInit_FS     usbd_cdc_if.o
    0x08001a98   0x08001a98   0x00000024   Code   RO         1099    i.CDC_Init_FS       usbd_cdc_if.o
    0x08001abc   0x08001abc   0x0000001c   Code   RO         1100    i.CDC_Receive_FS    usbd_cdc_if.o
    0x08001ad8   0x08001ad8   0x00000038   Code   RO         1101    i.CDC_Transmit_FS   usbd_cdc_if.o
    0x08001b10   0x08001b10   0x00000002   Code   RO          847    i.DebugMon_Handler  stm32f1xx_it.o
    0x08001b12   0x08001b12   0x00000002   PAD
    0x08001b14   0x08001b14   0x00000030   Code   RO          172    i.DelayMicro        ds18b20.o
    0x08001b44   0x08001b44   0x0000000a   Code   RO          848    i.EXTI0_IRQHandler  stm32f1xx_it.o
    0x08001b4e   0x08001b4e   0x0000000c   Code   RO          849    i.EXTI15_10_IRQHandler  stm32f1xx_it.o
    0x08001b5a   0x08001b5a   0x0000000a   Code   RO          850    i.EXTI1_IRQHandler  stm32f1xx_it.o
    0x08001b64   0x08001b64   0x0000000a   Code   RO          851    i.EXTI9_5_IRQHandler  stm32f1xx_it.o
    0x08001b6e   0x08001b6e   0x00000006   Code   RO          291    i.Error_Handler     main.o
    0x08001b74   0x08001b74   0x00000080   Code   RO          292    i.GAZ               main.o
    0x08001bf4   0x08001bf4   0x00000034   Code   RO         1007    i.Get_SerialNum     usbd_desc.o
    0x08001c28   0x08001c28   0x0000009c   Code   RO           14    i.Get_UPress        bmp180.o
    0x08001cc4   0x08001cc4   0x00000118   Code   RO         3036    i.HAL_ADCEx_Calibration_Start  stm32f1xx_hal_adc_ex.o
    0x08001ddc   0x08001ddc   0x00000160   Code   RO         2862    i.HAL_ADC_ConfigChannel  stm32f1xx_hal_adc.o
    0x08001f3c   0x08001f3c   0x00000008   Code   RO         2869    i.HAL_ADC_GetValue  stm32f1xx_hal_adc.o
    0x08001f44   0x08001f44   0x00000144   Code   RO         2871    i.HAL_ADC_Init      stm32f1xx_hal_adc.o
    0x08002088   0x08002088   0x00000070   Code   RO          715    i.HAL_ADC_MspInit   adc.o
    0x080020f8   0x080020f8   0x00000180   Code   RO         2875    i.HAL_ADC_PollForConversion  stm32f1xx_hal_adc.o
    0x08002278   0x08002278   0x00000130   Code   RO         2877    i.HAL_ADC_Start     stm32f1xx_hal_adc.o
    0x080023a8   0x080023a8   0x00000028   Code   RO         1857    i.HAL_Delay         stm32f1xx_hal.o
    0x080023d0   0x080023d0   0x00000134   Code   RO         2167    i.HAL_GPIO_DeInit   stm32f1xx_hal_gpio.o
    0x08002504   0x08002504   0x00000124   Code   RO          293    i.HAL_GPIO_EXTI_Callback  main.o
    0x08002628   0x08002628   0x0000001c   Code   RO         2169    i.HAL_GPIO_EXTI_IRQHandler  stm32f1xx_hal_gpio.o
    0x08002644   0x08002644   0x00000320   Code   RO         2170    i.HAL_GPIO_Init     stm32f1xx_hal_gpio.o
    0x08002964   0x08002964   0x00000010   Code   RO         2172    i.HAL_GPIO_ReadPin  stm32f1xx_hal_gpio.o
    0x08002974   0x08002974   0x0000000c   Code   RO         2174    i.HAL_GPIO_WritePin  stm32f1xx_hal_gpio.o
    0x08002980   0x08002980   0x0000000c   Code   RO         1861    i.HAL_GetTick       stm32f1xx_hal.o
    0x0800298c   0x0800298c   0x000001d0   Code   RO         3143    i.HAL_I2C_Init      stm32f1xx_hal_i2c.o
    0x08002b5c   0x08002b5c   0x00000358   Code   RO         3149    i.HAL_I2C_Master_Receive  stm32f1xx_hal_i2c.o
    0x08002eb4   0x08002eb4   0x00000170   Code   RO         3156    i.HAL_I2C_Master_Transmit  stm32f1xx_hal_i2c.o
    0x08003024   0x08003024   0x00000364   Code   RO         3161    i.HAL_I2C_Mem_Read  stm32f1xx_hal_i2c.o
    0x08003388   0x08003388   0x00000164   Code   RO         3164    i.HAL_I2C_Mem_Write  stm32f1xx_hal_i2c.o
    0x080034ec   0x080034ec   0x00000074   Code   RO          757    i.HAL_I2C_MspInit   i2c.o
    0x08003560   0x08003560   0x00000018   Code   RO         1867    i.HAL_IncTick       stm32f1xx_hal.o
    0x08003578   0x08003578   0x00000028   Code   RO         1868    i.HAL_Init          stm32f1xx_hal.o
    0x080035a0   0x080035a0   0x0000004c   Code   RO         1869    i.HAL_InitTick      stm32f1xx_hal.o
    0x080035ec   0x080035ec   0x00000054   Code   RO          952    i.HAL_MspInit       stm32f1xx_hal_msp.o
    0x08003640   0x08003640   0x00000044   Code   RO         2329    i.HAL_NVIC_DisableIRQ  stm32f1xx_hal_cortex.o
    0x08003684   0x08003684   0x00000020   Code   RO         2330    i.HAL_NVIC_EnableIRQ  stm32f1xx_hal_cortex.o
    0x080036a4   0x080036a4   0x0000007c   Code   RO         2336    i.HAL_NVIC_SetPriority  stm32f1xx_hal_cortex.o
    0x08003720   0x08003720   0x00000028   Code   RO         2337    i.HAL_NVIC_SetPriorityGrouping  stm32f1xx_hal_cortex.o
    0x08003748   0x08003748   0x00000044   Code   RO         1630    i.HAL_PCDEx_PMAConfig  stm32f1xx_hal_pcd_ex.o
    0x0800378c   0x0800378c   0x00000002   Code   RO         1149    i.HAL_PCDEx_SetConnectionState  usbd_conf.o
    0x0800378e   0x0800378e   0x00000020   Code   RO         1151    i.HAL_PCD_DataInStageCallback  usbd_conf.o
    0x080037ae   0x080037ae   0x00000020   Code   RO         1152    i.HAL_PCD_DataOutStageCallback  usbd_conf.o
    0x080037ce   0x080037ce   0x0000006a   Code   RO         1406    i.HAL_PCD_EP_Close  stm32f1xx_hal_pcd.o
    0x08003838   0x08003838   0x0000007c   Code   RO         1407    i.HAL_PCD_EP_ClrStall  stm32f1xx_hal_pcd.o
    0x080038b4   0x080038b4   0x00000158   Code   RO         1408    i.HAL_PCD_EP_DB_Receive  stm32f1xx_hal_pcd.o
    0x08003a0c   0x08003a0c   0x00000528   Code   RO         1409    i.HAL_PCD_EP_DB_Transmit  stm32f1xx_hal_pcd.o
    0x08003f34   0x08003f34   0x00000016   Code   RO         1411    i.HAL_PCD_EP_GetRxCount  stm32f1xx_hal_pcd.o
    0x08003f4a   0x08003f4a   0x0000008c   Code   RO         1412    i.HAL_PCD_EP_Open   stm32f1xx_hal_pcd.o
    0x08003fd6   0x08003fd6   0x0000004c   Code   RO         1413    i.HAL_PCD_EP_Receive  stm32f1xx_hal_pcd.o
    0x08004022   0x08004022   0x00000088   Code   RO         1414    i.HAL_PCD_EP_SetStall  stm32f1xx_hal_pcd.o
    0x080040aa   0x080040aa   0x00000056   Code   RO         1415    i.HAL_PCD_EP_Transmit  stm32f1xx_hal_pcd.o
    0x08004100   0x08004100   0x000001e2   Code   RO         1417    i.HAL_PCD_IRQHandler  stm32f1xx_hal_pcd.o
    0x080042e2   0x080042e2   0x00000158   Code   RO         1420    i.HAL_PCD_Init      stm32f1xx_hal_pcd.o
    0x0800443a   0x0800443a   0x00000002   PAD
    0x0800443c   0x0800443c   0x00000044   Code   RO         1157    i.HAL_PCD_MspInit   usbd_conf.o
    0x08004480   0x08004480   0x00000024   Code   RO         1158    i.HAL_PCD_ResetCallback  usbd_conf.o
    0x080044a4   0x080044a4   0x0000000e   Code   RO         1159    i.HAL_PCD_ResumeCallback  usbd_conf.o
    0x080044b2   0x080044b2   0x0000000e   Code   RO         1160    i.HAL_PCD_SOFCallback  usbd_conf.o
    0x080044c0   0x080044c0   0x00000036   Code   RO         1426    i.HAL_PCD_SetAddress  stm32f1xx_hal_pcd.o
    0x080044f6   0x080044f6   0x00000012   Code   RO         1161    i.HAL_PCD_SetupStageCallback  usbd_conf.o
    0x08004508   0x08004508   0x0000003c   Code   RO         1428    i.HAL_PCD_Start     stm32f1xx_hal_pcd.o
    0x08004544   0x08004544   0x00000024   Code   RO         1162    i.HAL_PCD_SuspendCallback  usbd_conf.o
    0x08004568   0x08004568   0x00000118   Code   RO         2132    i.HAL_RCCEx_GetPeriphCLKFreq  stm32f1xx_hal_rcc_ex.o
    0x08004680   0x08004680   0x00000130   Code   RO         2133    i.HAL_RCCEx_PeriphCLKConfig  stm32f1xx_hal_rcc_ex.o
    0x080047b0   0x080047b0   0x0000018c   Code   RO         2025    i.HAL_RCC_ClockConfig  stm32f1xx_hal_rcc.o
    0x0800493c   0x0800493c   0x0000000c   Code   RO         2030    i.HAL_RCC_GetHCLKFreq  stm32f1xx_hal_rcc.o
    0x08004948   0x08004948   0x00000020   Code   RO         2032    i.HAL_RCC_GetPCLK1Freq  stm32f1xx_hal_rcc.o
    0x08004968   0x08004968   0x00000020   Code   RO         2033    i.HAL_RCC_GetPCLK2Freq  stm32f1xx_hal_rcc.o
    0x08004988   0x08004988   0x00000094   Code   RO         2034    i.HAL_RCC_GetSysClockFreq  stm32f1xx_hal_rcc.o
    0x08004a1c   0x08004a1c   0x00000464   Code   RO         2037    i.HAL_RCC_OscConfig  stm32f1xx_hal_rcc.o
    0x08004e80   0x08004e80   0x00000034   Code   RO         2341    i.HAL_SYSTICK_Config  stm32f1xx_hal_cortex.o
    0x08004eb4   0x08004eb4   0x00000074   Code   RO         4324    i.HAL_TIMEx_ConfigBreakDeadTime  stm32f1xx_hal_tim_ex.o
    0x08004f28   0x08004f28   0x00000084   Code   RO         4340    i.HAL_TIMEx_MasterConfigSynchronization  stm32f1xx_hal_tim_ex.o
    0x08004fac   0x08004fac   0x00000058   Code   RO          798    i.HAL_TIM_MspPostInit  tim.o
    0x08005004   0x08005004   0x000000fc   Code   RO         3678    i.HAL_TIM_PWM_ConfigChannel  stm32f1xx_hal_tim.o
    0x08005100   0x08005100   0x00000066   Code   RO         3681    i.HAL_TIM_PWM_Init  stm32f1xx_hal_tim.o
    0x08005166   0x08005166   0x00000002   PAD
    0x08005168   0x08005168   0x00000030   Code   RO          800    i.HAL_TIM_PWM_MspInit  tim.o
    0x08005198   0x08005198   0x00000120   Code   RO         3688    i.HAL_TIM_PWM_Start_IT  stm32f1xx_hal_tim.o
    0x080052b8   0x080052b8   0x00000004   Code   RO          852    i.HardFault_Handler  stm32f1xx_it.o
    0x080052bc   0x080052bc   0x000003c4   Code   RO          294    i.Hx711Task         main.o
    0x08005680   0x08005680   0x0000003e   Code   RO         3186    i.I2C_IsAcknowledgeFailed  stm32f1xx_hal_i2c.o
    0x080056be   0x080056be   0x00000002   PAD
    0x080056c0   0x080056c0   0x00000138   Code   RO         3189    i.I2C_MasterRequestRead  stm32f1xx_hal_i2c.o
    0x080057f8   0x080057f8   0x000000c0   Code   RO         3190    i.I2C_MasterRequestWrite  stm32f1xx_hal_i2c.o
    0x080058b8   0x080058b8   0x00000160   Code   RO         3197    i.I2C_RequestMemoryRead  stm32f1xx_hal_i2c.o
    0x08005a18   0x08005a18   0x000000e0   Code   RO         3198    i.I2C_RequestMemoryWrite  stm32f1xx_hal_i2c.o
    0x08005af8   0x08005af8   0x0000005c   Code   RO         3206    i.I2C_WaitOnBTFFlagUntilTimeout  stm32f1xx_hal_i2c.o
    0x08005b54   0x08005b54   0x00000086   Code   RO         3207    i.I2C_WaitOnFlagUntilTimeout  stm32f1xx_hal_i2c.o
    0x08005bda   0x08005bda   0x000000c4   Code   RO         3208    i.I2C_WaitOnMasterAddressFlagUntilTimeout  stm32f1xx_hal_i2c.o
    0x08005c9e   0x08005c9e   0x00000080   Code   RO         3209    i.I2C_WaitOnRXNEFlagUntilTimeout  stm32f1xx_hal_i2c.o
    0x08005d1e   0x08005d1e   0x0000005c   Code   RO         3212    i.I2C_WaitOnTXEFlagUntilTimeout  stm32f1xx_hal_i2c.o
    0x08005d7a   0x08005d7a   0x00000002   PAD
    0x08005d7c   0x08005d7c   0x00000190   Code   RO          295    i.INDUCT            main.o
    0x08005f0c   0x08005f0c   0x0000003e   Code   RO         1008    i.IntToUnicode      usbd_desc.o
    0x08005f4a   0x08005f4a   0x00000002   PAD
    0x08005f4c   0x08005f4c   0x0000008c   Code   RO          716    i.MX_ADC1_Init      adc.o
    0x08005fd8   0x08005fd8   0x000001c4   Code   RO          690    i.MX_GPIO_Init      gpio.o
    0x0800619c   0x0800619c   0x0000003c   Code   RO          758    i.MX_I2C1_Init      i2c.o
    0x080061d8   0x080061d8   0x000000b0   Code   RO          801    i.MX_TIM1_Init      tim.o
    0x08006288   0x08006288   0x0000004c   Code   RO          976    i.MX_USB_DEVICE_Init  usb_device.o
    0x080062d4   0x080062d4   0x00000004   Code   RO          853    i.MemManage_Handler  stm32f1xx_it.o
    0x080062d8   0x080062d8   0x00000004   Code   RO          854    i.NMI_Handler       stm32f1xx_it.o
    0x080062dc   0x080062dc   0x000003f2   Code   RO         1432    i.PCD_EP_ISR_Handler  stm32f1xx_hal_pcd.o
    0x080066ce   0x080066ce   0x00000002   Code   RO          855    i.PendSV_Handler    stm32f1xx_it.o
    0x080066d0   0x080066d0   0x00000028   Code   RO         2038    i.RCC_Delay         stm32f1xx_hal_rcc.o
    0x080066f8   0x080066f8   0x00000002   Code   RO          856    i.SVC_Handler       stm32f1xx_it.o
    0x080066fa   0x080066fa   0x00000008   Code   RO          857    i.SysTick_Handler   stm32f1xx_it.o
    0x08006702   0x08006702   0x0000008a   Code   RO          296    i.SystemClock_Config  main.o
    0x0800678c   0x0800678c   0x00000002   Code   RO         4589    i.SystemInit        system_stm32f1xx.o
    0x0800678e   0x0800678e   0x00000026   Code   RO          297    i.TCS34725_Enable   main.o
    0x080067b4   0x080067b4   0x00000024   Code   RO          298    i.TCS34725_GetChannelData  main.o
    0x080067d8   0x080067d8   0x00000070   Code   RO          299    i.TCS34725_GetRawData  main.o
    0x08006848   0x08006848   0x00000040   Code   RO          300    i.TCS34725_Read     main.o
    0x08006888   0x08006888   0x00000012   Code   RO          301    i.TCS34725_SetGain  main.o
    0x0800689a   0x0800689a   0x00000012   Code   RO          302    i.TCS34725_SetIntegrationTime  main.o
    0x080068ac   0x080068ac   0x00000040   Code   RO          303    i.TCS34725_Setup    main.o
    0x080068ec   0x080068ec   0x0000004c   Code   RO          304    i.TCS34725_Write    main.o
    0x08006938   0x08006938   0x00000074   Code   RO         3699    i.TIM_Base_SetConfig  stm32f1xx_hal_tim.o
    0x080069ac   0x080069ac   0x00000022   Code   RO         3700    i.TIM_CCxChannelCmd  stm32f1xx_hal_tim.o
    0x080069ce   0x080069ce   0x00000002   PAD
    0x080069d0   0x080069d0   0x00000060   Code   RO         3712    i.TIM_OC1_SetConfig  stm32f1xx_hal_tim.o
    0x08006a30   0x08006a30   0x00000068   Code   RO         3713    i.TIM_OC2_SetConfig  stm32f1xx_hal_tim.o
    0x08006a98   0x08006a98   0x00000068   Code   RO         3714    i.TIM_OC3_SetConfig  stm32f1xx_hal_tim.o
    0x08006b00   0x08006b00   0x00000048   Code   RO         3715    i.TIM_OC4_SetConfig  stm32f1xx_hal_tim.o
    0x08006b48   0x08006b48   0x0000007c   Code   RO         4918    i.USBD_CDC_DataIn   usbd_cdc.o
    0x08006bc4   0x08006bc4   0x00000034   Code   RO         4919    i.USBD_CDC_DataOut  usbd_cdc.o
    0x08006bf8   0x08006bf8   0x0000004e   Code   RO         4920    i.USBD_CDC_DeInit   usbd_cdc.o
    0x08006c46   0x08006c46   0x00000032   Code   RO         4921    i.USBD_CDC_EP0_RxReady  usbd_cdc.o
    0x08006c78   0x08006c78   0x00000010   Code   RO         4922    i.USBD_CDC_GetDeviceQualifierDescriptor  usbd_cdc.o
    0x08006c88   0x08006c88   0x00000010   Code   RO         4923    i.USBD_CDC_GetFSCfgDesc  usbd_cdc.o
    0x08006c98   0x08006c98   0x00000010   Code   RO         4924    i.USBD_CDC_GetHSCfgDesc  usbd_cdc.o
    0x08006ca8   0x08006ca8   0x00000010   Code   RO         4925    i.USBD_CDC_GetOtherSpeedCfgDesc  usbd_cdc.o
    0x08006cb8   0x08006cb8   0x000000b8   Code   RO         4926    i.USBD_CDC_Init     usbd_cdc.o
    0x08006d70   0x08006d70   0x0000003a   Code   RO         4927    i.USBD_CDC_ReceivePacket  usbd_cdc.o
    0x08006daa   0x08006daa   0x0000000e   Code   RO         4928    i.USBD_CDC_RegisterInterface  usbd_cdc.o
    0x08006db8   0x08006db8   0x0000000e   Code   RO         4929    i.USBD_CDC_SetRxBuffer  usbd_cdc.o
    0x08006dc6   0x08006dc6   0x00000014   Code   RO         4930    i.USBD_CDC_SetTxBuffer  usbd_cdc.o
    0x08006dda   0x08006dda   0x000000f4   Code   RO         4931    i.USBD_CDC_Setup    usbd_cdc.o
    0x08006ece   0x08006ece   0x0000003e   Code   RO         4932    i.USBD_CDC_TransmitPacket  usbd_cdc.o
    0x08006f0c   0x08006f0c   0x00000016   Code   RO         4625    i.USBD_ClrClassConfig  usbd_core.o
    0x08006f22   0x08006f22   0x0000003e   Code   RO         4763    i.USBD_ClrFeature   usbd_ctlreq.o
    0x08006f60   0x08006f60   0x00000018   Code   RO         4858    i.USBD_CtlContinueRx  usbd_ioreq.o
    0x08006f78   0x08006f78   0x00000018   Code   RO         4859    i.USBD_CtlContinueSendData  usbd_ioreq.o
    0x08006f90   0x08006f90   0x00000018   Code   RO         4764    i.USBD_CtlError     usbd_ctlreq.o
    0x08006fa8   0x08006fa8   0x00000028   Code   RO         4860    i.USBD_CtlPrepareRx  usbd_ioreq.o
    0x08006fd0   0x08006fd0   0x0000001a   Code   RO         4861    i.USBD_CtlReceiveStatus  usbd_ioreq.o
    0x08006fea   0x08006fea   0x00000022   Code   RO         4862    i.USBD_CtlSendData  usbd_ioreq.o
    0x0800700c   0x0800700c   0x0000001a   Code   RO         4863    i.USBD_CtlSendStatus  usbd_ioreq.o
    0x08007026   0x08007026   0x00000002   PAD
    0x08007028   0x08007028   0x00000034   Code   RO         1009    i.USBD_FS_ConfigStrDescriptor  usbd_desc.o
    0x0800705c   0x0800705c   0x00000010   Code   RO         1010    i.USBD_FS_DeviceDescriptor  usbd_desc.o
    0x0800706c   0x0800706c   0x00000038   Code   RO         1011    i.USBD_FS_InterfaceStrDescriptor  usbd_desc.o
    0x080070a4   0x080070a4   0x00000010   Code   RO         1012    i.USBD_FS_LangIDStrDescriptor  usbd_desc.o
    0x080070b4   0x080070b4   0x0000002c   Code   RO         1013    i.USBD_FS_ManufacturerStrDescriptor  usbd_desc.o
    0x080070e0   0x080070e0   0x00000040   Code   RO         1014    i.USBD_FS_ProductStrDescriptor  usbd_desc.o
    0x08007120   0x08007120   0x00000018   Code   RO         1015    i.USBD_FS_SerialStrDescriptor  usbd_desc.o
    0x08007138   0x08007138   0x00000056   Code   RO         4765    i.USBD_GetConfig    usbd_ctlreq.o
    0x0800718e   0x0800718e   0x000001f4   Code   RO         4766    i.USBD_GetDescriptor  usbd_ctlreq.o
    0x08007382   0x08007382   0x00000014   Code   RO         4767    i.USBD_GetLen       usbd_ctlreq.o
    0x08007396   0x08007396   0x0000005a   Code   RO         4768    i.USBD_GetStatus    usbd_ctlreq.o
    0x080073f0   0x080073f0   0x00000052   Code   RO         4769    i.USBD_GetString    usbd_ctlreq.o
    0x08007442   0x08007442   0x0000002c   Code   RO         1163    i.USBD_Get_USB_Status  usbd_conf.o
    0x0800746e   0x0800746e   0x00000032   Code   RO         4627    i.USBD_Init         usbd_core.o
    0x080074a0   0x080074a0   0x00000026   Code   RO         1164    i.USBD_LL_ClearStallEP  usbd_conf.o
    0x080074c6   0x080074c6   0x00000026   Code   RO         1165    i.USBD_LL_CloseEP   usbd_conf.o
    0x080074ec   0x080074ec   0x00000100   Code   RO         4628    i.USBD_LL_DataInStage  usbd_core.o
    0x080075ec   0x080075ec   0x000000a6   Code   RO         4629    i.USBD_LL_DataOutStage  usbd_core.o
    0x08007692   0x08007692   0x00000012   Code   RO         1169    i.USBD_LL_GetRxDataSize  usbd_conf.o
    0x080076a4   0x080076a4   0x00000084   Code   RO         1170    i.USBD_LL_Init      usbd_conf.o
    0x08007728   0x08007728   0x00000038   Code   RO         1171    i.USBD_LL_IsStallEP  usbd_conf.o
    0x08007760   0x08007760   0x00000030   Code   RO         1172    i.USBD_LL_OpenEP    usbd_conf.o
    0x08007790   0x08007790   0x00000030   Code   RO         1173    i.USBD_LL_PrepareReceive  usbd_conf.o
    0x080077c0   0x080077c0   0x0000005c   Code   RO         4634    i.USBD_LL_Reset     usbd_core.o
    0x0800781c   0x0800781c   0x00000016   Code   RO         4635    i.USBD_LL_Resume    usbd_core.o
    0x08007832   0x08007832   0x00000022   Code   RO         4636    i.USBD_LL_SOF       usbd_core.o
    0x08007854   0x08007854   0x00000008   Code   RO         4637    i.USBD_LL_SetSpeed  usbd_core.o
    0x0800785c   0x0800785c   0x00000026   Code   RO         1174    i.USBD_LL_SetUSBAddress  usbd_conf.o
    0x08007882   0x08007882   0x0000006e   Code   RO         4638    i.USBD_LL_SetupStage  usbd_core.o
    0x080078f0   0x080078f0   0x00000026   Code   RO         1175    i.USBD_LL_StallEP   usbd_conf.o
    0x08007916   0x08007916   0x0000001e   Code   RO         1176    i.USBD_LL_Start     usbd_conf.o
    0x08007934   0x08007934   0x00000014   Code   RO         4639    i.USBD_LL_Suspend   usbd_core.o
    0x08007948   0x08007948   0x00000030   Code   RO         1178    i.USBD_LL_Transmit  usbd_conf.o
    0x08007978   0x08007978   0x00000028   Code   RO         4770    i.USBD_ParseSetupRequest  usbd_ctlreq.o
    0x080079a0   0x080079a0   0x00000010   Code   RO         4640    i.USBD_RegisterClass  usbd_core.o
    0x080079b0   0x080079b0   0x00000006   Code   RO         4641    i.USBD_RunTestMode  usbd_core.o
    0x080079b6   0x080079b6   0x0000005a   Code   RO         4771    i.USBD_SetAddress   usbd_ctlreq.o
    0x08007a10   0x08007a10   0x00000022   Code   RO         4642    i.USBD_SetClassConfig  usbd_core.o
    0x08007a32   0x08007a32   0x00000002   PAD
    0x08007a34   0x08007a34   0x000000e8   Code   RO         4772    i.USBD_SetConfig    usbd_ctlreq.o
    0x08007b1c   0x08007b1c   0x00000018   Code   RO         4773    i.USBD_SetFeature   usbd_ctlreq.o
    0x08007b34   0x08007b34   0x0000000e   Code   RO         4643    i.USBD_Start        usbd_core.o
    0x08007b42   0x08007b42   0x000000a2   Code   RO         4774    i.USBD_StdDevReq    usbd_ctlreq.o
    0x08007be4   0x08007be4   0x00000238   Code   RO         4775    i.USBD_StdEPReq     usbd_ctlreq.o
    0x08007e1c   0x08007e1c   0x0000007e   Code   RO         4776    i.USBD_StdItfReq    usbd_ctlreq.o
    0x08007e9a   0x08007e9a   0x00000002   Code   RO         1179    i.USBD_static_free  usbd_conf.o
    0x08007e9c   0x08007e9c   0x0000000c   Code   RO         1180    i.USBD_static_malloc  usbd_conf.o
    0x08007ea8   0x08007ea8   0x0000044c   Code   RO         1670    i.USB_ActivateEndpoint  stm32f1xx_ll_usb.o
    0x080082f4   0x080082f4   0x00000008   Code   RO         1673    i.USB_CoreInit      stm32f1xx_ll_usb.o
    0x080082fc   0x080082fc   0x0000027c   Code   RO         1675    i.USB_DeactivateEndpoint  stm32f1xx_ll_usb.o
    0x08008578   0x08008578   0x00000006   Code   RO         1676    i.USB_DevConnect    stm32f1xx_ll_usb.o
    0x0800857e   0x0800857e   0x00000006   Code   RO         1677    i.USB_DevDisconnect  stm32f1xx_ll_usb.o
    0x08008584   0x08008584   0x00000016   Code   RO         1678    i.USB_DevInit       stm32f1xx_ll_usb.o
    0x0800859a   0x0800859a   0x00000014   Code   RO         1679    i.USB_DisableGlobalInt  stm32f1xx_ll_usb.o
    0x080085ae   0x080085ae   0x00000006   Code   RO         1680    i.USB_EP0_OutStart  stm32f1xx_ll_usb.o
    0x080085b4   0x080085b4   0x000000da   Code   RO         1681    i.USB_EPClearStall  stm32f1xx_ll_usb.o
    0x0800868e   0x0800868e   0x0000005c   Code   RO         1682    i.USB_EPSetStall    stm32f1xx_ll_usb.o
    0x080086ea   0x080086ea   0x00000b8a   Code   RO         1683    i.USB_EPStartXfer   stm32f1xx_ll_usb.o
    0x08009274   0x08009274   0x00000012   Code   RO         1684    i.USB_EnableGlobalInt  stm32f1xx_ll_usb.o
    0x08009286   0x08009286   0x00000002   PAD
    0x08009288   0x08009288   0x00000010   Code   RO          858    i.USB_LP_CAN1_RX0_IRQHandler  stm32f1xx_it.o
    0x08009298   0x08009298   0x00000008   Code   RO         1691    i.USB_ReadInterrupts  stm32f1xx_ll_usb.o
    0x080092a0   0x080092a0   0x0000004a   Code   RO         1692    i.USB_ReadPMA       stm32f1xx_ll_usb.o
    0x080092ea   0x080092ea   0x00000006   Code   RO         1693    i.USB_SetCurrentMode  stm32f1xx_ll_usb.o
    0x080092f0   0x080092f0   0x0000000e   Code   RO         1694    i.USB_SetDevAddress  stm32f1xx_ll_usb.o
    0x080092fe   0x080092fe   0x00000042   Code   RO         1696    i.USB_WritePMA      stm32f1xx_ll_usb.o
    0x08009340   0x08009340   0x00000004   Code   RO          859    i.UsageFault_Handler  stm32f1xx_it.o
    0x08009344   0x08009344   0x00000028   Code   RO         5202    i.__ARM_fpclassify  m_ws.l(fpclassify.o)
    0x0800936c   0x0800936c   0x0000001c   Code   RO          305    i.__NVIC_ClearPendingIRQ  main.o
    0x08009388   0x08009388   0x00000010   Code   RO         2343    i.__NVIC_GetPriorityGrouping  stm32f1xx_hal_cortex.o
    0x08009398   0x08009398   0x00000028   Code   RO         2344    i.__NVIC_SetPriority  stm32f1xx_hal_cortex.o
    0x080093c0   0x080093c0   0x000000aa   Code   RO         5204    i.__kernel_poly     m_ws.l(poly.o)
    0x0800946a   0x0800946a   0x00000002   PAD
    0x0800946c   0x0800946c   0x00000010   Code   RO         5188    i.__mathlib_dbl_divzero  m_ws.l(dunder.o)
    0x0800947c   0x0800947c   0x00000004   Code   RO         5190    i.__mathlib_dbl_infnan2  m_ws.l(dunder.o)
    0x08009480   0x08009480   0x0000000c   Code   RO         5191    i.__mathlib_dbl_invalid  m_ws.l(dunder.o)
    0x0800948c   0x0800948c   0x0000000e   Code   RO         5192    i.__mathlib_dbl_overflow  m_ws.l(dunder.o)
    0x0800949a   0x0800949a   0x00000002   PAD
    0x0800949c   0x0800949c   0x00000010   Code   RO         5194    i.__mathlib_dbl_underflow  m_ws.l(dunder.o)
    0x080094ac   0x080094ac   0x0000000e   Code   RO         5046    i._is_digit         c_w.l(__printf_wp.o)
    0x080094ba   0x080094ba   0x00000002   PAD
    0x080094bc   0x080094bc   0x0000005c   Code   RO          306    i.adcAverage        main.o
    0x08009518   0x08009518   0x00000034   Code   RO          307    i.adcSeq            main.o
    0x0800954c   0x0800954c   0x00000040   Code   RO          308    i.adcSum            main.o
    0x0800958c   0x0800958c   0x00000020   Code   RO          309    i.averageAdc_for_N_msec  main.o
    0x080095ac   0x080095ac   0x00000064   Code   RO          310    i.calculateLux      main.o
    0x08009610   0x08009610   0x00000034   Code   RO          311    i.clearEXTIs        main.o
    0x08009644   0x08009644   0x0000007c   Code   RO          312    i.dacWrite          main.o
    0x080096c0   0x080096c0   0x00000028   Code   RO          313    i.delayUs           main.o
    0x080096e8   0x080096e8   0x0000001c   Code   RO          314    i.disableEXTIs      main.o
    0x08009704   0x08009704   0x0000019c   Code   RO          315    i.displayFloat      main.o
    0x080098a0   0x080098a0   0x00000032   Code   RO          173    i.ds18b20_Convert   ds18b20.o
    0x080098d2   0x080098d2   0x00000010   Code   RO          174    i.ds18b20_GetSign   ds18b20.o
    0x080098e2   0x080098e2   0x0000001a   Code   RO          175    i.ds18b20_MeasureTemperCmd  ds18b20.o
    0x080098fc   0x080098fc   0x00000040   Code   RO          176    i.ds18b20_ReadBit   ds18b20.o
    0x0800993c   0x0800993c   0x0000001e   Code   RO          177    i.ds18b20_ReadByte  ds18b20.o
    0x0800995a   0x0800995a   0x00000032   Code   RO          178    i.ds18b20_ReadStratcpad  ds18b20.o
    0x0800998c   0x0800998c   0x00000048   Code   RO          179    i.ds18b20_Reset     ds18b20.o
    0x080099d4   0x080099d4   0x00000040   Code   RO          180    i.ds18b20_WriteBit  ds18b20.o
    0x08009a14   0x08009a14   0x00000024   Code   RO          181    i.ds18b20_WriteByte  ds18b20.o
    0x08009a38   0x08009a38   0x00000032   Code   RO          182    i.ds18b20_init      ds18b20.o
    0x08009a6a   0x08009a6a   0x00000002   PAD
    0x08009a6c   0x08009a6c   0x00000028   Code   RO          317    i.dwt_init          main.o
    0x08009a94   0x08009a94   0x0000008c   Code   RO          318    i.enableExtis       main.o
    0x08009b20   0x08009b20   0x00000098   Code   RO          319    i.getAHT20          main.o
    0x08009bb8   0x08009bb8   0x0000004c   Code   RO          321    i.getDS18B20        main.o
    0x08009c04   0x08009c04   0x00000088   Code   RO          322    i.getModuleId       main.o
    0x08009c8c   0x08009c8c   0x00000020   Code   RO          323    i.getNitratSensor   main.o
    0x08009cac   0x08009cac   0x00000078   Code   RO          264    i.getRadSens        radsens.o
    0x08009d24   0x08009d24   0x0000022c   Code   RO          325    i.getResistance     main.o
    0x08009f50   0x08009f50   0x00000084   Code   RO          327    i.getUVIndex        main.o
    0x08009fd4   0x08009fd4   0x000000b8   Code   RO          328    i.getValueHX711     main.o
    0x0800a08c   0x0800a08c   0x00000028   Code   RO          329    i.getVoltage        main.o
    0x0800a0b4   0x0800a0b4   0x000004f0   Code   RO          330    i.getVoltageCurrent  main.o
    0x0800a5a4   0x0800a5a4   0x0000002c   Code   RO          332    i.get_TCS34725      main.o
    0x0800a5d0   0x0800a5d0   0x00000060   Code   RO          334    i.hx711Average      main.o
    0x0800a630   0x0800a630   0x00000028   Code   RO          335    i.hx711clkPulse     main.o
    0x0800a658   0x0800a658   0x00000210   Code   RO          336    i.lcMeterTask       main.o
    0x0800a868   0x0800a868   0x00000710   Code   RO          338    i.main              main.o
    0x0800af78   0x0800af78   0x00000038   Code   RO          183    i.port_init         ds18b20.o
    0x0800afb0   0x0800afb0   0x000009d8   Code   RO         5144    i.pow               m_ws.l(pow.o)
    0x0800b988   0x0800b988   0x00000588   Code   RO          339    i.pres_task         main.o
    0x0800bf10   0x0800bf10   0x0000011c   Code   RO           15    i.read_calliberation_data  bmp180.o
    0x0800c02c   0x0800c02c   0x00000094   Code   RO         5153    i.round             m_ws.l(round.o)
    0x0800c0c0   0x0800c0c0   0x00000060   Code   RO          341    i.sendByteSPI       main.o
    0x0800c120   0x0800c120   0x000004e4   Code   RO          342    i.spirograph        main.o
    0x0800c604   0x0800c604   0x0000004c   Code   RO         5208    i.sqrt              m_ws.l(sqrt.o)
    0x0800c650   0x0800c650   0x00000298   Code   RO          343    i.timerTask         main.o
    0x0800c8e8   0x0800c8e8   0x00000060   Code   RO          344    i.waiting_animation  main.o
    0x0800c948   0x0800c948   0x000003f0   Code   RO          345    i.weightTask        main.o
    0x0800cd38   0x0800cd38   0x0000002c   Code   RO         5272    locale$$code        c_w.l(lc_numeric_c.o)
    0x0800cd64   0x0800cd64   0x00000062   Code   RO         5069    x$fpl$d2f           fz_ws.l(d2f.o)
    0x0800cdc6   0x0800cdc6   0x00000002   PAD
    0x0800cdc8   0x0800cdc8   0x00000150   Code   RO         5071    x$fpl$dadd          fz_ws.l(daddsub_clz.o)
    0x0800cf18   0x0800cf18   0x00000010   Code   RO         5274    x$fpl$dcheck1       fz_ws.l(dcheck1.o)
    0x0800cf28   0x0800cf28   0x00000018   Code   RO         5169    x$fpl$dcmpinf       fz_ws.l(dcmpi.o)
    0x0800cf40   0x0800cf40   0x000002b0   Code   RO         5078    x$fpl$ddiv          fz_ws.l(ddiv.o)
    0x0800d1f0   0x0800d1f0   0x0000005e   Code   RO         5081    x$fpl$dfix          fz_ws.l(dfix.o)
    0x0800d24e   0x0800d24e   0x00000002   PAD
    0x0800d250   0x0800d250   0x0000005a   Code   RO         5085    x$fpl$dfixu         fz_ws.l(dfixu.o)
    0x0800d2aa   0x0800d2aa   0x0000002e   Code   RO         5090    x$fpl$dflt          fz_ws.l(dflt_clz.o)
    0x0800d2d8   0x0800d2d8   0x00000026   Code   RO         5089    x$fpl$dfltu         fz_ws.l(dflt_clz.o)
    0x0800d2fe   0x0800d2fe   0x00000002   PAD
    0x0800d300   0x0800d300   0x00000078   Code   RO         5095    x$fpl$dleqf         fz_ws.l(dleqf.o)
    0x0800d378   0x0800d378   0x00000154   Code   RO         5097    x$fpl$dmul          fz_ws.l(dmul.o)
    0x0800d4cc   0x0800d4cc   0x0000009c   Code   RO         5173    x$fpl$dnaninf       fz_ws.l(dnaninf.o)
    0x0800d568   0x0800d568   0x0000000c   Code   RO         5175    x$fpl$dretinf       fz_ws.l(dretinf.o)
    0x0800d574   0x0800d574   0x0000006c   Code   RO         5099    x$fpl$drleqf        fz_ws.l(drleqf.o)
    0x0800d5e0   0x0800d5e0   0x000000b4   Code   RO         5177    x$fpl$drnd          fz_ws.l(drnd.o)
    0x0800d694   0x0800d694   0x00000016   Code   RO         5072    x$fpl$drsb          fz_ws.l(daddsub_clz.o)
    0x0800d6aa   0x0800d6aa   0x00000002   PAD
    0x0800d6ac   0x0800d6ac   0x000001cc   Code   RO         5276    x$fpl$dsqrt         fz_ws.l(dsqrt_noumaal.o)
    0x0800d878   0x0800d878   0x000001d4   Code   RO         5073    x$fpl$dsub          fz_ws.l(daddsub_clz.o)
    0x0800da4c   0x0800da4c   0x00000056   Code   RO         5101    x$fpl$f2d           fz_ws.l(f2d.o)
    0x0800daa2   0x0800daa2   0x00000002   PAD
    0x0800daa4   0x0800daa4   0x000000c4   Code   RO         5103    x$fpl$fadd          fz_ws.l(faddsub_clz.o)
    0x0800db68   0x0800db68   0x00000018   Code   RO         5179    x$fpl$fcmpinf       fz_ws.l(fcmpi.o)
    0x0800db80   0x0800db80   0x00000184   Code   RO         5110    x$fpl$fdiv          fz_ws.l(fdiv.o)
    0x0800dd04   0x0800dd04   0x00000068   Code   RO         5113    x$fpl$feqf          fz_ws.l(feqf.o)
    0x0800dd6c   0x0800dd6c   0x0000003e   Code   RO         5115    x$fpl$ffixu         fz_ws.l(ffixu.o)
    0x0800ddaa   0x0800ddaa   0x00000002   PAD
    0x0800ddac   0x0800ddac   0x00000030   Code   RO         5120    x$fpl$fflt          fz_ws.l(fflt_clz.o)
    0x0800dddc   0x0800dddc   0x00000026   Code   RO         5119    x$fpl$ffltu         fz_ws.l(fflt_clz.o)
    0x0800de02   0x0800de02   0x00000002   PAD
    0x0800de04   0x0800de04   0x00000068   Code   RO         5125    x$fpl$fleqf         fz_ws.l(fleqf.o)
    0x0800de6c   0x0800de6c   0x00000102   Code   RO         5127    x$fpl$fmul          fz_ws.l(fmul.o)
    0x0800df6e   0x0800df6e   0x0000008c   Code   RO         5181    x$fpl$fnaninf       fz_ws.l(fnaninf.o)
    0x0800dffa   0x0800dffa   0x0000000a   Code   RO         5183    x$fpl$fretinf       fz_ws.l(fretinf.o)
    0x0800e004   0x0800e004   0x00000062   Code   RO         5129    x$fpl$frleqf        fz_ws.l(frleqf.o)
    0x0800e066   0x0800e066   0x00000002   PAD
    0x0800e068   0x0800e068   0x000000ea   Code   RO         5105    x$fpl$fsub          fz_ws.l(faddsub_clz.o)
    0x0800e152   0x0800e152   0x00000004   Code   RO         5131    x$fpl$printf1       fz_ws.l(printf1.o)
    0x0800e156   0x0800e156   0x00000064   Code   RO         5340    x$fpl$retnan        fz_ws.l(retnan.o)
    0x0800e1ba   0x0800e1ba   0x0000005c   Code   RO         5185    x$fpl$scalbn        fz_ws.l(scalbn.o)
    0x0800e216   0x0800e216   0x00000030   Code   RO         5348    x$fpl$trapveneer    fz_ws.l(trapv.o)
    0x0800e246   0x0800e246   0x00000000   Code   RO         5187    x$fpl$usenofp       fz_ws.l(usenofp.o)
    0x0800e246   0x0800e246   0x00000018   Data   RO         4590    .constdata          system_stm32f1xx.o
    0x0800e25e   0x0800e25e   0x00000002   PAD
    0x0800e260   0x0800e260   0x00000088   Data   RO         5145    .constdata          m_ws.l(pow.o)
    0x0800e2e8   0x0800e2e8   0x00000008   Data   RO         5206    .constdata          m_ws.l(qnan.o)
    0x0800e2f0   0x0800e2f0   0x00000094   Data   RO         5247    .constdata          c_w.l(bigflt0.o)
    0x0800e384   0x0800e384   0x00000020   Data   RO         5423    Region$$Table       anon$$obj.o
    0x0800e3a4   0x0800e3a4   0x0000001c   Data   RO         5271    locale$$data        c_w.l(lc_numeric_c.o)


    Execution Region RW_IRAM1 (Exec base: 0x20000000, Load base: 0x0800e3c0, Size: 0x00001bf0, Max: 0x00005000, ABSOLUTE, COMPRESSED[0x000000dc])

    Exec Addr    Load Addr    Size         Type   Attr      Idx    E Section Name        Object

    0x20000000   COMPRESSED   0x0000004c   Data   RW           16    .data               bmp180.o
    0x2000004c   COMPRESSED   0x000000d4   Data   RW          347    .data               main.o
    0x20000120   COMPRESSED   0x0000004e   Data   RW         1017    .data               usbd_desc.o
    0x2000016e   COMPRESSED   0x00000002   PAD
    0x20000170   COMPRESSED   0x00000010   Data   RW         1103    .data               usbd_cdc_if.o
    0x20000180   COMPRESSED   0x00000009   Data   RW         1875    .data               stm32f1xx_hal.o
    0x20000189   COMPRESSED   0x00000003   PAD
    0x2000018c   COMPRESSED   0x00000004   Data   RW         4591    .data               system_stm32f1xx.o
    0x20000190   COMPRESSED   0x00000001   Data   RW         4777    .data               usbd_ctlreq.o
    0x20000191   COMPRESSED   0x00000003   PAD
    0x20000194   COMPRESSED   0x0000010f   Data   RW         4933    .data               usbd_cdc.o
    0x200002a3   COMPRESSED   0x00000001   PAD
    0x200002a4        -       0x0000007e   Zero   RW          346    .bss                main.o
    0x20000322   COMPRESSED   0x00000002   PAD
    0x20000324        -       0x00000030   Zero   RW          717    .bss                adc.o
    0x20000354        -       0x00000054   Zero   RW          759    .bss                i2c.o
    0x200003a8        -       0x00000048   Zero   RW          802    .bss                tim.o
    0x200003f0        -       0x000002c4   Zero   RW          977    .bss                usb_device.o
    0x200006b4        -       0x00000200   Zero   RW         1016    .bss                usbd_desc.o
    0x200008b4        -       0x000007d0   Zero   RW         1102    .bss                usbd_cdc_if.o
    0x20001084        -       0x0000050c   Zero   RW         1181    .bss                usbd_conf.o
    0x20001590        -       0x00000060   Zero   RW         5281    .bss                c_w.l(libspace.o)
    0x200015f0        -       0x00000200   Zero   RW            2    HEAP                startup_stm32f103xb.o
    0x200017f0        -       0x00000400   Zero   RW            1    STACK               startup_stm32f103xb.o


==============================================================================

Image component sizes


      Code (inc. data)   RO Data    RW Data    ZI Data      Debug   Object Name

       252         24          0          0         48       1913   adc.o
      1632        176          0         76          0     462380   bmp180.o
       562         30          0          0          0       7474   ds18b20.o
       452         22          0          0          0       1239   gpio.o
       176         24          0          0         84       1817   i2c.o
     13178       1426          0        212        126      68649   main.o
       120         10          0          0          0        709   radsens.o
        64         26        236          0       1536        848   startup_stm32f103xb.o
       192         36          0          9          0       6309   stm32f1xx_hal.o
      1608         62          0          0          0       6800   stm32f1xx_hal_adc.o
       280          4          0          0          0       1566   stm32f1xx_hal_adc_ex.o
       372         28          0          0          0      30545   stm32f1xx_hal_cortex.o
      1164         64          0          0          0       5168   stm32f1xx_hal_gpio.o
      4696         86          0          0          0      16741   stm32f1xx_hal_i2c.o
        84          8          0          0          0        998   stm32f1xx_hal_msp.o
      4304          0          0          0          0      15349   stm32f1xx_hal_pcd.o
        68          0          0          0          0       1278   stm32f1xx_hal_pcd_ex.o
      1784        110          0          0          0       6432   stm32f1xx_hal_rcc.o
       584         46          0          0          0       2565   stm32f1xx_hal_rcc_ex.o
      1168         46          0          0          0       7531   stm32f1xx_hal_tim.o
       248         14          0          0          0       2252   stm32f1xx_hal_tim_ex.o
        92          6          0          0          0       6997   stm32f1xx_it.o
      5254          0          0          0          0      20467   stm32f1xx_ll_usb.o
         2          0         24          4          0       1275   system_stm32f1xx.o
       312         30          0          0         72       2579   tim.o
        76         16          0          0        708        868   usb_device.o
       964         24          0        271          0      13958   usbd_cdc.o
       192         22          0         16       2000       3856   usbd_cdc_if.o
       842         30          0          0       1292      16149   usbd_conf.o
       850          0          0          0          0      10703   usbd_core.o
      2106         28          0          1          0      11452   usbd_ctlreq.o
       386        122          0         78        512       7177   usbd_desc.o
       174          0          0          0          0       4900   usbd_ioreq.o

    ----------------------------------------------------------------------
     44262       2520        294        676       6380     748944   Object Totals
         0          0         32          0          0          0   (incl. Generated)
        24          0          2          9          2          0   (incl. Padding)

    ----------------------------------------------------------------------

      Code (inc. data)   RO Data    RW Data    ZI Data      Debug   Library Member Name

        90          0          0          0          0          0   __dczerorl2.o
         8          0          0          0          0         68   __main.o
       284          0          0          0          0        156   __printf_wp.o
         0          0          0          0          0          0   __rtentry.o
        12          0          0          0          0          0   __rtentry2.o
         6          0          0          0          0          0   __rtentry4.o
        52          8          0          0          0          0   __scatter.o
        28          0          0          0          0          0   __scatter_zi.o
        48          6          0          0          0         96   _printf_char_common.o
         6          0          0          0          0          0   _printf_d.o
       120         16          0          0          0         92   _printf_dec.o
         6          0          0          0          0          0   _printf_f.o
      1054          0          0          0          0        216   _printf_fp_dec.o
       128         16          0          0          0         84   _printf_fp_infnan.o
       178          0          0          0          0         88   _printf_intcommon.o
         0          0          0          0          0          0   _printf_percent.o
         4          0          0          0          0          0   _printf_percent_end.o
        22          0          0          0          0        100   _rserrno.o
        16          0          0          0          0         68   _snputc.o
        10          0          0          0          0         68   _sputc.o
       228          4        148          0          0         96   bigflt0.o
      1936        128          0          0          0        672   btod.o
        18          0          0          0          0         80   exit.o
         6          0          0          0          0        152   heapauxi.o
         0          0          0          0          0          0   indicate_semi.o
        44         10         28          0          0         76   lc_numeric_c.o
         2          0          0          0          0          0   libinit.o
        18          0          0          0          0          0   libinit2.o
         2          0          0          0          0          0   libshutdown.o
         2          0          0          0          0          0   libshutdown2.o
         8          4          0          0         96         68   libspace.o
       138          0          0          0          0         80   lludiv10.o
        52          4          0          0          0         84   noretval__2snprintf.o
        40          6          0          0          0         84   noretval__2sprintf.o
         8          4          0          0          0         68   rt_errno_addr_intlibspace.o
         8          4          0          0          0         68   rt_locale_intlibspace.o
        78          0          0          0          0         80   rt_memclr_w.o
       100          0          0          0          0         80   rt_memcpy_w.o
         2          0          0          0          0          0   rtexit.o
        10          0          0          0          0          0   rtexit2.o
       128          0          0          0          0         68   strcmpv7m.o
        62          0          0          0          0         76   strlen.o
        12          4          0          0          0         68   sys_exit.o
        74          0          0          0          0         80   sys_stackheap_outer.o
         2          0          0          0          0         68   use_no_semi.o
        98          4          0          0          0         92   d2f.o
       826         16          0          0          0        348   daddsub_clz.o
        16          4          0          0          0         68   dcheck1.o
        24          0          0          0          0         68   dcmpi.o
       688        140          0          0          0        208   ddiv.o
        94          4          0          0          0         92   dfix.o
        90          4          0          0          0         92   dfixu.o
        84          0          0          0          0        136   dflt_clz.o
       120          4          0          0          0         92   dleqf.o
       340         12          0          0          0        104   dmul.o
       156          4          0          0          0         92   dnaninf.o
        12          0          0          0          0         68   dretinf.o
       108          0          0          0          0         80   drleqf.o
       180          4          0          0          0         80   drnd.o
       460         56          0          0          0        120   dsqrt_noumaal.o
        86          4          0          0          0         84   f2d.o
       430          8          0          0          0        168   faddsub_clz.o
        24          0          0          0          0         68   fcmpi.o
       388         76          0          0          0         96   fdiv.o
       104          4          0          0          0         84   feqf.o
        62          4          0          0          0         84   ffixu.o
        86          0          0          0          0        136   fflt_clz.o
       104          4          0          0          0         84   fleqf.o
       258          4          0          0          0         84   fmul.o
       140          4          0          0          0         84   fnaninf.o
        10          0          0          0          0         68   fretinf.o
        98          0          0          0          0         68   frleqf.o
         4          0          0          0          0         68   printf1.o
       100          0          0          0          0         68   retnan.o
        92          0          0          0          0         68   scalbn.o
        48          0          0          0          0         68   trapv.o
         0          0          0          0          0          0   usenofp.o
        62         10          0          0          0        340   dunder.o
        40          0          0          0          0         68   fpclassify.o
       170          0          0          0          0         96   poly.o
      2520        190        136          0          0        324   pow.o
         0          0          8          0          0          0   qnan.o
       148         12          0          0          0         88   round.o
        76          0          0          0          0         84   sqrt.o

    ----------------------------------------------------------------------
     13428        786        320          0         96       7204   Library Totals
        32          0          0          0          0          0   (incl. Padding)

    ----------------------------------------------------------------------

      Code (inc. data)   RO Data    RW Data    ZI Data      Debug   Library Name

      5050        214        176          0         96       3084   c_w.l
      5330        360          0          0          0       3120   fz_ws.l
      3016        212        144          0          0       1000   m_ws.l

    ----------------------------------------------------------------------
     13428        786        320          0         96       7204   Library Totals

    ----------------------------------------------------------------------

==============================================================================


      Code (inc. data)   RO Data    RW Data    ZI Data      Debug   

     57690       3306        614        676       6476     738516   Grand Totals
     57690       3306        614        220       6476     738516   ELF Image Totals (compressed)
     57690       3306        614        220          0          0   ROM Totals

==============================================================================

    Total RO  Size (Code + RO Data)                58304 (  56.94kB)
    Total RW  Size (RW Data + ZI Data)              7152 (   6.98kB)
    Total ROM Size (Code + RO Data + RW Data)      58524 (  57.15kB)

==============================================================================

